******************************************************************************
            TI ARM Clang Linker PC v4.0.3                      
******************************************************************************
>> Linked Wed Jul 30 16:22:23 2025

OUTPUT FILE NAME:   <2025X.out>
ENTRY POINT SYMBOL: "_c_int00_noargs"  address: 00005239


MEMORY CONFIGURATION

         name            origin    length      used     unused   attr    fill
----------------------  --------  ---------  --------  --------  ----  --------
  FLASH                 00000000   00020000  00005ee8  0001a118  R  X
  SRAM                  20200000   00008000  00000566  00007a9a  RW X
  BCR_CONFIG            41c00000   000000ff  00000000  000000ff  R   
  BSL_CONFIG            41c00100   00000080  00000000  00000080  R   


SEGMENT ALLOCATION MAP

run origin  load origin   length   init length attrs members
----------  ----------- ---------- ----------- ----- -------
00000000    00000000    00005ee8   00005ee8    r-x
  00000000    00000000    000000c0   000000c0    r-- .intvecs
  000000c0    000000c0    00005b30   00005b30    r-x .text
  00005bf0    00005bf0    000002b0   000002b0    r-- .rodata
  00005ea0    00005ea0    00000048   00000048    r-- .cinit
20200000    20200000    00000367   00000000    rw-
  20200000    20200000    000002ef   00000000    rw- .bss
  202002f0    202002f0    00000077   00000000    rw- .data
20207e00    20207e00    00000200   00000000    rw-
  20207e00    20207e00    00000200   00000000    rw- .stack


SECTION ALLOCATION MAP

 output                                  attributes/
section   page    origin      length       input sections
--------  ----  ----------  ----------   ----------------
.intvecs   0    00000000    000000c0     
                  00000000    000000c0     startup_mspm0g350x_ticlang.o (.intvecs)

.text      0    000000c0    00005b30     
                  000000c0    000009d0     libc.a : _printfi.c.obj (.text:__TI_printfi)
                  00000a90    00000364            : e_asin.c.obj (.text.asin)
                  00000df4    000002f8            : s_atan.c.obj (.text.atan)
                  000010ec    0000025c     motor.o (.text.Set_Duty)
                  00001348    00000258     mpu6050.o (.text.Read_Quad)
                  000015a0    0000022c     inv_mpu.o (.text.mpu_reset_fifo)
                  000017cc    00000228     libc.a : e_fmod.c.obj (.text.fmod)
                  000019f4    00000220            : _printfi.c.obj (.text._pconv_a)
                  00001c14    000001f4     inv_mpu_dmp_motion_driver.o (.text.dmp_read_fifo)
                  00001e08    000001e8     ti_msp_dl_config.o (.text.SYSCFG_DL_GPIO_init)
                  00001ff0    000001dc     libc.a : _printfi.c.obj (.text._pconv_g)
                  000021cc    000001bc     pid.o (.text.speed_pid_controal)
                  00002388    0000019c     main.o (.text.main)
                  00002524    00000192     libclang_rt.builtins.a : adddf3.S.obj (.text.adddf3_subdf3)
                  000026b6    00000002                            : aeabi_div0.c.obj (.text.__aeabi_idiv0)
                  000026b8    00000188     libc.a : e_atan2.c.obj (.text.atan2)
                  00002840    00000170            : e_sqrt.c.obj (.text.sqrt)
                  000029b0    00000158     follow_line.o (.text.follow_line)
                  00002b08    00000158     pid.o (.text.pid_calculate)
                  00002c60    0000013c     libc.a : _printfi.c.obj (.text.fcvt)
                  00002d9c    00000134     mspm0_i2c.o (.text.mspm0_i2c_read)
                  00002ed0    00000120     libc.a : _printfi.c.obj (.text._pconv_e)
                  00002ff0    0000010c     libclang_rt.builtins.a : divdf3.S.obj (.text.__divdf3)
                  000030fc    00000108     inv_mpu.o (.text.mpu_read_fifo_stream)
                  00003204    00000104     driverlib.a : dl_timer.o (.text.DL_Timer_initFourCCPWMMode)
                  00003308    00000100     interrupt.o (.text.GROUP1_IRQHandler)
                  00003408    000000e8     driverlib.a : dl_timer.o (.text.DL_Timer_initTimerMode)
                  000034f0    000000e4     libclang_rt.builtins.a : muldf3.S.obj (.text.__muldf3)
                  000035d4    000000dc     driverlib.a : dl_sysctl_mspm0g1x0x_g3x0x.o (.text.DL_SYSCTL_configSYSPLL)
                  000036b0    000000d8     libc.a : s_scalbn.c.obj (.text.scalbn)
                  00003788    000000d8     libclang_rt.builtins.a : addsf3.S.obj (.text)
                  00003860    000000d4     ti_msp_dl_config.o (.text.SYSCFG_DL_initPower)
                  00003934    000000c4     mspm0_i2c.o (.text.mspm0_i2c_write)
                  000039f8    000000b0     gw_IIC.o (.text.hardware_IIC_ReadByte)
                  00003aa8    000000a2     libclang_rt.builtins.a : udivmoddi4.S.obj (.text)
                  00003b4a    00000002                            : aeabi_div0.c.obj (.text.__aeabi_ldiv0)
                  00003b4c    00000094     ti_msp_dl_config.o (.text.SYSCFG_DL_PWM_MOTOR_init)
                  00003be0    0000008c     libclang_rt.builtins.a : mulsf3.S.obj (.text.__mulsf3)
                  00003c6c    0000008c     inv_mpu_dmp_motion_driver.o (.text.decode_gesture)
                  00003cf8    00000084     clock.o (.text.__NVIC_SetPriority)
                  00003d7c    00000082     libclang_rt.builtins.a : divsf3.S.obj (.text.__divsf3)
                  00003dfe    00000002     --HOLE-- [fill = 0]
                  00003e00    0000007c     follow_line.o (.text.calc_position_error)
                  00003e7c    0000007c     libc.a : copy_decompress_lzss.c.obj (.text:decompress:lzss)
                  00003ef8    00000074     libclang_rt.builtins.a : comparedf2.c.obj (.text.__gedf2)
                  00003f6c    00000004     interrupt.o (.text.ADC0_IRQHandler)
                  00003f70    00000074     libclang_rt.builtins.a : truncdfsf2.S.obj (.text.__truncdfsf2)
                  00003fe4    00000068                            : comparedf2.c.obj (.text.__ledf2)
                  0000404c    00000066     libc.a : _printfi.c.obj (.text._mcpy)
                  000040b2    00000002     --HOLE-- [fill = 0]
                  000040b4    00000064     interrupt.o (.text.TIMG6_IRQHandler)
                  00004118    00000064     mspm0_i2c.o (.text.mpu6050_i2c_sda_unlock)
                  0000417c    00000062     libclang_rt.builtins.a : aeabi_dcmp.S.obj (.text.__aeabi_dcmp)
                  000041de    00000002     --HOLE-- [fill = 0]
                  000041e0    00000062                            : aeabi_fcmp.S.obj (.text.__aeabi_fcmp)
                  00004242    00000002     --HOLE-- [fill = 0]
                  00004244    00000060     pid.o (.text.get_angle_error)
                  000042a4    0000005e     driverlib.a : dl_i2c.o (.text.DL_I2C_fillControllerTXFIFO)
                  00004302    00000002     --HOLE-- [fill = 0]
                  00004304    0000005c     libc.a : s_frexp.c.obj (.text.frexp)
                  00004360    0000005c     mspm0_i2c.o (.text.mspm0_i2c_enable)
                  000043bc    00000058     ti_msp_dl_config.o (.text.SYSCFG_DL_I2C_GANWEI_init)
                  00004414    00000058     ti_msp_dl_config.o (.text.SYSCFG_DL_I2C_MPU6050_init)
                  0000446c    00000058     libc.a : _ltoa.c.obj (.text.__TI_ltoa)
                  000044c4    00000058            : _printfi.c.obj (.text._pconv_f)
                  0000451c    00000056     libclang_rt.builtins.a : aeabi_idivmod.S.obj (.text.__aeabi_idivmod)
                  00004572    00000002     --HOLE-- [fill = 0]
                  00004574    00000054     ti_msp_dl_config.o (.text.SYSCFG_DL_init)
                  000045c8    00000054     pid.o (.text.set_target_speed)
                  0000461c    00000052     libc.a : _printfi.c.obj (.text._ecpy)
                  0000466e    00000002     --HOLE-- [fill = 0]
                  00004670    00000050     gw_IIC.o (.text.DL_I2C_startControllerTransfer)
                  000046c0    00000050     mspm0_i2c.o (.text.DL_I2C_startControllerTransfer)
                  00004710    00000050     clock.o (.text.SysTick_Config)
                  00004760    0000004c     ti_msp_dl_config.o (.text.DL_UART_setBaudRateDivisor)
                  000047ac    0000004c     libc.a : snprintf.c.obj (.text.snprintf)
                  000047f8    0000004a     libclang_rt.builtins.a : fixdfsi.S.obj (.text.__fixdfsi)
                  00004842    00000002     --HOLE-- [fill = 0]
                  00004844    00000048     driverlib.a : dl_uart.o (.text.DL_UART_init)
                  0000488c    00000048     xe_uart.o (.text.UART_send_float)
                  000048d4    00000048     mspm0_i2c.o (.text.mspm0_i2c_disable)
                  0000491c    00000044     driverlib.a : dl_sysctl_mspm0g1x0x_g3x0x.o (.text.DL_SYSCTL_switchMCLKfromSYSOSCtoHSCLK)
                  00004960    00000042     libclang_rt.builtins.a : fixunsdfsi.S.obj (.text.__fixunsdfsi)
                  000049a2    00000002     --HOLE-- [fill = 0]
                  000049a4    00000040     ti_msp_dl_config.o (.text.SYSCFG_DL_UART_BLUEUART_init)
                  000049e4    00000040     ti_msp_dl_config.o (.text.SYSCFG_DL_UART_PC_init)
                  00004a24    00000040     ti_msp_dl_config.o (.text.SYSCFG_DL_UART_placeholder_init)
                  00004a64    00000040     interrupt.o (.text.TIMA1_IRQHandler)
                  00004aa4    00000040     xe_uart.o (.text.UART_send_buffer)
                  00004ae4    00000040     libclang_rt.builtins.a : aeabi_uidivmod.S.obj (.text.__aeabi_uidivmod)
                  00004b24    00000040                            : extendsfdf2.S.obj (.text.__extendsfdf2)
                  00004b64    00000040     libc.a : atoi.c.obj (.text.atoi)
                  00004ba4    0000003e     pid.o (.text.limit_float)
                  00004be2    00000002     --HOLE-- [fill = 0]
                  00004be4    0000003c     mspm0_i2c.o (.text.DL_GPIO_initPeripheralInputFunctionFeatures)
                  00004c20    0000003c     ti_msp_dl_config.o (.text.DL_GPIO_initPeripheralInputFunctionFeatures)
                  00004c5c    0000003c     driverlib.a : dl_i2c.o (.text.DL_I2C_flushControllerTXFIFO)
                  00004c98    0000003c     ti_msp_dl_config.o (.text.DL_Timer_setCounterControl)
                  00004cd4    0000003c     ti_msp_dl_config.o (.text.SYSCFG_DL_SYSCTL_init)
                  00004d10    0000003c     xe_uart.o (.text.UART_send_int)
                  00004d4c    0000003c     libclang_rt.builtins.a : floatsisf.S.obj (.text.__floatsisf)
                  00004d88    0000003c                            : comparesf2.S.obj (.text.__gtsf2)
                  00004dc4    0000003c     libc.a : autoinit.c.obj (.text:__TI_auto_init_nobinit_nopinit)
                  00004e00    0000003a     libclang_rt.builtins.a : comparesf2.S.obj (.text.__eqsf2)
                  00004e3a    00000002     --HOLE-- [fill = 0]
                  00004e3c    0000003a                            : muldsi3.S.obj (.text.__muldsi3)
                  00004e76    00000002     --HOLE-- [fill = 0]
                  00004e78    00000034     mspm0_i2c.o (.text.DL_GPIO_initDigitalInputFeatures)
                  00004eac    00000034     ti_msp_dl_config.o (.text.DL_GPIO_initDigitalInputFeatures)
                  00004ee0    00000034     ti_msp_dl_config.o (.text.SYSCFG_DL_TIMER_GENERAL_init)
                  00004f14    00000034     ti_msp_dl_config.o (.text.SYSCFG_DL_TIMER_MUP6050_init)
                  00004f48    00000034     ti_msp_dl_config.o (.text.SYSCFG_DL_TIMER_PID_init)
                  00004f7c    00000032     gw_hardware_iic.o (.text.Ping)
                  00004fae    00000002     --HOLE-- [fill = 0]
                  00004fb0    00000030     ti_msp_dl_config.o (.text.DL_GPIO_initDigitalOutputFeatures)
                  00004fe0    00000030     libc.a : _printfi.c.obj (.text._fcpy)
                  00005010    00000030            : snprintf.c.obj (.text._outs)
                  00005040    00000030     clock.o (.text.mspm0_delay_ms)
                  00005070    0000002c     main.o (.text.__NVIC_EnableIRQ)
                  0000509c    0000002c     libclang_rt.builtins.a : floatsidf.S.obj (.text.__floatsidf)
                  000050c8    0000002c     clock.o (.text.mspm0_get_clock_ms)
                  000050f4    0000002a     xe_uart.o (.text.UART_send_string)
                  0000511e    0000002a     pid.o (.text.pid_init)
                  00005148    00000028     gw_IIC.o (.text.DL_Common_updateReg)
                  00005170    00000028     mspm0_i2c.o (.text.DL_Common_updateReg)
                  00005198    00000028     ti_msp_dl_config.o (.text.DL_Common_updateReg)
                  000051c0    00000028     ti_msp_dl_config.o (.text.DL_I2C_setControllerRXFIFOThreshold)
                  000051e8    00000028     ti_msp_dl_config.o (.text.DL_I2C_setControllerTXFIFOThreshold)
                  00005210    00000028     xe_uart.o (.text.UART_send_byte)
                  00005238    00000028     libc.a : boot_cortex_m.c.obj (.text:_c_int00_noargs)
                  00005260    00000026     ti_msp_dl_config.o (.text.DL_I2C_setAnalogGlitchFilterPulseWidth)
                  00005286    00000026     driverlib.a : dl_i2c.o (.text.DL_I2C_setClockConfig)
                  000052ac    00000024     libclang_rt.builtins.a : floatunsidf.S.obj (.text.__floatunsidf)
                  000052d0    00000024                            : muldi3.S.obj (.text.__muldi3)
                  000052f4    00000022     libc.a : memccpy.c.obj (.text.memccpy)
                  00005316    00000002     --HOLE-- [fill = 0]
                  00005318    00000020     ti_msp_dl_config.o (.text.DL_SYSCTL_setFlashWaitState)
                  00005338    0000001e     ti_msp_dl_config.o (.text.DL_UART_setOversampling)
                  00005356    00000002     --HOLE-- [fill = 0]
                  00005358    0000001e     libclang_rt.builtins.a : ashldi3.S.obj (.text.__ashldi3)
                  00005376    00000002     --HOLE-- [fill = 0]
                  00005378    0000001c     interrupt.o (.text.DL_GPIO_clearInterruptStatus)
                  00005394    0000001c     ti_msp_dl_config.o (.text.DL_GPIO_clearInterruptStatus)
                  000053b0    0000001c     mspm0_i2c.o (.text.DL_GPIO_enableHiZ)
                  000053cc    0000001c     ti_msp_dl_config.o (.text.DL_GPIO_enableHiZ)
                  000053e8    0000001c     ti_msp_dl_config.o (.text.DL_GPIO_enableInterrupt)
                  00005404    0000001c     ti_msp_dl_config.o (.text.DL_GPIO_initPeripheralOutputFunction)
                  00005420    0000001c     ti_msp_dl_config.o (.text.DL_GPIO_setLowerPinsPolarity)
                  0000543c    0000001c     mspm0_i2c.o (.text.DL_I2C_isControllerRXFIFOEmpty)
                  00005458    0000001c     ti_msp_dl_config.o (.text.DL_SYSCTL_setSYSOSCFreq)
                  00005474    0000001c     ti_msp_dl_config.o (.text.DL_SYSCTL_setULPCLKDivider)
                  00005490    0000001c     ti_msp_dl_config.o (.text.DL_Timer_enableInterrupt)
                  000054ac    0000001c     driverlib.a : dl_timer.o (.text.DL_Timer_setCaptCompUpdateMethod)
                  000054c8    0000001c                 : dl_timer.o (.text.DL_Timer_setClockConfig)
                  000054e4    0000001c     gw_hardware_iic.o (.text.IIC_ReadByte)
                  00005500    0000001c     motor.o (.text.Motor_Off)
                  0000551c    00000018     mspm0_i2c.o (.text.DL_GPIO_enableOutput)
                  00005534    00000018     ti_msp_dl_config.o (.text.DL_GPIO_enableOutput)
                  0000554c    00000018     ti_msp_dl_config.o (.text.DL_GPIO_enablePower)
                  00005564    00000018     interrupt.o (.text.DL_GPIO_getEnabledInterruptStatus)
                  0000557c    00000018     mspm0_i2c.o (.text.DL_GPIO_initDigitalOutput)
                  00005594    00000018     ti_msp_dl_config.o (.text.DL_GPIO_initDigitalOutput)
                  000055ac    00000018     ti_msp_dl_config.o (.text.DL_GPIO_reset)
                  000055c4    00000018     motor.o (.text.DL_GPIO_setPins)
                  000055dc    00000018     mspm0_i2c.o (.text.DL_GPIO_setPins)
                  000055f4    00000018     ti_msp_dl_config.o (.text.DL_GPIO_setPins)
                  0000560c    00000018     ti_msp_dl_config.o (.text.DL_GPIO_setUpperPinsPolarity)
                  00005624    00000018     mspm0_i2c.o (.text.DL_I2C_clearInterruptStatus)
                  0000563c    00000018     ti_msp_dl_config.o (.text.DL_I2C_enableAnalogGlitchFilter)
                  00005654    00000018     ti_msp_dl_config.o (.text.DL_I2C_enableController)
                  0000566c    00000018     ti_msp_dl_config.o (.text.DL_I2C_enableControllerClockStretching)
                  00005684    00000018     mspm0_i2c.o (.text.DL_I2C_enablePower)
                  0000569c    00000018     ti_msp_dl_config.o (.text.DL_I2C_enablePower)
                  000056b4    00000018     mspm0_i2c.o (.text.DL_I2C_getRawInterruptStatus)
                  000056cc    00000018     mspm0_i2c.o (.text.DL_I2C_reset)
                  000056e4    00000018     ti_msp_dl_config.o (.text.DL_I2C_reset)
                  000056fc    00000018     ti_msp_dl_config.o (.text.DL_I2C_setTimerPeriod)
                  00005714    00000018     ti_msp_dl_config.o (.text.DL_SYSCTL_setBORThreshold)
                  0000572c    00000018     ti_msp_dl_config.o (.text.DL_Timer_enablePower)
                  00005744    00000018     ti_msp_dl_config.o (.text.DL_Timer_reset)
                  0000575c    00000018     driverlib.a : dl_timer.o (.text.DL_Timer_setCaptureCompareOutCtl)
                  00005774    00000018     interrupt.o (.text.DL_Timer_setLoadValue)
                  0000578c    00000018     main.o (.text.DL_Timer_setLoadValue)
                  000057a4    00000018     interrupt.o (.text.DL_Timer_startCounter)
                  000057bc    00000018     main.o (.text.DL_Timer_startCounter)
                  000057d4    00000018     interrupt.o (.text.DL_Timer_stopCounter)
                  000057ec    00000018     ti_msp_dl_config.o (.text.DL_UART_enablePower)
                  00005804    00000018     xe_uart.o (.text.DL_UART_isTXFIFOFull)
                  0000581c    00000018     ti_msp_dl_config.o (.text.DL_UART_reset)
                  00005834    00000018     gw_hardware_iic.o (.text.IIC_Get_Digtal)
                  0000584c    00000018     clock.o (.text.SysTick_Init)
                  00005864    00000018     libc.a : snprintf.c.obj (.text._outc)
                  0000587c    00000016     interrupt.o (.text.DL_GPIO_readPins)
                  00005892    00000016     mspm0_i2c.o (.text.DL_GPIO_readPins)
                  000058a8    00000016     mspm0_i2c.o (.text.DL_I2C_transmitControllerData)
                  000058be    00000016     ti_msp_dl_config.o (.text.DL_UART_enable)
                  000058d4    00000016     xe_uart.o (.text.DL_UART_transmitData)
                  000058ea    00000016     libc.a : copy_zero_init.c.obj (.text:decompress:ZI:__TI_zero_init_nomemset)
                  00005900    00000014     motor.o (.text.DL_GPIO_clearPins)
                  00005914    00000014     mspm0_i2c.o (.text.DL_GPIO_clearPins)
                  00005928    00000014     ti_msp_dl_config.o (.text.DL_GPIO_clearPins)
                  0000593c    00000014     gw_IIC.o (.text.DL_I2C_getControllerStatus)
                  00005950    00000014     mspm0_i2c.o (.text.DL_I2C_getControllerStatus)
                  00005964    00000014     gw_IIC.o (.text.DL_I2C_receiveControllerData)
                  00005978    00000014     mspm0_i2c.o (.text.DL_I2C_receiveControllerData)
                  0000598c    00000014     ti_msp_dl_config.o (.text.DL_I2C_resetControllerTransfer)
                  000059a0    00000014     ti_msp_dl_config.o (.text.DL_SYSCTL_disableSYSPLL)
                  000059b4    00000014     ti_msp_dl_config.o (.text.DL_Timer_enableClock)
                  000059c8    00000014     ti_msp_dl_config.o (.text.DL_Timer_setCCPDirection)
                  000059dc    00000014     libclang_rt.builtins.a : aeabi_uldivmod.S.obj (.text.__aeabi_uldivmod)
                  000059f0    00000014     libc.a : _printfi.c.obj (.text.strchr)
                  00005a04    00000012     interrupt.o (.text.DL_Timer_getPendingInterrupt)
                  00005a16    00000012     driverlib.a : dl_uart.o (.text.DL_UART_setClockConfig)
                  00005a28    00000012     libc.a : memcpy16.S.obj (.text:TI_memcpy_small)
                  00005a3a    00000012            : copy_decompress_none.c.obj (.text:decompress:none)
                  00005a4c    00000010     ti_msp_dl_config.o (.text.DL_SYSCTL_disableHFXT)
                  00005a5c    00000010     driverlib.a : dl_timer.o (.text.DL_Timer_setCaptureCompareValue)
                  00005a6c    00000010     interrupt.o (.text.SysTick_Handler)
                  00005a7c    00000010     libc.a : wcslen.c.obj (.text.wcslen)
                  00005a8c    0000000e     libclang_rt.builtins.a : aeabi_memset.S.obj (.text.__aeabi_memset)
                  00005a9a    0000000e     libc.a : _printfi.c.obj (.text.strlen)
                  00005aa8    0000000e            : strlen.c.obj (.text.strlen)
                  00005ab6    0000000e            : memset16.S.obj (.text:TI_memset_small)
                  00005ac4    0000000a     driverlib.a : dl_common.o (.text.DL_Common_delayCycles)
                  00005ace    0000000a     libc.a : _printfi.c.obj (.text.OUTLINED_FUNCTION_0)
                  00005ad8    00000010     libclang_rt.builtins.a : adddf3.S.obj (.tramp.__aeabi_dsub.1)
                  00005ae8    0000000a     libc.a : e_asin.c.obj (.text.OUTLINED_FUNCTION_0)
                  00005af2    00000002     --HOLE-- [fill = 0]
                  00005af4    00000010     libclang_rt.builtins.a : muldf3.S.obj (.tramp.__aeabi_dmul.1)
                  00005b04    0000000a     libc.a : s_atan.c.obj (.text.OUTLINED_FUNCTION_0)
                  00005b0e    0000000a            : _printfi.c.obj (.text.OUTLINED_FUNCTION_1)
                  00005b18    0000000a            : e_asin.c.obj (.text.OUTLINED_FUNCTION_1)
                  00005b22    0000000a            : e_asin.c.obj (.text.OUTLINED_FUNCTION_3)
                  00005b2c    00000010     libclang_rt.builtins.a : divdf3.S.obj (.tramp.__aeabi_ddiv.1)
                  00005b3c    00000008     libc.a : s_atan.c.obj (.text.OUTLINED_FUNCTION_2)
                  00005b44    00000008            : aeabi_portable.c.obj (.text.__aeabi_errno_addr)
                  00005b4c    00000008     libclang_rt.builtins.a : aeabi_memcpy.S.obj (.text.__aeabi_memcpy)
                  00005b54    00000006     libc.a : s_atan.c.obj (.text.OUTLINED_FUNCTION_1)
                  00005b5a    00000002     --HOLE-- [fill = 0]
                  00005b5c    00000010     libclang_rt.builtins.a : adddf3.S.obj (.tramp.__aeabi_dadd.1)
                  00005b6c    00000006     libc.a : e_asin.c.obj (.text.OUTLINED_FUNCTION_2)
                  00005b72    00000006            : exit.c.obj (.text:abort)
                  00005b78    00000004     interrupt.o (.text.ADC1_IRQHandler)
                  00005b7c    00000004     interrupt.o (.text.AES_IRQHandler)
                  00005b80    00000004     interrupt.o (.text.CANFD0_IRQHandler)
                  00005b84    00000004     interrupt.o (.text.DAC0_IRQHandler)
                  00005b88    00000004     interrupt.o (.text.DMA_IRQHandler)
                  00005b8c    00000004     startup_mspm0g350x_ticlang.o (.text.Default_Handler)
                  00005b90    00000004     interrupt.o (.text.GROUP0_IRQHandler)
                  00005b94    00000004     libsysbm.a : hostexit.c.obj (.text.HOSTexit)
                  00005b98    00000004     interrupt.o (.text.HardFault_Handler)
                  00005b9c    00000004     interrupt.o (.text.I2C0_IRQHandler)
                  00005ba0    00000004     interrupt.o (.text.I2C1_IRQHandler)
                  00005ba4    00000004     interrupt.o (.text.NMI_Handler)
                  00005ba8    00000004     libc.a : e_asin.c.obj (.text.OUTLINED_FUNCTION_4)
                  00005bac    00000004     interrupt.o (.text.PendSV_Handler)
                  00005bb0    00000004     interrupt.o (.text.RTC_IRQHandler)
                  00005bb4    00000004     startup_mspm0g350x_ticlang.o (.text.Reset_Handler)
                  00005bb8    00000010     libc.a : boot_cortex_m.c.obj (.tramp._c_int00_noargs.1)
                  00005bc8    00000004     interrupt.o (.text.SPI0_IRQHandler)
                  00005bcc    00000004     interrupt.o (.text.SPI1_IRQHandler)
                  00005bd0    00000004     interrupt.o (.text.SVC_Handler)
                  00005bd4    00000004     interrupt.o (.text.TIMA0_IRQHandler)
                  00005bd8    00000004     interrupt.o (.text.TIMG12_IRQHandler)
                  00005bdc    00000004     interrupt.o (.text.TIMG7_IRQHandler)
                  00005be0    00000004     interrupt.o (.text.TIMG8_IRQHandler)
                  00005be4    00000004     interrupt.o (.text.UART2_IRQHandler)
                  00005be8    00000004     interrupt.o (.text.UART3_IRQHandler)
                  00005bec    00000004     libc.a : pre_init.c.obj (.text._system_pre_init)

.cinit     0    00005ea0    00000048     
                  00005ea0    00000022     (.cinit..data.load) [load image, compression = lzss]
                  00005ec2    00000002     --HOLE-- [fill = 0]
                  00005ec4    0000000c     (__TI_handler_table)
                  00005ed0    00000008     (.cinit..bss.load) [load image, compression = zero_init]
                  00005ed8    00000010     (__TI_cinit_table)

.rodata    0    00005bf0    000002b0     
                  00005bf0    00000101     libc.a : aeabi_ctype.S.obj (.rodata:__aeabi_ctype_table_)
                  00005cf1    00000005     xe_uart.o (.rodata.str1.2348572350496734034.1)
                  00005cf6    00000002     ti_msp_dl_config.o (.rodata.gI2C_GANWEIClockConfig)
                  00005cf8    00000040     libc.a : s_atan.c.obj (.rodata.cst32)
                  00005d38    00000028     ti_msp_dl_config.o (.rodata.gSYSPLLConfig)
                  00005d60    00000028     inv_mpu.o (.rodata.test)
                  00005d88    0000001e     inv_mpu.o (.rodata.reg)
                  00005da6    00000018     main.o (.rodata.str1.8154729771448623357.1)
                  00005dbe    00000002     ti_msp_dl_config.o (.rodata.gI2C_MPU6050ClockConfig)
                  00005dc0    00000014     ti_msp_dl_config.o (.rodata.gTIMER_GENERALTimerConfig)
                  00005dd4    00000014     ti_msp_dl_config.o (.rodata.gTIMER_MUP6050TimerConfig)
                  00005de8    00000014     ti_msp_dl_config.o (.rodata.gTIMER_PIDTimerConfig)
                  00005dfc    00000012     main.o (.rodata.str1.17100691992556644108.1)
                  00005e0e    00000011     libc.a : _printfi.c.obj (.rodata.str1.10348868589481759720.1)
                  00005e1f    00000011            : _printfi.c.obj (.rodata.str1.15363888844622738466.1)
                  00005e30    00000010            : e_fmod.c.obj (.rodata.cst16)
                  00005e40    0000000f     main.o (.rodata.str1.15159059442110792349.1)
                  00005e4f    00000001     --HOLE-- [fill = 0]
                  00005e50    0000000c     inv_mpu.o (.rodata.hw)
                  00005e5c    0000000a     ti_msp_dl_config.o (.rodata.gUART_BLUEUARTConfig)
                  00005e66    0000000a     ti_msp_dl_config.o (.rodata.gUART_PCConfig)
                  00005e70    0000000a     ti_msp_dl_config.o (.rodata.gUART_placeholderConfig)
                  00005e7a    00000002     ti_msp_dl_config.o (.rodata.gUART_BLUEUARTClockConfig)
                  00005e7c    00000008     ti_msp_dl_config.o (.rodata.gPWM_MOTORConfig)
                  00005e84    00000003     ti_msp_dl_config.o (.rodata.gPWM_MOTORClockConfig)
                  00005e87    00000003     ti_msp_dl_config.o (.rodata.gTIMER_GENERALClockConfig)
                  00005e8a    00000003     ti_msp_dl_config.o (.rodata.gTIMER_MUP6050ClockConfig)
                  00005e8d    00000003     ti_msp_dl_config.o (.rodata.gTIMER_PIDClockConfig)
                  00005e90    00000003     xe_uart.o (.rodata.str1.12416241589203591783.1)
                  00005e93    00000002     ti_msp_dl_config.o (.rodata.gUART_PCClockConfig)
                  00005e95    00000002     ti_msp_dl_config.o (.rodata.gUART_placeholderClockConfig)
                  00005e97    00000009     --HOLE-- [fill = 0]

.init_array 
*          0    00000000    00000000     UNINITIALIZED

.binit     0    00000000    00000000     

.bss       0    20200000    000002ef     UNINITIALIZED
                  20200000    000000bc     (.common:gPWM_MOTORBackup)
                  202000bc    000000bc     (.common:gTIMER_PIDBackup)
                  20200178    000000a0     (.common:gTIMER_GENERALBackup)
                  20200218    00000034     (.common:pid_angle)
                  2020024c    00000034     (.common:pid_motor_left)
                  20200280    00000034     (.common:pid_motor_right)
                  202002b4    00000010     (.common:quat)
                  202002c4    00000006     (.common:accel)
                  202002ca    00000006     (.common:gyro)
                  202002d0    00000004     (.common:angle)
                  202002d4    00000004     (.common:pitch)
                  202002d8    00000004     (.common:roll)
                  202002dc    00000004     (.common:sensor_timestamp)
                  202002e0    00000004     (.common:start_time)
                  202002e4    00000004     (.common:tick_ms)
                  202002e8    00000004     (.common:yaw)
                  202002ec    00000002     (.common:sensors)
                  202002ee    00000001     (.common:more)

.data      0    202002f0    00000077     UNINITIALIZED
                  202002f0    0000002c     inv_mpu.o (.data.st)
                  2020031c    00000010     inv_mpu_dmp_motion_driver.o (.data.dmp)
                  2020032c    00000008     follow_line.o (.data.sensor_weights)
                  20200334    00000004     libc.a : aeabi_portable.c.obj (.data.__aeabi_errno)
                  20200338    00000004     main.o (.data.distance_left)
                  2020033c    00000004     main.o (.data.distance_mid)
                  20200340    00000004     main.o (.data.distance_right)
                  20200344    00000004     pid.o (.data.encode_cnt_left)
                  20200348    00000004     pid.o (.data.encode_cnt_right)
                  2020034c    00000004     follow_line.o (.data.follow_line.last_direction)
                  20200350    00000004     pid.o (.data.now_speed_left)
                  20200354    00000004     pid.o (.data.now_speed_right)
                  20200358    00000004     pid.o (.data.target_speed_left)
                  2020035c    00000004     pid.o (.data.target_speed_right)
                  20200360    00000001     interrupt.o (.data.S2_flag)
                  20200361    00000001     interrupt.o (.data.TIMG6_IRQHandler.count_100ms)
                  20200362    00000001     main.o (.data.circle_num)
                  20200363    00000001     interrupt.o (.data.flag_100ms)
                  20200364    00000001     interrupt.o (.data.flag_1s)
                  20200365    00000001     motor.o (.data.motor_on_flag)
                  20200366    00000001     interrupt.o (.data.pid_timer_flag)

.stack     0    20207e00    00000200     UNINITIALIZED
                  20207e00    00000004     libc.a : boot_cortex_m.c.obj (.stack)
                  20207e04    000001fc     --HOLE--

__llvm_prf_cnts 
*          0    20200000    00000000     UNINITIALIZED

__llvm_prf_bits 
*          0    20200000    00000000     UNINITIALIZED

MODULE SUMMARY

       Module                         code    ro data   rw data
       ------                         ----    -------   -------
    .\
       ti_msp_dl_config.o             2802    160       536    
       main.o                         504     57        13     
       startup_mspm0g350x_ticlang.o   8       192       0      
    +--+------------------------------+-------+---------+---------+
       Total:                         3314    409       549    
                                                               
    .\GANWEI\
       gw_IIC.o                       336     0         0      
       gw_hardware_iic.o              102     0         0      
    +--+------------------------------+-------+---------+---------+
       Total:                         438     0         0      
                                                               
    .\MPU6050\
       mspm0_i2c.o                    1328    0         0      
       inv_mpu.o                      820     82        44     
       inv_mpu_dmp_motion_driver.o    640     0         16     
       mpu6050.o                      600     0         51     
    +--+------------------------------+-------+---------+---------+
       Total:                         3388    82        111    
                                                               
    .\MSPM0\
       interrupt.o                    688     0         5      
       clock.o                        328     0         8      
    +--+------------------------------+-------+---------+---------+
       Total:                         1016    0         13     
                                                               
    .\UART\
       xe_uart.o                      324     8         0      
    +--+------------------------------+-------+---------+---------+
       Total:                         324     8         0      
                                                               
    .\motor\
       pid.o                          1072    0         128    
       motor.o                        676     0         1      
       follow_line.o                  468     0         12     
       angle.o                        0       0         52     
    +--+------------------------------+-------+---------+---------+
       Total:                         2216    0         193    
                                                               
    C:/APPLICATION/ti_SDK/mspm0_sdk_2_04_00_06/source/ti/driverlib/lib/ticlang/m0p/mspm0g1x0x_g3x0x/driverlib.a
       dl_timer.o                     588     0         0      
       dl_sysctl_mspm0g1x0x_g3x0x.o   288     0         0      
       dl_i2c.o                       192     0         0      
       dl_uart.o                      90      0         0      
       dl_common.o                    10      0         0      
    +--+------------------------------+-------+---------+---------+
       Total:                         1168    0         0      
                                                               
    C:\APPLICATION\TIccs2011\ccs\tools\compiler\ti-cgt-armllvm_4.0.3.LTS\lib\armv6m-ti-none-eabi/c/libc.a
       _printfi.c.obj                 4510    34        0      
       e_asin.c.obj                   908     0         0      
       s_atan.c.obj                   784     64        0      
       e_fmod.c.obj                   552     16        0      
       e_atan2.c.obj                  392     0         0      
       e_sqrt.c.obj                   368     0         0      
       aeabi_ctype.S.obj              0       257       0      
       s_scalbn.c.obj                 216     0         0      
       snprintf.c.obj                 148     0         0      
       copy_decompress_lzss.c.obj     124     0         0      
       s_frexp.c.obj                  92      0         0      
       _ltoa.c.obj                    88      0         0      
       atoi.c.obj                     64      0         0      
       autoinit.c.obj                 60      0         0      
       boot_cortex_m.c.obj            56      0         0      
       memccpy.c.obj                  34      0         0      
       copy_zero_init.c.obj           22      0         0      
       copy_decompress_none.c.obj     18      0         0      
       memcpy16.S.obj                 18      0         0      
       wcslen.c.obj                   16      0         0      
       memset16.S.obj                 14      0         0      
       strlen.c.obj                   14      0         0      
       aeabi_portable.c.obj           8       0         4      
       exit.c.obj                     6       0         0      
       pre_init.c.obj                 4       0         0      
    +--+------------------------------+-------+---------+---------+
       Total:                         8516    371       4      
                                                               
    C:\APPLICATION\TIccs2011\ccs\tools\compiler\ti-cgt-armllvm_4.0.3.LTS\lib\armv6m-ti-none-eabi/c/libsysbm.a
       hostexit.c.obj                 4       0         0      
    +--+------------------------------+-------+---------+---------+
       Total:                         4       0         0      
                                                               
    C:\APPLICATION\TIccs2011\ccs\tools\compiler\ti-cgt-armllvm_4.0.3.LTS\lib\armv6m-ti-none-eabi/libclang_rt.builtins.a
       adddf3.S.obj                   434     0         0      
       divdf3.S.obj                   284     0         0      
       muldf3.S.obj                   244     0         0      
       comparedf2.c.obj               220     0         0      
       addsf3.S.obj                   216     0         0      
       udivmoddi4.S.obj               162     0         0      
       mulsf3.S.obj                   140     0         0      
       divsf3.S.obj                   130     0         0      
       comparesf2.S.obj               118     0         0      
       truncdfsf2.S.obj               116     0         0      
       aeabi_dcmp.S.obj               98      0         0      
       aeabi_fcmp.S.obj               98      0         0      
       aeabi_idivmod.S.obj            86      0         0      
       fixdfsi.S.obj                  74      0         0      
       fixunsdfsi.S.obj               66      0         0      
       aeabi_uidivmod.S.obj           64      0         0      
       extendsfdf2.S.obj              64      0         0      
       floatsisf.S.obj                60      0         0      
       muldsi3.S.obj                  58      0         0      
       floatsidf.S.obj                44      0         0      
       floatunsidf.S.obj              36      0         0      
       muldi3.S.obj                   36      0         0      
       ashldi3.S.obj                  30      0         0      
       aeabi_uldivmod.S.obj           20      0         0      
       aeabi_memset.S.obj             14      0         0      
       aeabi_memcpy.S.obj             8       0         0      
       aeabi_div0.c.obj               4       0         0      
    +--+------------------------------+-------+---------+---------+
       Total:                         2924    0         0      
                                                               
       Stack:                         0       0         512    
       Linker Generated:              0       70        0      
    +--+------------------------------+-------+---------+---------+
       Grand Total:                   23308   940       1382   


LINKER GENERATED COPY TABLES

__TI_cinit_table @ 00005ed8 records: 2, size/record: 8, table size: 16
	.data: load addr=00005ea0, load size=00000022 bytes, run addr=202002f0, run size=00000077 bytes, compression=lzss
	.bss: load addr=00005ed0, load size=00000008 bytes, run addr=20200000, run size=000002ef bytes, compression=zero_init


LINKER GENERATED HANDLER TABLE

__TI_handler_table @ 00005ec4 records: 3, size/record: 4, table size: 12
	index: 0, handler: __TI_decompress_lzss
	index: 1, handler: __TI_decompress_none
	index: 2, handler: __TI_zero_init


FAR CALL TRAMPOLINES

callee name               trampoline name
   callee addr  tramp addr   call addr  call info
--------------  -----------  ---------  ----------------
__aeabi_dsub              $Tramp$TT$L$PI$$__aeabi_dsub
   00002525     00005ad8     00005ad6   libc.a : _printfi.c.obj (.text.OUTLINED_FUNCTION_0)
__aeabi_dmul              $Tramp$TT$L$PI$$__aeabi_dmul
   000034f1     00005af4     00005af0   libc.a : e_asin.c.obj (.text.OUTLINED_FUNCTION_0)
                             00005b0c          : s_atan.c.obj (.text.OUTLINED_FUNCTION_0)
                             00005b20          : e_asin.c.obj (.text.OUTLINED_FUNCTION_1)
                             00005b42          : s_atan.c.obj (.text.OUTLINED_FUNCTION_2)
                             00005b70          : e_asin.c.obj (.text.OUTLINED_FUNCTION_2)
__aeabi_ddiv              $Tramp$TT$L$PI$$__aeabi_ddiv
   00002ff1     00005b2c     00005b2a   libc.a : e_asin.c.obj (.text.OUTLINED_FUNCTION_3)
__aeabi_dadd              $Tramp$TT$L$PI$$__aeabi_dadd
   0000252f     00005b5c     00005b58   libc.a : s_atan.c.obj (.text.OUTLINED_FUNCTION_1)
                             00005baa          : e_asin.c.obj (.text.OUTLINED_FUNCTION_4)
_c_int00_noargs           $Tramp$TT$L$PI$$_c_int00_noargs
   00005239     00005bb8     00005bb4   startup_mspm0g350x_ticlang.o (.text.Reset_Handler)

[5 trampolines]
[10 trampoline calls]


GLOBAL SYMBOLS: SORTED ALPHABETICALLY BY Name 

address   name                                 
-------   ----                                 
00003f6d  ADC0_IRQHandler                      
00005b79  ADC1_IRQHandler                      
00005b7d  AES_IRQHandler                       
00005b94  C$$EXIT                              
00005b81  CANFD0_IRQHandler                    
00005b85  DAC0_IRQHandler                      
00005ac5  DL_Common_delayCycles                
000042a5  DL_I2C_fillControllerTXFIFO          
00004c5d  DL_I2C_flushControllerTXFIFO         
00005287  DL_I2C_setClockConfig                
000035d5  DL_SYSCTL_configSYSPLL               
0000491d  DL_SYSCTL_switchMCLKfromSYSOSCtoHSCLK
00003205  DL_Timer_initFourCCPWMMode           
00003409  DL_Timer_initTimerMode               
000054ad  DL_Timer_setCaptCompUpdateMethod     
0000575d  DL_Timer_setCaptureCompareOutCtl     
00005a5d  DL_Timer_setCaptureCompareValue      
000054c9  DL_Timer_setClockConfig              
00004845  DL_UART_init                         
00005a17  DL_UART_setClockConfig               
00005b89  DMA_IRQHandler                       
00005b8d  Default_Handler                      
00005b91  GROUP0_IRQHandler                    
00003309  GROUP1_IRQHandler                    
00005b95  HOSTexit                             
00005b99  HardFault_Handler                    
00005b9d  I2C0_IRQHandler                      
00005ba1  I2C1_IRQHandler                      
00005835  IIC_Get_Digtal                       
000054e5  IIC_ReadByte                         
00005501  Motor_Off                            
00005ba5  NMI_Handler                          
00005bad  PendSV_Handler                       
00004f7d  Ping                                 
00005bb1  RTC_IRQHandler                       
00001349  Read_Quad                            
00005bb5  Reset_Handler                        
20200360  S2_flag                              
00005bc9  SPI0_IRQHandler                      
00005bcd  SPI1_IRQHandler                      
00005bd1  SVC_Handler                          
00001e09  SYSCFG_DL_GPIO_init                  
000043bd  SYSCFG_DL_I2C_GANWEI_init            
00004415  SYSCFG_DL_I2C_MPU6050_init           
00003b4d  SYSCFG_DL_PWM_MOTOR_init             
00004cd5  SYSCFG_DL_SYSCTL_init                
00004ee1  SYSCFG_DL_TIMER_GENERAL_init         
00004f15  SYSCFG_DL_TIMER_MUP6050_init         
00004f49  SYSCFG_DL_TIMER_PID_init             
000049a5  SYSCFG_DL_UART_BLUEUART_init         
000049e5  SYSCFG_DL_UART_PC_init               
00004a25  SYSCFG_DL_UART_placeholder_init      
00004575  SYSCFG_DL_init                       
00003861  SYSCFG_DL_initPower                  
000010ed  Set_Duty                             
00005a6d  SysTick_Handler                      
0000584d  SysTick_Init                         
00005bd5  TIMA0_IRQHandler                     
00004a65  TIMA1_IRQHandler                     
00005b8d  TIMG0_IRQHandler                     
00005bd9  TIMG12_IRQHandler                    
000040b5  TIMG6_IRQHandler                     
00005bdd  TIMG7_IRQHandler                     
00005be1  TIMG8_IRQHandler                     
00005a29  TI_memcpy_small                      
00005ab7  TI_memset_small                      
00005b8d  UART0_IRQHandler                     
00005b8d  UART1_IRQHandler                     
00005be5  UART2_IRQHandler                     
00005be9  UART3_IRQHandler                     
00004aa5  UART_send_buffer                     
00005211  UART_send_byte                       
0000488d  UART_send_float                      
00004d11  UART_send_int                        
000050f5  UART_send_string                     
20208000  __STACK_END                          
00000200  __STACK_SIZE                         
00000000  __TI_ATRegion0_region_sz             
00000000  __TI_ATRegion0_src_addr              
00000000  __TI_ATRegion0_trg_addr              
00000000  __TI_ATRegion1_region_sz             
00000000  __TI_ATRegion1_src_addr              
00000000  __TI_ATRegion1_trg_addr              
00000000  __TI_ATRegion2_region_sz             
00000000  __TI_ATRegion2_src_addr              
00000000  __TI_ATRegion2_trg_addr              
00005ed8  __TI_CINIT_Base                      
00005ee8  __TI_CINIT_Limit                     
00005ee8  __TI_CINIT_Warm                      
00005ec4  __TI_Handler_Table_Base              
00005ed0  __TI_Handler_Table_Limit             
00004dc5  __TI_auto_init_nobinit_nopinit       
00003e7d  __TI_decompress_lzss                 
00005a3b  __TI_decompress_none                 
0000446d  __TI_ltoa                            
ffffffff  __TI_pprof_out_hndl                  
000000c1  __TI_printfi                         
ffffffff  __TI_prof_data_size                  
ffffffff  __TI_prof_data_start                 
00000000  __TI_static_base__                   
000058eb  __TI_zero_init_nomemset              
0000252f  __adddf3                             
00003793  __addsf3                             
00005bf0  __aeabi_ctype_table_                 
00005bf0  __aeabi_ctype_table_C                
00003f71  __aeabi_d2f                          
000047f9  __aeabi_d2iz                         
00004961  __aeabi_d2uiz                        
0000252f  __aeabi_dadd                         
0000417d  __aeabi_dcmpeq                       
000041b9  __aeabi_dcmpge                       
000041cd  __aeabi_dcmpgt                       
000041a5  __aeabi_dcmple                       
00004191  __aeabi_dcmplt                       
00002ff1  __aeabi_ddiv                         
000034f1  __aeabi_dmul                         
00002525  __aeabi_dsub                         
20200334  __aeabi_errno                        
00005b45  __aeabi_errno_addr                   
00004b25  __aeabi_f2d                          
00003793  __aeabi_fadd                         
000041e1  __aeabi_fcmpeq                       
0000421d  __aeabi_fcmpge                       
00004231  __aeabi_fcmpgt                       
00004209  __aeabi_fcmple                       
000041f5  __aeabi_fcmplt                       
00003d7d  __aeabi_fdiv                         
00003be1  __aeabi_fmul                         
00003789  __aeabi_fsub                         
0000509d  __aeabi_i2d                          
00004d4d  __aeabi_i2f                          
0000451d  __aeabi_idiv                         
000026b7  __aeabi_idiv0                        
0000451d  __aeabi_idivmod                      
00003b4b  __aeabi_ldiv0                        
00005359  __aeabi_llsl                         
000052d1  __aeabi_lmul                         
00005b4d  __aeabi_memcpy                       
00005b4d  __aeabi_memcpy4                      
00005b4d  __aeabi_memcpy8                      
00005a8d  __aeabi_memset                       
00005a8d  __aeabi_memset4                      
00005a8d  __aeabi_memset8                      
000052ad  __aeabi_ui2d                         
00004ae5  __aeabi_uidiv                        
00004ae5  __aeabi_uidivmod                     
000059dd  __aeabi_uldivmod                     
00005359  __ashldi3                            
ffffffff  __binit__                            
00003fe5  __cmpdf2                             
00004e01  __cmpsf2                             
00002ff1  __divdf3                             
00003d7d  __divsf3                             
00003fe5  __eqdf2                              
00004e01  __eqsf2                              
00004b25  __extendsfdf2                        
000047f9  __fixdfsi                            
00004961  __fixunsdfsi                         
0000509d  __floatsidf                          
00004d4d  __floatsisf                          
000052ad  __floatunsidf                        
00003ef9  __gedf2                              
00004d89  __gesf2                              
00003ef9  __gtdf2                              
00004d89  __gtsf2                              
00003fe5  __ledf2                              
00004e01  __lesf2                              
00003fe5  __ltdf2                              
00004e01  __ltsf2                              
UNDEFED   __mpu_init                           
000034f1  __muldf3                             
000052d1  __muldi3                             
00004e3d  __muldsi3                            
00003be1  __mulsf3                             
00003fe5  __nedf2                              
00004e01  __nesf2                              
20207e00  __stack                              
20200000  __start___llvm_prf_bits              
20200000  __start___llvm_prf_cnts              
20200000  __stop___llvm_prf_bits               
20200000  __stop___llvm_prf_cnts               
00002525  __subdf3                             
00003789  __subsf3                             
00003f71  __truncdfsf2                         
00003aa9  __udivmoddi4                         
00005239  _c_int00_noargs                      
UNDEFED   _system_post_cinit                   
00005bed  _system_pre_init                     
00005b73  abort                                
202002c4  accel                                
202002d0  angle                                
00000a91  asin                                 
00000a91  asinl                                
00000df5  atan                                 
000026b9  atan2                                
000026b9  atan2l                               
00000df5  atanl                                
00004b65  atoi                                 
ffffffff  binit                                
00003e01  calc_position_error                  
20200362  circle_num                           
20200338  distance_left                        
2020033c  distance_mid                         
20200340  distance_right                       
00001c15  dmp_read_fifo                        
20200344  encode_cnt_left                      
20200348  encode_cnt_right                     
20200363  flag_100ms                           
20200364  flag_1s                              
000017cd  fmod                                 
000017cd  fmodl                                
000029b1  follow_line                          
00004305  frexp                                
00004305  frexpl                               
20200000  gPWM_MOTORBackup                     
20200178  gTIMER_GENERALBackup                 
202000bc  gTIMER_PIDBackup                     
00004245  get_angle_error                      
202002ca  gyro                                 
000039f9  hardware_IIC_ReadByte                
00005e50  hw                                   
00000000  interruptVectors                     
000036b1  ldexp                                
000036b1  ldexpl                               
00004ba5  limit_float                          
00002389  main                                 
000052f5  memccpy                              
202002ee  more                                 
00004119  mpu6050_i2c_sda_unlock               
000030fd  mpu_read_fifo_stream                 
000015a1  mpu_reset_fifo                       
00005041  mspm0_delay_ms                       
000050c9  mspm0_get_clock_ms                   
00002d9d  mspm0_i2c_read                       
00003935  mspm0_i2c_write                      
20200350  now_speed_left                       
20200354  now_speed_right                      
20200218  pid_angle                            
00002b09  pid_calculate                        
0000511f  pid_init                             
2020024c  pid_motor_left                       
20200280  pid_motor_right                      
20200366  pid_timer_flag                       
202002d4  pitch                                
202002b4  quat                                 
00005d88  reg                                  
202002d8  roll                                 
000036b1  scalbn                               
000036b1  scalbnl                              
202002dc  sensor_timestamp                     
2020032c  sensor_weights                       
202002ec  sensors                              
000045c9  set_target_speed                     
000047ad  snprintf                             
000021cd  speed_pid_controal                   
00002841  sqrt                                 
00002841  sqrtl                                
202002e0  start_time                           
00005aa9  strlen                               
00005d60  test                                 
202002e4  tick_ms                              
00005a7d  wcslen                               
202002e8  yaw                                  


GLOBAL SYMBOLS: SORTED BY Symbol Address 

address   name                                 
-------   ----                                 
00000000  __TI_ATRegion0_region_sz             
00000000  __TI_ATRegion0_src_addr              
00000000  __TI_ATRegion0_trg_addr              
00000000  __TI_ATRegion1_region_sz             
00000000  __TI_ATRegion1_src_addr              
00000000  __TI_ATRegion1_trg_addr              
00000000  __TI_ATRegion2_region_sz             
00000000  __TI_ATRegion2_src_addr              
00000000  __TI_ATRegion2_trg_addr              
00000000  __TI_static_base__                   
00000000  interruptVectors                     
000000c1  __TI_printfi                         
00000200  __STACK_SIZE                         
00000a91  asin                                 
00000a91  asinl                                
00000df5  atan                                 
00000df5  atanl                                
000010ed  Set_Duty                             
00001349  Read_Quad                            
000015a1  mpu_reset_fifo                       
000017cd  fmod                                 
000017cd  fmodl                                
00001c15  dmp_read_fifo                        
00001e09  SYSCFG_DL_GPIO_init                  
000021cd  speed_pid_controal                   
00002389  main                                 
00002525  __aeabi_dsub                         
00002525  __subdf3                             
0000252f  __adddf3                             
0000252f  __aeabi_dadd                         
000026b7  __aeabi_idiv0                        
000026b9  atan2                                
000026b9  atan2l                               
00002841  sqrt                                 
00002841  sqrtl                                
000029b1  follow_line                          
00002b09  pid_calculate                        
00002d9d  mspm0_i2c_read                       
00002ff1  __aeabi_ddiv                         
00002ff1  __divdf3                             
000030fd  mpu_read_fifo_stream                 
00003205  DL_Timer_initFourCCPWMMode           
00003309  GROUP1_IRQHandler                    
00003409  DL_Timer_initTimerMode               
000034f1  __aeabi_dmul                         
000034f1  __muldf3                             
000035d5  DL_SYSCTL_configSYSPLL               
000036b1  ldexp                                
000036b1  ldexpl                               
000036b1  scalbn                               
000036b1  scalbnl                              
00003789  __aeabi_fsub                         
00003789  __subsf3                             
00003793  __addsf3                             
00003793  __aeabi_fadd                         
00003861  SYSCFG_DL_initPower                  
00003935  mspm0_i2c_write                      
000039f9  hardware_IIC_ReadByte                
00003aa9  __udivmoddi4                         
00003b4b  __aeabi_ldiv0                        
00003b4d  SYSCFG_DL_PWM_MOTOR_init             
00003be1  __aeabi_fmul                         
00003be1  __mulsf3                             
00003d7d  __aeabi_fdiv                         
00003d7d  __divsf3                             
00003e01  calc_position_error                  
00003e7d  __TI_decompress_lzss                 
00003ef9  __gedf2                              
00003ef9  __gtdf2                              
00003f6d  ADC0_IRQHandler                      
00003f71  __aeabi_d2f                          
00003f71  __truncdfsf2                         
00003fe5  __cmpdf2                             
00003fe5  __eqdf2                              
00003fe5  __ledf2                              
00003fe5  __ltdf2                              
00003fe5  __nedf2                              
000040b5  TIMG6_IRQHandler                     
00004119  mpu6050_i2c_sda_unlock               
0000417d  __aeabi_dcmpeq                       
00004191  __aeabi_dcmplt                       
000041a5  __aeabi_dcmple                       
000041b9  __aeabi_dcmpge                       
000041cd  __aeabi_dcmpgt                       
000041e1  __aeabi_fcmpeq                       
000041f5  __aeabi_fcmplt                       
00004209  __aeabi_fcmple                       
0000421d  __aeabi_fcmpge                       
00004231  __aeabi_fcmpgt                       
00004245  get_angle_error                      
000042a5  DL_I2C_fillControllerTXFIFO          
00004305  frexp                                
00004305  frexpl                               
000043bd  SYSCFG_DL_I2C_GANWEI_init            
00004415  SYSCFG_DL_I2C_MPU6050_init           
0000446d  __TI_ltoa                            
0000451d  __aeabi_idiv                         
0000451d  __aeabi_idivmod                      
00004575  SYSCFG_DL_init                       
000045c9  set_target_speed                     
000047ad  snprintf                             
000047f9  __aeabi_d2iz                         
000047f9  __fixdfsi                            
00004845  DL_UART_init                         
0000488d  UART_send_float                      
0000491d  DL_SYSCTL_switchMCLKfromSYSOSCtoHSCLK
00004961  __aeabi_d2uiz                        
00004961  __fixunsdfsi                         
000049a5  SYSCFG_DL_UART_BLUEUART_init         
000049e5  SYSCFG_DL_UART_PC_init               
00004a25  SYSCFG_DL_UART_placeholder_init      
00004a65  TIMA1_IRQHandler                     
00004aa5  UART_send_buffer                     
00004ae5  __aeabi_uidiv                        
00004ae5  __aeabi_uidivmod                     
00004b25  __aeabi_f2d                          
00004b25  __extendsfdf2                        
00004b65  atoi                                 
00004ba5  limit_float                          
00004c5d  DL_I2C_flushControllerTXFIFO         
00004cd5  SYSCFG_DL_SYSCTL_init                
00004d11  UART_send_int                        
00004d4d  __aeabi_i2f                          
00004d4d  __floatsisf                          
00004d89  __gesf2                              
00004d89  __gtsf2                              
00004dc5  __TI_auto_init_nobinit_nopinit       
00004e01  __cmpsf2                             
00004e01  __eqsf2                              
00004e01  __lesf2                              
00004e01  __ltsf2                              
00004e01  __nesf2                              
00004e3d  __muldsi3                            
00004ee1  SYSCFG_DL_TIMER_GENERAL_init         
00004f15  SYSCFG_DL_TIMER_MUP6050_init         
00004f49  SYSCFG_DL_TIMER_PID_init             
00004f7d  Ping                                 
00005041  mspm0_delay_ms                       
0000509d  __aeabi_i2d                          
0000509d  __floatsidf                          
000050c9  mspm0_get_clock_ms                   
000050f5  UART_send_string                     
0000511f  pid_init                             
00005211  UART_send_byte                       
00005239  _c_int00_noargs                      
00005287  DL_I2C_setClockConfig                
000052ad  __aeabi_ui2d                         
000052ad  __floatunsidf                        
000052d1  __aeabi_lmul                         
000052d1  __muldi3                             
000052f5  memccpy                              
00005359  __aeabi_llsl                         
00005359  __ashldi3                            
000054ad  DL_Timer_setCaptCompUpdateMethod     
000054c9  DL_Timer_setClockConfig              
000054e5  IIC_ReadByte                         
00005501  Motor_Off                            
0000575d  DL_Timer_setCaptureCompareOutCtl     
00005835  IIC_Get_Digtal                       
0000584d  SysTick_Init                         
000058eb  __TI_zero_init_nomemset              
000059dd  __aeabi_uldivmod                     
00005a17  DL_UART_setClockConfig               
00005a29  TI_memcpy_small                      
00005a3b  __TI_decompress_none                 
00005a5d  DL_Timer_setCaptureCompareValue      
00005a6d  SysTick_Handler                      
00005a7d  wcslen                               
00005a8d  __aeabi_memset                       
00005a8d  __aeabi_memset4                      
00005a8d  __aeabi_memset8                      
00005aa9  strlen                               
00005ab7  TI_memset_small                      
00005ac5  DL_Common_delayCycles                
00005b45  __aeabi_errno_addr                   
00005b4d  __aeabi_memcpy                       
00005b4d  __aeabi_memcpy4                      
00005b4d  __aeabi_memcpy8                      
00005b73  abort                                
00005b79  ADC1_IRQHandler                      
00005b7d  AES_IRQHandler                       
00005b81  CANFD0_IRQHandler                    
00005b85  DAC0_IRQHandler                      
00005b89  DMA_IRQHandler                       
00005b8d  Default_Handler                      
00005b8d  TIMG0_IRQHandler                     
00005b8d  UART0_IRQHandler                     
00005b8d  UART1_IRQHandler                     
00005b91  GROUP0_IRQHandler                    
00005b94  C$$EXIT                              
00005b95  HOSTexit                             
00005b99  HardFault_Handler                    
00005b9d  I2C0_IRQHandler                      
00005ba1  I2C1_IRQHandler                      
00005ba5  NMI_Handler                          
00005bad  PendSV_Handler                       
00005bb1  RTC_IRQHandler                       
00005bb5  Reset_Handler                        
00005bc9  SPI0_IRQHandler                      
00005bcd  SPI1_IRQHandler                      
00005bd1  SVC_Handler                          
00005bd5  TIMA0_IRQHandler                     
00005bd9  TIMG12_IRQHandler                    
00005bdd  TIMG7_IRQHandler                     
00005be1  TIMG8_IRQHandler                     
00005be5  UART2_IRQHandler                     
00005be9  UART3_IRQHandler                     
00005bed  _system_pre_init                     
00005bf0  __aeabi_ctype_table_                 
00005bf0  __aeabi_ctype_table_C                
00005d60  test                                 
00005d88  reg                                  
00005e50  hw                                   
00005ec4  __TI_Handler_Table_Base              
00005ed0  __TI_Handler_Table_Limit             
00005ed8  __TI_CINIT_Base                      
00005ee8  __TI_CINIT_Limit                     
00005ee8  __TI_CINIT_Warm                      
20200000  __start___llvm_prf_bits              
20200000  __start___llvm_prf_cnts              
20200000  __stop___llvm_prf_bits               
20200000  __stop___llvm_prf_cnts               
20200000  gPWM_MOTORBackup                     
202000bc  gTIMER_PIDBackup                     
20200178  gTIMER_GENERALBackup                 
20200218  pid_angle                            
2020024c  pid_motor_left                       
20200280  pid_motor_right                      
202002b4  quat                                 
202002c4  accel                                
202002ca  gyro                                 
202002d0  angle                                
202002d4  pitch                                
202002d8  roll                                 
202002dc  sensor_timestamp                     
202002e0  start_time                           
202002e4  tick_ms                              
202002e8  yaw                                  
202002ec  sensors                              
202002ee  more                                 
2020032c  sensor_weights                       
20200334  __aeabi_errno                        
20200338  distance_left                        
2020033c  distance_mid                         
20200340  distance_right                       
20200344  encode_cnt_left                      
20200348  encode_cnt_right                     
20200350  now_speed_left                       
20200354  now_speed_right                      
20200360  S2_flag                              
20200362  circle_num                           
20200363  flag_100ms                           
20200364  flag_1s                              
20200366  pid_timer_flag                       
20207e00  __stack                              
20208000  __STACK_END                          
ffffffff  __TI_pprof_out_hndl                  
ffffffff  __TI_prof_data_size                  
ffffffff  __TI_prof_data_start                 
ffffffff  __binit__                            
ffffffff  binit                                
UNDEFED   __mpu_init                           
UNDEFED   _system_post_cinit                   

[263 symbols]
