******************************************************************************
            TI ARM Clang Linker PC v4.0.3                      
******************************************************************************
>> Linked Thu Aug  7 08:54:01 2025

OUTPUT FILE NAME:   <2025X.out>
ENTRY POINT SYMBOL: "_c_int00_noargs"  address: 0000295d


MEMORY CONFIGURATION

         name            origin    length      used     unused   attr    fill
----------------------  --------  ---------  --------  --------  ----  --------
  FLASH                 00000000   00020000  000031b8  0001ce48  R  X
  SRAM                  20200000   00008000  00000583  00007a7d  RW X
  BCR_CONFIG            41c00000   000000ff  00000000  000000ff  R   
  BSL_CONFIG            41c00100   00000080  00000000  00000080  R   


SEGMENT ALLOCATION MAP

run origin  load origin   length   init length attrs members
----------  ----------- ---------- ----------- ----- -------
00000000    00000000    000031b8   000031b8    r-x
  00000000    00000000    000000c0   000000c0    r-- .intvecs
  000000c0    000000c0    00002ff0   00002ff0    r-x .text
  000030b0    000030b0    000000a8   000000a8    r-- .rodata
  00003158    00003158    00000060   00000060    r-- .cinit
20200000    20200000    00000386   00000000    rw-
  20200000    20200000    00000339   00000000    rw- .bss
  2020033c    2020033c    0000004a   00000000    rw- .data
20207e00    20207e00    00000200   00000000    rw-
  20207e00    20207e00    00000200   00000000    rw- .stack


SECTION ALLOCATION MAP

 output                                  attributes/
section   page    origin      length       input sections
--------  ----  ----------  ----------   ----------------
.intvecs   0    00000000    000000c0     
                  00000000    000000c0     startup_mspm0g350x_ticlang.o (.intvecs)

.text      0    000000c0    00002ff0     
                  000000c0    00000284     libc.a : _printfi.c.obj (.text:__TI_printfi_minimal)
                  00000344    0000025c     motor.o (.text.Set_Duty)
                  000005a0    00000192     libclang_rt.builtins.a : adddf3.S.obj (.text.adddf3_subdf3)
                  00000732    00000002                            : aeabi_div0.c.obj (.text.__aeabi_idiv0)
                  00000734    00000188     No_Mcu_Ganv_Grayscale_Sensor.o (.text.No_MCU_Ganv_Sensor_Init)
                  000008bc    0000017c     follow_line.o (.text.follow_line)
                  00000a38    00000158     pid.o (.text.pid_calculate)
                  00000b90    00000150     ti_msp_dl_config.o (.text.SYSCFG_DL_GPIO_init)
                  00000ce0    00000138     main.o (.text.main)
                  00000e18    0000010c     follow_line.o (.text.Calibration_threshold)
                  00000f24    0000010c     libclang_rt.builtins.a : divdf3.S.obj (.text.__divdf3)
                  00001030    0000010c     pid.o (.text.speed_pid_controal)
                  0000113c    00000104     driverlib.a : dl_timer.o (.text.DL_Timer_initFourCCPWMMode)
                  00001240    000000e8                 : dl_timer.o (.text.DL_Timer_initTimerMode)
                  00001328    000000e4     libclang_rt.builtins.a : muldf3.S.obj (.text.__muldf3)
                  0000140c    000000dc     driverlib.a : dl_sysctl_mspm0g1x0x_g3x0x.o (.text.DL_SYSCTL_configSYSPLL)
                  000014e8    000000dc     No_Mcu_Ganv_Grayscale_Sensor.o (.text.Get_Analog_value)
                  000015c4    000000d8     interrupt.o (.text.GROUP1_IRQHandler)
                  0000169c    000000d8     libclang_rt.builtins.a : addsf3.S.obj (.text)
                  00001774    000000aa     No_Mcu_Ganv_Grayscale_Sensor.o (.text.normalizeAnalogValues)
                  0000181e    00000002     --HOLE-- [fill = 0]
                  00001820    00000094     ti_msp_dl_config.o (.text.SYSCFG_DL_PWM_MOTOR_init)
                  000018b4    0000008c     ti_msp_dl_config.o (.text.SYSCFG_DL_initPower)
                  00001940    0000008c     libclang_rt.builtins.a : mulsf3.S.obj (.text.__mulsf3)
                  000019cc    00000084     clock.o (.text.__NVIC_SetPriority)
                  00001a50    00000082     libclang_rt.builtins.a : divsf3.S.obj (.text.__divsf3)
                  00001ad2    00000002     --HOLE-- [fill = 0]
                  00001ad4    0000007c     follow_line.o (.text.calc_position_error)
                  00001b50    0000007c     libc.a : copy_decompress_lzss.c.obj (.text:decompress:lzss)
                  00001bcc    00000074     libclang_rt.builtins.a : comparedf2.c.obj (.text.__gedf2)
                  00001c40    00000074                            : truncdfsf2.S.obj (.text.__truncdfsf2)
                  00001cb4    00000072     No_Mcu_Ganv_Grayscale_Sensor.o (.text.No_MCU_Ganv_Sensor_Init_Frist)
                  00001d26    0000006c     No_Mcu_Ganv_Grayscale_Sensor.o (.text.convertAnalogToDigital)
                  00001d92    00000002     --HOLE-- [fill = 0]
                  00001d94    00000068     libclang_rt.builtins.a : comparedf2.c.obj (.text.__ledf2)
                  00001dfc    00000064     interrupt.o (.text.TIMG6_IRQHandler)
                  00001e60    00000062     libclang_rt.builtins.a : aeabi_dcmp.S.obj (.text.__aeabi_dcmp)
                  00001ec2    00000002     --HOLE-- [fill = 0]
                  00001ec4    00000062                            : aeabi_fcmp.S.obj (.text.__aeabi_fcmp)
                  00001f26    00000002     --HOLE-- [fill = 0]
                  00001f28    00000060     pid.o (.text.get_angle_error)
                  00001f88    00000054     pid.o (.text.set_target_speed)
                  00001fdc    00000050     clock.o (.text.SysTick_Config)
                  0000202c    0000004c     ti_msp_dl_config.o (.text.DL_UART_setBaudRateDivisor)
                  00002078    0000004c     ti_msp_dl_config.o (.text.SYSCFG_DL_ADC12_FOLLOW_LINE_init)
                  000020c4    0000004a     ti_msp_dl_config.o (.text.DL_ADC12_configConversionMem)
                  0000210e    00000002     --HOLE-- [fill = 0]
                  00002110    0000004a     libclang_rt.builtins.a : fixdfsi.S.obj (.text.__fixdfsi)
                  0000215a    0000004a     ADC.o (.text.adc_getValue)
                  000021a4    00000048     driverlib.a : dl_uart.o (.text.DL_UART_init)
                  000021ec    00000044                 : dl_sysctl_mspm0g1x0x_g3x0x.o (.text.DL_SYSCTL_switchMCLKfromSYSOSCtoHSCLK)
                  00002230    00000044     ti_msp_dl_config.o (.text.SYSCFG_DL_init)
                  00002274    00000042     No_Mcu_Ganv_Grayscale_Sensor.o (.text.No_Mcu_Ganv_Sensor_Task_Without_tick)
                  000022b6    00000002     --HOLE-- [fill = 0]
                  000022b8    00000042     libclang_rt.builtins.a : fixunsdfsi.S.obj (.text.__fixunsdfsi)
                  000022fa    00000002     --HOLE-- [fill = 0]
                  000022fc    00000040     driverlib.a : dl_adc12.o (.text.DL_ADC12_setClockConfig)
                  0000233c    00000040     ti_msp_dl_config.o (.text.SYSCFG_DL_UART_BLUEUART_init)
                  0000237c    00000040     interrupt.o (.text.TIMA1_IRQHandler)
                  000023bc    00000040     libclang_rt.builtins.a : aeabi_uidivmod.S.obj (.text.__aeabi_uidivmod)
                  000023fc    00000040                            : extendsfdf2.S.obj (.text.__extendsfdf2)
                  0000243c    0000003e     pid.o (.text.limit_float)
                  0000247a    00000002     --HOLE-- [fill = 0]
                  0000247c    0000003c     ti_msp_dl_config.o (.text.DL_GPIO_initPeripheralInputFunctionFeatures)
                  000024b8    0000003c     ti_msp_dl_config.o (.text.DL_Timer_setCounterControl)
                  000024f4    0000003c     No_Mcu_Ganv_Grayscale_Sensor.o (.text.Get_Anolog_Value)
                  00002530    0000003c     ti_msp_dl_config.o (.text.SYSCFG_DL_SYSCTL_init)
                  0000256c    0000003c     libclang_rt.builtins.a : floatsisf.S.obj (.text.__floatsisf)
                  000025a8    0000003c                            : comparesf2.S.obj (.text.__gtsf2)
                  000025e4    0000003c     libc.a : autoinit.c.obj (.text:__TI_auto_init_nobinit_nopinit)
                  00002620    0000003a     libclang_rt.builtins.a : comparesf2.S.obj (.text.__eqsf2)
                  0000265a    00000002     --HOLE-- [fill = 0]
                  0000265c    0000003a                            : muldsi3.S.obj (.text.__muldsi3)
                  00002696    00000002     --HOLE-- [fill = 0]
                  00002698    00000038     libc.a : sprintf.c.obj (.text.sprintf)
                  000026d0    00000034     ti_msp_dl_config.o (.text.DL_GPIO_initDigitalInputFeatures)
                  00002704    00000034     follow_line.o (.text.LED_blink)
                  00002738    00000034     ti_msp_dl_config.o (.text.SYSCFG_DL_TIMER_GENERAL_init)
                  0000276c    00000034     ti_msp_dl_config.o (.text.SYSCFG_DL_TIMER_PID_init)
                  000027a0    00000030     ADC.o (.text.DL_ADC12_getMemResult)
                  000027d0    00000030     ti_msp_dl_config.o (.text.DL_GPIO_initDigitalOutputFeatures)
                  00002800    00000030     clock.o (.text.mspm0_delay_ms)
                  00002830    0000002e     pid.o (.text.reset_pid)
                  0000285e    00000002     --HOLE-- [fill = 0]
                  00002860    0000002c     main.o (.text.__NVIC_EnableIRQ)
                  0000288c    0000002c     libclang_rt.builtins.a : floatsidf.S.obj (.text.__floatsidf)
                  000028b8    0000002a     xe_uart.o (.text.UART_send_string)
                  000028e2    0000002a     pid.o (.text.pid_init)
                  0000290c    00000028     ti_msp_dl_config.o (.text.DL_Common_updateReg)
                  00002934    00000028     xe_uart.o (.text.UART_send_byte)
                  0000295c    00000028     libc.a : boot_cortex_m.c.obj (.text:_c_int00_noargs)
                  00002984    00000024     libclang_rt.builtins.a : floatunsidf.S.obj (.text.__floatunsidf)
                  000029a8    00000022     libc.a : memccpy.c.obj (.text.memccpy)
                  000029ca    00000002     --HOLE-- [fill = 0]
                  000029cc    00000020     ti_msp_dl_config.o (.text.DL_SYSCTL_setFlashWaitState)
                  000029ec    0000001e     ti_msp_dl_config.o (.text.DL_ADC12_setPowerDownMode)
                  00002a0a    0000001e     ti_msp_dl_config.o (.text.DL_UART_setOversampling)
                  00002a28    0000001c     ADC.o (.text.DL_ADC12_startConversion)
                  00002a44    0000001c     ADC.o (.text.DL_ADC12_stopConversion)
                  00002a60    0000001c     interrupt.o (.text.DL_GPIO_clearInterruptStatus)
                  00002a7c    0000001c     ti_msp_dl_config.o (.text.DL_GPIO_clearInterruptStatus)
                  00002a98    0000001c     ti_msp_dl_config.o (.text.DL_GPIO_enableInterrupt)
                  00002ab4    0000001c     ti_msp_dl_config.o (.text.DL_GPIO_initPeripheralOutputFunction)
                  00002ad0    0000001c     ti_msp_dl_config.o (.text.DL_GPIO_setLowerPinsPolarity)
                  00002aec    0000001c     ti_msp_dl_config.o (.text.DL_SYSCTL_setSYSOSCFreq)
                  00002b08    0000001c     ti_msp_dl_config.o (.text.DL_SYSCTL_setULPCLKDivider)
                  00002b24    0000001c     ti_msp_dl_config.o (.text.DL_Timer_enableInterrupt)
                  00002b40    0000001c     driverlib.a : dl_timer.o (.text.DL_Timer_setCaptCompUpdateMethod)
                  00002b5c    0000001c                 : dl_timer.o (.text.DL_Timer_setClockConfig)
                  00002b78    0000001c     motor.o (.text.Motor_Off)
                  00002b94    0000001c     motor.o (.text.Motor_On)
                  00002bb0    00000018     ti_msp_dl_config.o (.text.DL_ADC12_enablePower)
                  00002bc8    00000018     ti_msp_dl_config.o (.text.DL_ADC12_reset)
                  00002be0    00000018     ti_msp_dl_config.o (.text.DL_ADC12_setSampleTime0)
                  00002bf8    00000018     ti_msp_dl_config.o (.text.DL_GPIO_enableOutput)
                  00002c10    00000018     ti_msp_dl_config.o (.text.DL_GPIO_enablePower)
                  00002c28    00000018     interrupt.o (.text.DL_GPIO_getEnabledInterruptStatus)
                  00002c40    00000018     ti_msp_dl_config.o (.text.DL_GPIO_initDigitalOutput)
                  00002c58    00000018     ti_msp_dl_config.o (.text.DL_GPIO_reset)
                  00002c70    00000018     No_Mcu_Ganv_Grayscale_Sensor.o (.text.DL_GPIO_setPins)
                  00002c88    00000018     follow_line.o (.text.DL_GPIO_setPins)
                  00002ca0    00000018     motor.o (.text.DL_GPIO_setPins)
                  00002cb8    00000018     ti_msp_dl_config.o (.text.DL_GPIO_setUpperPinsPolarity)
                  00002cd0    00000018     ti_msp_dl_config.o (.text.DL_SYSCTL_setBORThreshold)
                  00002ce8    00000018     ti_msp_dl_config.o (.text.DL_Timer_enablePower)
                  00002d00    00000018     ti_msp_dl_config.o (.text.DL_Timer_reset)
                  00002d18    00000018     driverlib.a : dl_timer.o (.text.DL_Timer_setCaptureCompareOutCtl)
                  00002d30    00000018     interrupt.o (.text.DL_Timer_setLoadValue)
                  00002d48    00000018     main.o (.text.DL_Timer_setLoadValue)
                  00002d60    00000018     interrupt.o (.text.DL_Timer_startCounter)
                  00002d78    00000018     main.o (.text.DL_Timer_startCounter)
                  00002d90    00000018     interrupt.o (.text.DL_Timer_stopCounter)
                  00002da8    00000018     ti_msp_dl_config.o (.text.DL_UART_enablePower)
                  00002dc0    00000018     xe_uart.o (.text.DL_UART_isTXFIFOFull)
                  00002dd8    00000018     ti_msp_dl_config.o (.text.DL_UART_reset)
                  00002df0    00000018     clock.o (.text.SysTick_Init)
                  00002e08    00000018     libc.a : sprintf.c.obj (.text._outs)
                  00002e20    00000016     ADC.o (.text.DL_ADC12_disableConversions)
                  00002e36    00000016     ADC.o (.text.DL_ADC12_enableConversions)
                  00002e4c    00000016     ti_msp_dl_config.o (.text.DL_ADC12_enableConversions)
                  00002e62    00000016     interrupt.o (.text.DL_GPIO_readPins)
                  00002e78    00000016     ti_msp_dl_config.o (.text.DL_UART_enable)
                  00002e8e    00000016     xe_uart.o (.text.DL_UART_transmitData)
                  00002ea4    00000016     libc.a : copy_zero_init.c.obj (.text:decompress:ZI:__TI_zero_init_nomemset)
                  00002eba    00000014     No_Mcu_Ganv_Grayscale_Sensor.o (.text.DL_GPIO_clearPins)
                  00002ece    00000014     follow_line.o (.text.DL_GPIO_clearPins)
                  00002ee2    00000014     motor.o (.text.DL_GPIO_clearPins)
                  00002ef6    00000014     ti_msp_dl_config.o (.text.DL_GPIO_clearPins)
                  00002f0a    00000002     --HOLE-- [fill = 0]
                  00002f0c    00000014     ti_msp_dl_config.o (.text.DL_SYSCTL_disableSYSPLL)
                  00002f20    00000014     ti_msp_dl_config.o (.text.DL_Timer_enableClock)
                  00002f34    00000014     ti_msp_dl_config.o (.text.DL_Timer_setCCPDirection)
                  00002f48    00000012     interrupt.o (.text.DL_Timer_getPendingInterrupt)
                  00002f5a    00000012     driverlib.a : dl_uart.o (.text.DL_UART_setClockConfig)
                  00002f6c    00000012     libc.a : memcpy16.S.obj (.text:TI_memcpy_small)
                  00002f7e    00000012            : copy_decompress_none.c.obj (.text:decompress:none)
                  00002f90    00000010     ADC.o (.text.DL_ADC12_getStatus)
                  00002fa0    00000010     ti_msp_dl_config.o (.text.DL_SYSCTL_disableHFXT)
                  00002fb0    00000010     driverlib.a : dl_timer.o (.text.DL_Timer_setCaptureCompareValue)
                  00002fc0    00000010     interrupt.o (.text.SysTick_Handler)
                  00002fd0    0000000e     No_Mcu_Ganv_Grayscale_Sensor.o (.text.Get_Digtal_For_User)
                  00002fde    00000002     --HOLE-- [fill = 0]
                  00002fe0    0000000e     libclang_rt.builtins.a : aeabi_memset.S.obj (.text.__aeabi_memset)
                  00002fee    0000000e     libc.a : _printfi.c.obj (.text.strlen)
                  00002ffc    0000000e            : memset16.S.obj (.text:TI_memset_small)
                  0000300a    00000002     --HOLE-- [fill = 0]
                  0000300c    0000000c     libclang_rt.builtins.a : aeabi_memset.S.obj (.text.__aeabi_memclr)
                  00003018    0000000a     driverlib.a : dl_common.o (.text.DL_Common_delayCycles)
                  00003022    0000000a     libc.a : sprintf.c.obj (.text._outc)
                  0000302c    00000008     libclang_rt.builtins.a : aeabi_memcpy.S.obj (.text.__aeabi_memcpy)
                  00003034    00000006     libc.a : exit.c.obj (.text:abort)
                  0000303a    00000004     interrupt.o (.text.ADC0_IRQHandler)
                  0000303e    00000004     interrupt.o (.text.ADC1_IRQHandler)
                  00003042    00000004     interrupt.o (.text.AES_IRQHandler)
                  00003046    00000004     interrupt.o (.text.CANFD0_IRQHandler)
                  0000304a    00000004     interrupt.o (.text.DAC0_IRQHandler)
                  0000304e    00000004     interrupt.o (.text.DMA_IRQHandler)
                  00003052    00000004     startup_mspm0g350x_ticlang.o (.text.Default_Handler)
                  00003056    00000004     interrupt.o (.text.GROUP0_IRQHandler)
                  0000305a    00000004     libsysbm.a : hostexit.c.obj (.text.HOSTexit)
                  0000305e    00000004     interrupt.o (.text.HardFault_Handler)
                  00003062    00000004     interrupt.o (.text.I2C0_IRQHandler)
                  00003066    00000004     interrupt.o (.text.I2C1_IRQHandler)
                  0000306a    00000004     interrupt.o (.text.NMI_Handler)
                  0000306e    00000004     interrupt.o (.text.PendSV_Handler)
                  00003072    00000004     interrupt.o (.text.RTC_IRQHandler)
                  00003076    00000004     startup_mspm0g350x_ticlang.o (.text.Reset_Handler)
                  0000307a    00000004     interrupt.o (.text.SPI0_IRQHandler)
                  0000307e    00000004     interrupt.o (.text.SPI1_IRQHandler)
                  00003082    00000004     interrupt.o (.text.SVC_Handler)
                  00003086    00000004     interrupt.o (.text.TIMA0_IRQHandler)
                  0000308a    00000004     interrupt.o (.text.TIMG12_IRQHandler)
                  0000308e    00000004     interrupt.o (.text.TIMG7_IRQHandler)
                  00003092    00000004     interrupt.o (.text.TIMG8_IRQHandler)
                  00003096    00000004     interrupt.o (.text.UART2_IRQHandler)
                  0000309a    00000004     interrupt.o (.text.UART3_IRQHandler)
                  0000309e    00000004     libc.a : pre_init.c.obj (.text._system_pre_init)
                  000030a2    0000000e     --HOLE-- [fill = 0]

.cinit     0    00003158    00000060     
                  00003158    00000035     (.cinit..data.load) [load image, compression = lzss]
                  0000318d    00000003     --HOLE-- [fill = 0]
                  00003190    0000000c     (__TI_handler_table)
                  0000319c    00000008     (.cinit..bss.load) [load image, compression = zero_init]
                  000031a4    00000010     (__TI_cinit_table)
                  000031b4    00000004     --HOLE-- [fill = 0]

.rodata    0    000030b0    000000a8     
                  000030b0    00000028     ti_msp_dl_config.o (.rodata.gSYSPLLConfig)
                  000030d8    00000021     follow_line.o (.rodata.str1.1689574092237116259.1)
                  000030f9    00000003     ti_msp_dl_config.o (.rodata.gPWM_MOTORClockConfig)
                  000030fc    00000014     ti_msp_dl_config.o (.rodata.gTIMER_GENERALTimerConfig)
                  00003110    00000014     ti_msp_dl_config.o (.rodata.gTIMER_PIDTimerConfig)
                  00003124    00000011     libc.a : _printfi.c.obj (.rodata.str1.15363888844622738466.1)
                  00003135    00000001     --HOLE-- [fill = 0]
                  00003136    0000000a     ti_msp_dl_config.o (.rodata.gUART_BLUEUARTConfig)
                  00003140    00000008     ti_msp_dl_config.o (.rodata.gADC12_FOLLOW_LINEClockConfig)
                  00003148    00000008     ti_msp_dl_config.o (.rodata.gPWM_MOTORConfig)
                  00003150    00000003     ti_msp_dl_config.o (.rodata.gTIMER_GENERALClockConfig)
                  00003153    00000003     ti_msp_dl_config.o (.rodata.gTIMER_PIDClockConfig)
                  00003156    00000002     ti_msp_dl_config.o (.rodata.gUART_BLUEUARTClockConfig)

.init_array 
*          0    00000000    00000000     UNINITIALIZED

.binit     0    00000000    00000000     

.bss       0    20200000    00000339     UNINITIALIZED
                  20200000    000000bc     (.common:gPWM_MOTORBackup)
                  202000bc    000000bc     (.common:gTIMER_PIDBackup)
                  20200178    000000b0     (.common:sensor)
                  20200228    000000a0     (.common:gTIMER_GENERALBackup)
                  202002c8    00000034     (.common:pid_motor_left)
                  202002fc    00000034     (.common:pid_motor_right)
                  20200330    00000004     (.common:start_time)
                  20200334    00000004     (.common:tick_ms)
                  20200338    00000001     (.common:Digtal)

.data      0    2020033c    0000004a     UNINITIALIZED
                  2020033c    00000010     follow_line.o (.data.black)
                  2020034c    00000010     follow_line.o (.data.white)
                  2020035c    00000008     follow_line.o (.data.sensor_weights)
                  20200364    00000004     pid.o (.data.encode_cnt_left)
                  20200368    00000004     pid.o (.data.encode_cnt_right)
                  2020036c    00000004     follow_line.o (.data.follow_line.last_direction)
                  20200370    00000004     pid.o (.data.now_speed_left)
                  20200374    00000004     pid.o (.data.now_speed_right)
                  20200378    00000004     pid.o (.data.target_speed_left)
                  2020037c    00000004     pid.o (.data.target_speed_right)
                  20200380    00000001     interrupt.o (.data.S2_flag)
                  20200381    00000001     interrupt.o (.data.TIMG6_IRQHandler.count_100ms)
                  20200382    00000001     interrupt.o (.data.flag_100ms)
                  20200383    00000001     interrupt.o (.data.flag_1s)
                  20200384    00000001     motor.o (.data.motor_on_flag)
                  20200385    00000001     interrupt.o (.data.pid_timer_flag)

.stack     0    20207e00    00000200     UNINITIALIZED
                  20207e00    00000004     libc.a : boot_cortex_m.c.obj (.stack)
                  20207e04    000001fc     --HOLE--

__llvm_prf_cnts 
*          0    20200000    00000000     UNINITIALIZED

__llvm_prf_bits 
*          0    20200000    00000000     UNINITIALIZED

MODULE SUMMARY

       Module                           code    ro data   rw data
       ------                           ----    -------   -------
    .\
       ti_msp_dl_config.o               2146    117       536    
       main.o                           404     0         0      
       startup_mspm0g350x_ticlang.o     8       192       0      
    +--+--------------------------------+-------+---------+---------+
       Total:                           2558    309       536    
                                                                 
    .\GANWEI\
       No_Mcu_Ganv_Grayscale_Sensor.o   1188    0         0      
       ADC.o                            238     0         0      
    +--+--------------------------------+-------+---------+---------+
       Total:                           1426    0         0      
                                                                 
    .\MSPM0\
       interrupt.o                      648     0         5      
       clock.o                          284     0         8      
    +--+--------------------------------+-------+---------+---------+
       Total:                           932     0         13     
                                                                 
    .\UART\
       xe_uart.o                        128     0         0      
    +--+--------------------------------+-------+---------+---------+
       Total:                           128     0         0      
                                                                 
    .\motor\
       follow_line.o                    868     33        221    
       pid.o                            942     0         128    
       motor.o                          704     0         1      
    +--+--------------------------------+-------+---------+---------+
       Total:                           2514    33        350    
                                                                 
    C:/APPLICATION/ti_SDK/mspm0_sdk_2_04_00_06/source/ti/driverlib/lib/ticlang/m0p/mspm0g1x0x_g3x0x/driverlib.a
       dl_timer.o                       588     0         0      
       dl_sysctl_mspm0g1x0x_g3x0x.o     288     0         0      
       dl_uart.o                        90      0         0      
       dl_adc12.o                       64      0         0      
       dl_common.o                      10      0         0      
    +--+--------------------------------+-------+---------+---------+
       Total:                           1040    0         0      
                                                                 
    C:\APPLICATION\TIccs2011\ccs\tools\compiler\ti-cgt-armllvm_4.0.3.LTS\lib\armv6m-ti-none-eabi/c/libc.a
       _printfi.c.obj                   658     17        0      
       copy_decompress_lzss.c.obj       124     0         0      
       sprintf.c.obj                    90      0         0      
       autoinit.c.obj                   60      0         0      
       boot_cortex_m.c.obj              40      0         0      
       memccpy.c.obj                    34      0         0      
       copy_zero_init.c.obj             22      0         0      
       copy_decompress_none.c.obj       18      0         0      
       memcpy16.S.obj                   18      0         0      
       memset16.S.obj                   14      0         0      
       exit.c.obj                       6       0         0      
       pre_init.c.obj                   4       0         0      
    +--+--------------------------------+-------+---------+---------+
       Total:                           1088    17        0      
                                                                 
    C:\APPLICATION\TIccs2011\ccs\tools\compiler\ti-cgt-armllvm_4.0.3.LTS\lib\armv6m-ti-none-eabi/c/libsysbm.a
       hostexit.c.obj                   4       0         0      
    +--+--------------------------------+-------+---------+---------+
       Total:                           4       0         0      
                                                                 
    C:\APPLICATION\TIccs2011\ccs\tools\compiler\ti-cgt-armllvm_4.0.3.LTS\lib\armv6m-ti-none-eabi/libclang_rt.builtins.a
       adddf3.S.obj                     402     0         0      
       divdf3.S.obj                     268     0         0      
       muldf3.S.obj                     228     0         0      
       comparedf2.c.obj                 220     0         0      
       addsf3.S.obj                     216     0         0      
       mulsf3.S.obj                     140     0         0      
       divsf3.S.obj                     130     0         0      
       comparesf2.S.obj                 118     0         0      
       truncdfsf2.S.obj                 116     0         0      
       aeabi_dcmp.S.obj                 98      0         0      
       aeabi_fcmp.S.obj                 98      0         0      
       fixdfsi.S.obj                    74      0         0      
       fixunsdfsi.S.obj                 66      0         0      
       aeabi_uidivmod.S.obj             64      0         0      
       extendsfdf2.S.obj                64      0         0      
       floatsisf.S.obj                  60      0         0      
       muldsi3.S.obj                    58      0         0      
       floatsidf.S.obj                  44      0         0      
       floatunsidf.S.obj                36      0         0      
       aeabi_memset.S.obj               26      0         0      
       aeabi_memcpy.S.obj               8       0         0      
       aeabi_div0.c.obj                 2       0         0      
    +--+--------------------------------+-------+---------+---------+
       Total:                           2536    0         0      
                                                                 
       Stack:                           0       0         512    
       Linker Generated:                0       89        0      
    +--+--------------------------------+-------+---------+---------+
       Grand Total:                     12226   448       1411   


LINKER GENERATED COPY TABLES

__TI_cinit_table @ 000031a4 records: 2, size/record: 8, table size: 16
	.data: load addr=00003158, load size=00000035 bytes, run addr=2020033c, run size=0000004a bytes, compression=lzss
	.bss: load addr=0000319c, load size=00000008 bytes, run addr=20200000, run size=00000339 bytes, compression=zero_init


LINKER GENERATED HANDLER TABLE

__TI_handler_table @ 00003190 records: 3, size/record: 4, table size: 12
	index: 0, handler: __TI_decompress_lzss
	index: 1, handler: __TI_decompress_none
	index: 2, handler: __TI_zero_init


GLOBAL SYMBOLS: SORTED ALPHABETICALLY BY Name 

address   name                                 
-------   ----                                 
0000303b  ADC0_IRQHandler                      
0000303f  ADC1_IRQHandler                      
00003043  AES_IRQHandler                       
0000305a  C$$EXIT                              
00003047  CANFD0_IRQHandler                    
00000e19  Calibration_threshold                
0000304b  DAC0_IRQHandler                      
000022fd  DL_ADC12_setClockConfig              
00003019  DL_Common_delayCycles                
0000140d  DL_SYSCTL_configSYSPLL               
000021ed  DL_SYSCTL_switchMCLKfromSYSOSCtoHSCLK
0000113d  DL_Timer_initFourCCPWMMode           
00001241  DL_Timer_initTimerMode               
00002b41  DL_Timer_setCaptCompUpdateMethod     
00002d19  DL_Timer_setCaptureCompareOutCtl     
00002fb1  DL_Timer_setCaptureCompareValue      
00002b5d  DL_Timer_setClockConfig              
000021a5  DL_UART_init                         
00002f5b  DL_UART_setClockConfig               
0000304f  DMA_IRQHandler                       
00003053  Default_Handler                      
20200338  Digtal                               
00003057  GROUP0_IRQHandler                    
000015c5  GROUP1_IRQHandler                    
000014e9  Get_Analog_value                     
000024f5  Get_Anolog_Value                     
00002fd1  Get_Digtal_For_User                  
0000305b  HOSTexit                             
0000305f  HardFault_Handler                    
00003063  I2C0_IRQHandler                      
00003067  I2C1_IRQHandler                      
00002705  LED_blink                            
00002b79  Motor_Off                            
00002b95  Motor_On                             
0000306b  NMI_Handler                          
00000735  No_MCU_Ganv_Sensor_Init              
00001cb5  No_MCU_Ganv_Sensor_Init_Frist        
00002275  No_Mcu_Ganv_Sensor_Task_Without_tick 
0000306f  PendSV_Handler                       
00003073  RTC_IRQHandler                       
00003077  Reset_Handler                        
20200380  S2_flag                              
0000307b  SPI0_IRQHandler                      
0000307f  SPI1_IRQHandler                      
00003083  SVC_Handler                          
00002079  SYSCFG_DL_ADC12_FOLLOW_LINE_init     
00000b91  SYSCFG_DL_GPIO_init                  
00001821  SYSCFG_DL_PWM_MOTOR_init             
00002531  SYSCFG_DL_SYSCTL_init                
00002739  SYSCFG_DL_TIMER_GENERAL_init         
0000276d  SYSCFG_DL_TIMER_PID_init             
0000233d  SYSCFG_DL_UART_BLUEUART_init         
00002231  SYSCFG_DL_init                       
000018b5  SYSCFG_DL_initPower                  
00000345  Set_Duty                             
00002fc1  SysTick_Handler                      
00002df1  SysTick_Init                         
00003087  TIMA0_IRQHandler                     
0000237d  TIMA1_IRQHandler                     
00003053  TIMG0_IRQHandler                     
0000308b  TIMG12_IRQHandler                    
00001dfd  TIMG6_IRQHandler                     
0000308f  TIMG7_IRQHandler                     
00003093  TIMG8_IRQHandler                     
00002f6d  TI_memcpy_small                      
00002ffd  TI_memset_small                      
00003053  UART0_IRQHandler                     
00003053  UART1_IRQHandler                     
00003097  UART2_IRQHandler                     
0000309b  UART3_IRQHandler                     
00002935  UART_send_byte                       
000028b9  UART_send_string                     
20208000  __STACK_END                          
00000200  __STACK_SIZE                         
00000000  __TI_ATRegion0_region_sz             
00000000  __TI_ATRegion0_src_addr              
00000000  __TI_ATRegion0_trg_addr              
00000000  __TI_ATRegion1_region_sz             
00000000  __TI_ATRegion1_src_addr              
00000000  __TI_ATRegion1_trg_addr              
00000000  __TI_ATRegion2_region_sz             
00000000  __TI_ATRegion2_src_addr              
00000000  __TI_ATRegion2_trg_addr              
000031a4  __TI_CINIT_Base                      
000031b4  __TI_CINIT_Limit                     
000031b4  __TI_CINIT_Warm                      
00003190  __TI_Handler_Table_Base              
0000319c  __TI_Handler_Table_Limit             
000025e5  __TI_auto_init_nobinit_nopinit       
00001b51  __TI_decompress_lzss                 
00002f7f  __TI_decompress_none                 
ffffffff  __TI_pprof_out_hndl                  
000000c1  __TI_printfi_minimal                 
ffffffff  __TI_prof_data_size                  
ffffffff  __TI_prof_data_start                 
00000000  __TI_static_base__                   
00002ea5  __TI_zero_init_nomemset              
000005ab  __adddf3                             
000016a7  __addsf3                             
00001c41  __aeabi_d2f                          
00002111  __aeabi_d2iz                         
000022b9  __aeabi_d2uiz                        
000005ab  __aeabi_dadd                         
00001e61  __aeabi_dcmpeq                       
00001e9d  __aeabi_dcmpge                       
00001eb1  __aeabi_dcmpgt                       
00001e89  __aeabi_dcmple                       
00001e75  __aeabi_dcmplt                       
00000f25  __aeabi_ddiv                         
00001329  __aeabi_dmul                         
000005a1  __aeabi_dsub                         
000023fd  __aeabi_f2d                          
000016a7  __aeabi_fadd                         
00001ec5  __aeabi_fcmpeq                       
00001f01  __aeabi_fcmpge                       
00001f15  __aeabi_fcmpgt                       
00001eed  __aeabi_fcmple                       
00001ed9  __aeabi_fcmplt                       
00001a51  __aeabi_fdiv                         
00001941  __aeabi_fmul                         
0000169d  __aeabi_fsub                         
0000288d  __aeabi_i2d                          
0000256d  __aeabi_i2f                          
00000733  __aeabi_idiv0                        
0000300d  __aeabi_memclr                       
0000300d  __aeabi_memclr4                      
0000300d  __aeabi_memclr8                      
0000302d  __aeabi_memcpy                       
0000302d  __aeabi_memcpy4                      
0000302d  __aeabi_memcpy8                      
00002fe1  __aeabi_memset                       
00002fe1  __aeabi_memset4                      
00002fe1  __aeabi_memset8                      
00002985  __aeabi_ui2d                         
000023bd  __aeabi_uidiv                        
000023bd  __aeabi_uidivmod                     
ffffffff  __binit__                            
00001d95  __cmpdf2                             
00002621  __cmpsf2                             
00000f25  __divdf3                             
00001a51  __divsf3                             
00001d95  __eqdf2                              
00002621  __eqsf2                              
000023fd  __extendsfdf2                        
00002111  __fixdfsi                            
000022b9  __fixunsdfsi                         
0000288d  __floatsidf                          
0000256d  __floatsisf                          
00002985  __floatunsidf                        
00001bcd  __gedf2                              
000025a9  __gesf2                              
00001bcd  __gtdf2                              
000025a9  __gtsf2                              
00001d95  __ledf2                              
00002621  __lesf2                              
00001d95  __ltdf2                              
00002621  __ltsf2                              
UNDEFED   __mpu_init                           
00001329  __muldf3                             
0000265d  __muldsi3                            
00001941  __mulsf3                             
00001d95  __nedf2                              
00002621  __nesf2                              
20207e00  __stack                              
20200000  __start___llvm_prf_bits              
20200000  __start___llvm_prf_cnts              
20200000  __stop___llvm_prf_bits               
20200000  __stop___llvm_prf_cnts               
000005a1  __subdf3                             
0000169d  __subsf3                             
00001c41  __truncdfsf2                         
0000295d  _c_int00_noargs                      
UNDEFED   _system_post_cinit                   
0000309f  _system_pre_init                     
00003035  abort                                
0000215b  adc_getValue                         
ffffffff  binit                                
2020033c  black                                
00001ad5  calc_position_error                  
00001d27  convertAnalogToDigital               
20200364  encode_cnt_left                      
20200368  encode_cnt_right                     
20200382  flag_100ms                           
20200383  flag_1s                              
000008bd  follow_line                          
20200000  gPWM_MOTORBackup                     
20200228  gTIMER_GENERALBackup                 
202000bc  gTIMER_PIDBackup                     
00001f29  get_angle_error                      
00000000  interruptVectors                     
0000243d  limit_float                          
00000ce1  main                                 
000029a9  memccpy                              
00002801  mspm0_delay_ms                       
00001775  normalizeAnalogValues                
20200370  now_speed_left                       
20200374  now_speed_right                      
00000a39  pid_calculate                        
000028e3  pid_init                             
202002c8  pid_motor_left                       
202002fc  pid_motor_right                      
20200385  pid_timer_flag                       
00002831  reset_pid                            
20200178  sensor                               
00001f89  set_target_speed                     
00001031  speed_pid_controal                   
00002699  sprintf                              
20200330  start_time                           
20200334  tick_ms                              
2020034c  white                                


GLOBAL SYMBOLS: SORTED BY Symbol Address 

address   name                                 
-------   ----                                 
00000000  __TI_ATRegion0_region_sz             
00000000  __TI_ATRegion0_src_addr              
00000000  __TI_ATRegion0_trg_addr              
00000000  __TI_ATRegion1_region_sz             
00000000  __TI_ATRegion1_src_addr              
00000000  __TI_ATRegion1_trg_addr              
00000000  __TI_ATRegion2_region_sz             
00000000  __TI_ATRegion2_src_addr              
00000000  __TI_ATRegion2_trg_addr              
00000000  __TI_static_base__                   
00000000  interruptVectors                     
000000c1  __TI_printfi_minimal                 
00000200  __STACK_SIZE                         
00000345  Set_Duty                             
000005a1  __aeabi_dsub                         
000005a1  __subdf3                             
000005ab  __adddf3                             
000005ab  __aeabi_dadd                         
00000733  __aeabi_idiv0                        
00000735  No_MCU_Ganv_Sensor_Init              
000008bd  follow_line                          
00000a39  pid_calculate                        
00000b91  SYSCFG_DL_GPIO_init                  
00000ce1  main                                 
00000e19  Calibration_threshold                
00000f25  __aeabi_ddiv                         
00000f25  __divdf3                             
00001031  speed_pid_controal                   
0000113d  DL_Timer_initFourCCPWMMode           
00001241  DL_Timer_initTimerMode               
00001329  __aeabi_dmul                         
00001329  __muldf3                             
0000140d  DL_SYSCTL_configSYSPLL               
000014e9  Get_Analog_value                     
000015c5  GROUP1_IRQHandler                    
0000169d  __aeabi_fsub                         
0000169d  __subsf3                             
000016a7  __addsf3                             
000016a7  __aeabi_fadd                         
00001775  normalizeAnalogValues                
00001821  SYSCFG_DL_PWM_MOTOR_init             
000018b5  SYSCFG_DL_initPower                  
00001941  __aeabi_fmul                         
00001941  __mulsf3                             
00001a51  __aeabi_fdiv                         
00001a51  __divsf3                             
00001ad5  calc_position_error                  
00001b51  __TI_decompress_lzss                 
00001bcd  __gedf2                              
00001bcd  __gtdf2                              
00001c41  __aeabi_d2f                          
00001c41  __truncdfsf2                         
00001cb5  No_MCU_Ganv_Sensor_Init_Frist        
00001d27  convertAnalogToDigital               
00001d95  __cmpdf2                             
00001d95  __eqdf2                              
00001d95  __ledf2                              
00001d95  __ltdf2                              
00001d95  __nedf2                              
00001dfd  TIMG6_IRQHandler                     
00001e61  __aeabi_dcmpeq                       
00001e75  __aeabi_dcmplt                       
00001e89  __aeabi_dcmple                       
00001e9d  __aeabi_dcmpge                       
00001eb1  __aeabi_dcmpgt                       
00001ec5  __aeabi_fcmpeq                       
00001ed9  __aeabi_fcmplt                       
00001eed  __aeabi_fcmple                       
00001f01  __aeabi_fcmpge                       
00001f15  __aeabi_fcmpgt                       
00001f29  get_angle_error                      
00001f89  set_target_speed                     
00002079  SYSCFG_DL_ADC12_FOLLOW_LINE_init     
00002111  __aeabi_d2iz                         
00002111  __fixdfsi                            
0000215b  adc_getValue                         
000021a5  DL_UART_init                         
000021ed  DL_SYSCTL_switchMCLKfromSYSOSCtoHSCLK
00002231  SYSCFG_DL_init                       
00002275  No_Mcu_Ganv_Sensor_Task_Without_tick 
000022b9  __aeabi_d2uiz                        
000022b9  __fixunsdfsi                         
000022fd  DL_ADC12_setClockConfig              
0000233d  SYSCFG_DL_UART_BLUEUART_init         
0000237d  TIMA1_IRQHandler                     
000023bd  __aeabi_uidiv                        
000023bd  __aeabi_uidivmod                     
000023fd  __aeabi_f2d                          
000023fd  __extendsfdf2                        
0000243d  limit_float                          
000024f5  Get_Anolog_Value                     
00002531  SYSCFG_DL_SYSCTL_init                
0000256d  __aeabi_i2f                          
0000256d  __floatsisf                          
000025a9  __gesf2                              
000025a9  __gtsf2                              
000025e5  __TI_auto_init_nobinit_nopinit       
00002621  __cmpsf2                             
00002621  __eqsf2                              
00002621  __lesf2                              
00002621  __ltsf2                              
00002621  __nesf2                              
0000265d  __muldsi3                            
00002699  sprintf                              
00002705  LED_blink                            
00002739  SYSCFG_DL_TIMER_GENERAL_init         
0000276d  SYSCFG_DL_TIMER_PID_init             
00002801  mspm0_delay_ms                       
00002831  reset_pid                            
0000288d  __aeabi_i2d                          
0000288d  __floatsidf                          
000028b9  UART_send_string                     
000028e3  pid_init                             
00002935  UART_send_byte                       
0000295d  _c_int00_noargs                      
00002985  __aeabi_ui2d                         
00002985  __floatunsidf                        
000029a9  memccpy                              
00002b41  DL_Timer_setCaptCompUpdateMethod     
00002b5d  DL_Timer_setClockConfig              
00002b79  Motor_Off                            
00002b95  Motor_On                             
00002d19  DL_Timer_setCaptureCompareOutCtl     
00002df1  SysTick_Init                         
00002ea5  __TI_zero_init_nomemset              
00002f5b  DL_UART_setClockConfig               
00002f6d  TI_memcpy_small                      
00002f7f  __TI_decompress_none                 
00002fb1  DL_Timer_setCaptureCompareValue      
00002fc1  SysTick_Handler                      
00002fd1  Get_Digtal_For_User                  
00002fe1  __aeabi_memset                       
00002fe1  __aeabi_memset4                      
00002fe1  __aeabi_memset8                      
00002ffd  TI_memset_small                      
0000300d  __aeabi_memclr                       
0000300d  __aeabi_memclr4                      
0000300d  __aeabi_memclr8                      
00003019  DL_Common_delayCycles                
0000302d  __aeabi_memcpy                       
0000302d  __aeabi_memcpy4                      
0000302d  __aeabi_memcpy8                      
00003035  abort                                
0000303b  ADC0_IRQHandler                      
0000303f  ADC1_IRQHandler                      
00003043  AES_IRQHandler                       
00003047  CANFD0_IRQHandler                    
0000304b  DAC0_IRQHandler                      
0000304f  DMA_IRQHandler                       
00003053  Default_Handler                      
00003053  TIMG0_IRQHandler                     
00003053  UART0_IRQHandler                     
00003053  UART1_IRQHandler                     
00003057  GROUP0_IRQHandler                    
0000305a  C$$EXIT                              
0000305b  HOSTexit                             
0000305f  HardFault_Handler                    
00003063  I2C0_IRQHandler                      
00003067  I2C1_IRQHandler                      
0000306b  NMI_Handler                          
0000306f  PendSV_Handler                       
00003073  RTC_IRQHandler                       
00003077  Reset_Handler                        
0000307b  SPI0_IRQHandler                      
0000307f  SPI1_IRQHandler                      
00003083  SVC_Handler                          
00003087  TIMA0_IRQHandler                     
0000308b  TIMG12_IRQHandler                    
0000308f  TIMG7_IRQHandler                     
00003093  TIMG8_IRQHandler                     
00003097  UART2_IRQHandler                     
0000309b  UART3_IRQHandler                     
0000309f  _system_pre_init                     
00003190  __TI_Handler_Table_Base              
0000319c  __TI_Handler_Table_Limit             
000031a4  __TI_CINIT_Base                      
000031b4  __TI_CINIT_Limit                     
000031b4  __TI_CINIT_Warm                      
20200000  __start___llvm_prf_bits              
20200000  __start___llvm_prf_cnts              
20200000  __stop___llvm_prf_bits               
20200000  __stop___llvm_prf_cnts               
20200000  gPWM_MOTORBackup                     
202000bc  gTIMER_PIDBackup                     
20200178  sensor                               
20200228  gTIMER_GENERALBackup                 
202002c8  pid_motor_left                       
202002fc  pid_motor_right                      
20200330  start_time                           
20200334  tick_ms                              
20200338  Digtal                               
2020033c  black                                
2020034c  white                                
20200364  encode_cnt_left                      
20200368  encode_cnt_right                     
20200370  now_speed_left                       
20200374  now_speed_right                      
20200380  S2_flag                              
20200382  flag_100ms                           
20200383  flag_1s                              
20200385  pid_timer_flag                       
20207e00  __stack                              
20208000  __STACK_END                          
ffffffff  __TI_pprof_out_hndl                  
ffffffff  __TI_prof_data_size                  
ffffffff  __TI_prof_data_start                 
ffffffff  __binit__                            
ffffffff  binit                                
UNDEFED   __mpu_init                           
UNDEFED   _system_post_cinit                   

[210 symbols]
