<?xml version="1.0" encoding="ISO-8859-1" ?>
<link_info>
   <banner>TI ARM Clang Linker PC v4.0.3.LTS</banner>
   <copyright>Copyright (c) 1996-2018 Texas Instruments Incorporated</copyright>
   <command_line>C:\APPLICATION\TIccs2011\ccs\tools\compiler\ti-cgt-armllvm_4.0.3.LTS\bin\tiarmlnk -IC:\APPLICATION\TIccs2011\ccs\tools\compiler\ti-cgt-armllvm_4.0.3.LTS\lib -o 2025X.out -m2025X.map -iC:/APPLICATION/ti_SDK/mspm0_sdk_2_04_00_06/source -iC:/Users/Xe-131/workspace_ccstheia/2025X -iC:/Users/Xe-131/workspace_ccstheia/2025X/Debug/syscfg -iC:/APPLICATION/TIccs2011/ccs/tools/compiler/ti-cgt-armllvm_4.0.3.LTS/lib --diag_wrap=off --display_error_number --warn_sections --xml_link_info=2025X_linkInfo.xml --rom_model ./ti_msp_dl_config.o ./startup_mspm0g350x_ticlang.o ./main.o ./GANWEI/gw_IIC.o ./GANWEI/gw_hardware_iic.o ./MPU6050/inv_mpu.o ./MPU6050/inv_mpu_dmp_motion_driver.o ./MPU6050/mpu6050.o ./MPU6050/mspm0_i2c.o ./MSPM0/clock.o ./MSPM0/interrupt.o ./UART/xe_uart.o ./motor/angle.o ./motor/follow_line.o ./motor/motor.o ./motor/pid.o -l./device_linker.cmd -ldevice.cmd.genlibs -llibc.a --start-group -llibc++.a -llibc++abi.a -llibc.a -llibsys.a -llibsysbm.a -llibclang_rt.builtins.a -llibclang_rt.profile.a --end-group --cg_opt_level=0</command_line>
   <link_time>0x6889d63f</link_time>
   <link_errors>0x0</link_errors>
   <output_file>C:\Users\Xe-131\workspace_ccstheia\2025X\Debug\2025X.out</output_file>
   <entry_point>
      <name>_c_int00_noargs</name>
      <address>0x5239</address>
   </entry_point>
   <input_file_list>
      <input_file id="fl-1">
         <path>C:\Users\Xe-131\workspace_ccstheia\2025X\Debug\.\</path>
         <kind>object</kind>
         <file>ti_msp_dl_config.o</file>
         <name>ti_msp_dl_config.o</name>
      </input_file>
      <input_file id="fl-2">
         <path>C:\Users\Xe-131\workspace_ccstheia\2025X\Debug\.\</path>
         <kind>object</kind>
         <file>startup_mspm0g350x_ticlang.o</file>
         <name>startup_mspm0g350x_ticlang.o</name>
      </input_file>
      <input_file id="fl-3">
         <path>C:\Users\Xe-131\workspace_ccstheia\2025X\Debug\.\</path>
         <kind>object</kind>
         <file>main.o</file>
         <name>main.o</name>
      </input_file>
      <input_file id="fl-4">
         <path>C:\Users\Xe-131\workspace_ccstheia\2025X\Debug\.\GANWEI\</path>
         <kind>object</kind>
         <file>gw_IIC.o</file>
         <name>gw_IIC.o</name>
      </input_file>
      <input_file id="fl-5">
         <path>C:\Users\Xe-131\workspace_ccstheia\2025X\Debug\.\GANWEI\</path>
         <kind>object</kind>
         <file>gw_hardware_iic.o</file>
         <name>gw_hardware_iic.o</name>
      </input_file>
      <input_file id="fl-6">
         <path>C:\Users\Xe-131\workspace_ccstheia\2025X\Debug\.\MPU6050\</path>
         <kind>object</kind>
         <file>inv_mpu.o</file>
         <name>inv_mpu.o</name>
      </input_file>
      <input_file id="fl-7">
         <path>C:\Users\Xe-131\workspace_ccstheia\2025X\Debug\.\MPU6050\</path>
         <kind>object</kind>
         <file>inv_mpu_dmp_motion_driver.o</file>
         <name>inv_mpu_dmp_motion_driver.o</name>
      </input_file>
      <input_file id="fl-8">
         <path>C:\Users\Xe-131\workspace_ccstheia\2025X\Debug\.\MPU6050\</path>
         <kind>object</kind>
         <file>mpu6050.o</file>
         <name>mpu6050.o</name>
      </input_file>
      <input_file id="fl-9">
         <path>C:\Users\Xe-131\workspace_ccstheia\2025X\Debug\.\MPU6050\</path>
         <kind>object</kind>
         <file>mspm0_i2c.o</file>
         <name>mspm0_i2c.o</name>
      </input_file>
      <input_file id="fl-a">
         <path>C:\Users\Xe-131\workspace_ccstheia\2025X\Debug\.\MSPM0\</path>
         <kind>object</kind>
         <file>clock.o</file>
         <name>clock.o</name>
      </input_file>
      <input_file id="fl-b">
         <path>C:\Users\Xe-131\workspace_ccstheia\2025X\Debug\.\MSPM0\</path>
         <kind>object</kind>
         <file>interrupt.o</file>
         <name>interrupt.o</name>
      </input_file>
      <input_file id="fl-c">
         <path>C:\Users\Xe-131\workspace_ccstheia\2025X\Debug\.\UART\</path>
         <kind>object</kind>
         <file>xe_uart.o</file>
         <name>xe_uart.o</name>
      </input_file>
      <input_file id="fl-d">
         <path>C:\Users\Xe-131\workspace_ccstheia\2025X\Debug\.\motor\</path>
         <kind>object</kind>
         <file>angle.o</file>
         <name>angle.o</name>
      </input_file>
      <input_file id="fl-e">
         <path>C:\Users\Xe-131\workspace_ccstheia\2025X\Debug\.\motor\</path>
         <kind>object</kind>
         <file>follow_line.o</file>
         <name>follow_line.o</name>
      </input_file>
      <input_file id="fl-f">
         <path>C:\Users\Xe-131\workspace_ccstheia\2025X\Debug\.\motor\</path>
         <kind>object</kind>
         <file>motor.o</file>
         <name>motor.o</name>
      </input_file>
      <input_file id="fl-10">
         <path>C:\Users\Xe-131\workspace_ccstheia\2025X\Debug\.\motor\</path>
         <kind>object</kind>
         <file>pid.o</file>
         <name>pid.o</name>
      </input_file>
      <input_file id="fl-1d">
         <path>C:\Users\Xe-131\workspace_ccstheia\2025X\Debug\</path>
         <kind>object</kind>
         <file>&lt;internal&gt;</file>
         <name>&lt;internal&gt;</name>
      </input_file>
      <input_file id="fl-1e">
         <path>C:\APPLICATION\ti_SDK\mspm0_sdk_2_04_00_06\source\ti\driverlib\lib\ticlang\m0p\mspm0g1x0x_g3x0x\</path>
         <kind>archive</kind>
         <file>driverlib.a</file>
         <name>dl_common.o</name>
      </input_file>
      <input_file id="fl-1f">
         <path>C:\APPLICATION\ti_SDK\mspm0_sdk_2_04_00_06\source\ti\driverlib\lib\ticlang\m0p\mspm0g1x0x_g3x0x\</path>
         <kind>archive</kind>
         <file>driverlib.a</file>
         <name>dl_i2c.o</name>
      </input_file>
      <input_file id="fl-20">
         <path>C:\APPLICATION\ti_SDK\mspm0_sdk_2_04_00_06\source\ti\driverlib\lib\ticlang\m0p\mspm0g1x0x_g3x0x\</path>
         <kind>archive</kind>
         <file>driverlib.a</file>
         <name>dl_timer.o</name>
      </input_file>
      <input_file id="fl-21">
         <path>C:\APPLICATION\ti_SDK\mspm0_sdk_2_04_00_06\source\ti\driverlib\lib\ticlang\m0p\mspm0g1x0x_g3x0x\</path>
         <kind>archive</kind>
         <file>driverlib.a</file>
         <name>dl_uart.o</name>
      </input_file>
      <input_file id="fl-22">
         <path>C:\APPLICATION\ti_SDK\mspm0_sdk_2_04_00_06\source\ti\driverlib\lib\ticlang\m0p\mspm0g1x0x_g3x0x\</path>
         <kind>archive</kind>
         <file>driverlib.a</file>
         <name>dl_sysctl_mspm0g1x0x_g3x0x.o</name>
      </input_file>
      <input_file id="fl-39">
         <path>C:\APPLICATION\TIccs2011\ccs\tools\compiler\ti-cgt-armllvm_4.0.3.LTS\lib\armv6m-ti-none-eabi\c\</path>
         <kind>archive</kind>
         <file>libc.a</file>
         <name>snprintf.c.obj</name>
      </input_file>
      <input_file id="fl-3a">
         <path>C:\APPLICATION\TIccs2011\ccs\tools\compiler\ti-cgt-armllvm_4.0.3.LTS\lib\armv6m-ti-none-eabi\c\</path>
         <kind>archive</kind>
         <file>libc.a</file>
         <name>e_asin.c.obj</name>
      </input_file>
      <input_file id="fl-3b">
         <path>C:\APPLICATION\TIccs2011\ccs\tools\compiler\ti-cgt-armllvm_4.0.3.LTS\lib\armv6m-ti-none-eabi\c\</path>
         <kind>archive</kind>
         <file>libc.a</file>
         <name>e_atan2.c.obj</name>
      </input_file>
      <input_file id="fl-3c">
         <path>C:\APPLICATION\TIccs2011\ccs\tools\compiler\ti-cgt-armllvm_4.0.3.LTS\lib\armv6m-ti-none-eabi\c\</path>
         <kind>archive</kind>
         <file>libc.a</file>
         <name>e_fmod.c.obj</name>
      </input_file>
      <input_file id="fl-3d">
         <path>C:\APPLICATION\TIccs2011\ccs\tools\compiler\ti-cgt-armllvm_4.0.3.LTS\lib\armv6m-ti-none-eabi\c\</path>
         <kind>archive</kind>
         <file>libc.a</file>
         <name>e_sqrt.c.obj</name>
      </input_file>
      <input_file id="fl-3e">
         <path>C:\APPLICATION\TIccs2011\ccs\tools\compiler\ti-cgt-armllvm_4.0.3.LTS\lib\armv6m-ti-none-eabi\c\</path>
         <kind>archive</kind>
         <file>libc.a</file>
         <name>s_atan.c.obj</name>
      </input_file>
      <input_file id="fl-3f">
         <path>C:\APPLICATION\TIccs2011\ccs\tools\compiler\ti-cgt-armllvm_4.0.3.LTS\lib\armv6m-ti-none-eabi\c\</path>
         <kind>archive</kind>
         <file>libc.a</file>
         <name>aeabi_portable.c.obj</name>
      </input_file>
      <input_file id="fl-40">
         <path>C:\APPLICATION\TIccs2011\ccs\tools\compiler\ti-cgt-armllvm_4.0.3.LTS\lib\armv6m-ti-none-eabi\c\</path>
         <kind>archive</kind>
         <file>libc.a</file>
         <name>assert.c.obj</name>
      </input_file>
      <input_file id="fl-41">
         <path>C:\APPLICATION\TIccs2011\ccs\tools\compiler\ti-cgt-armllvm_4.0.3.LTS\lib\armv6m-ti-none-eabi\c\</path>
         <kind>archive</kind>
         <file>libc.a</file>
         <name>defs.c.obj</name>
      </input_file>
      <input_file id="fl-42">
         <path>C:\APPLICATION\TIccs2011\ccs\tools\compiler\ti-cgt-armllvm_4.0.3.LTS\lib\armv6m-ti-none-eabi\c\</path>
         <kind>archive</kind>
         <file>libc.a</file>
         <name>memcmp.c.obj</name>
      </input_file>
      <input_file id="fl-43">
         <path>C:\APPLICATION\TIccs2011\ccs\tools\compiler\ti-cgt-armllvm_4.0.3.LTS\lib\armv6m-ti-none-eabi\c\</path>
         <kind>archive</kind>
         <file>libc.a</file>
         <name>memory.c.obj</name>
      </input_file>
      <input_file id="fl-44">
         <path>C:\APPLICATION\TIccs2011\ccs\tools\compiler\ti-cgt-armllvm_4.0.3.LTS\lib\armv6m-ti-none-eabi\c\</path>
         <kind>archive</kind>
         <file>libc.a</file>
         <name>strlen.c.obj</name>
      </input_file>
      <input_file id="fl-45">
         <path>C:\APPLICATION\TIccs2011\ccs\tools\compiler\ti-cgt-armllvm_4.0.3.LTS\lib\armv6m-ti-none-eabi\c\</path>
         <kind>archive</kind>
         <file>libc.a</file>
         <name>boot_cortex_m.c.obj</name>
      </input_file>
      <input_file id="fl-46">
         <path>C:\APPLICATION\TIccs2011\ccs\tools\compiler\ti-cgt-armllvm_4.0.3.LTS\lib\armv6m-ti-none-eabi\c\</path>
         <kind>archive</kind>
         <file>libc.a</file>
         <name>mathacl_init.c.obj</name>
      </input_file>
      <input_file id="fl-47">
         <path>C:\APPLICATION\TIccs2011\ccs\tools\compiler\ti-cgt-armllvm_4.0.3.LTS\lib\armv6m-ti-none-eabi\c\</path>
         <kind>archive</kind>
         <file>libc.a</file>
         <name>autoinit.c.obj</name>
      </input_file>
      <input_file id="fl-48">
         <path>C:\APPLICATION\TIccs2011\ccs\tools\compiler\ti-cgt-armllvm_4.0.3.LTS\lib\armv6m-ti-none-eabi\c\</path>
         <kind>archive</kind>
         <file>libc.a</file>
         <name>pre_init.c.obj</name>
      </input_file>
      <input_file id="fl-49">
         <path>C:\APPLICATION\TIccs2011\ccs\tools\compiler\ti-cgt-armllvm_4.0.3.LTS\lib\armv6m-ti-none-eabi\c\</path>
         <kind>archive</kind>
         <file>libc.a</file>
         <name>cpy_tbl.c.obj</name>
      </input_file>
      <input_file id="fl-4a">
         <path>C:\APPLICATION\TIccs2011\ccs\tools\compiler\ti-cgt-armllvm_4.0.3.LTS\lib\armv6m-ti-none-eabi\c\</path>
         <kind>archive</kind>
         <file>libc.a</file>
         <name>copy_zero_init.c.obj</name>
      </input_file>
      <input_file id="fl-4b">
         <path>C:\APPLICATION\TIccs2011\ccs\tools\compiler\ti-cgt-armllvm_4.0.3.LTS\lib\armv6m-ti-none-eabi\c\</path>
         <kind>archive</kind>
         <file>libc.a</file>
         <name>copy_decompress_none.c.obj</name>
      </input_file>
      <input_file id="fl-4c">
         <path>C:\APPLICATION\TIccs2011\ccs\tools\compiler\ti-cgt-armllvm_4.0.3.LTS\lib\armv6m-ti-none-eabi\c\</path>
         <kind>archive</kind>
         <file>libc.a</file>
         <name>copy_decompress_lzss.c.obj</name>
      </input_file>
      <input_file id="fl-4d">
         <path>C:\APPLICATION\TIccs2011\ccs\tools\compiler\ti-cgt-armllvm_4.0.3.LTS\lib\armv6m-ti-none-eabi\c\</path>
         <kind>archive</kind>
         <file>libc.a</file>
         <name>_printfi.c.obj</name>
      </input_file>
      <input_file id="fl-4e">
         <path>C:\APPLICATION\TIccs2011\ccs\tools\compiler\ti-cgt-armllvm_4.0.3.LTS\lib\armv6m-ti-none-eabi\c\</path>
         <kind>archive</kind>
         <file>libc.a</file>
         <name>sprintf.c.obj</name>
      </input_file>
      <input_file id="fl-4f">
         <path>C:\APPLICATION\TIccs2011\ccs\tools\compiler\ti-cgt-armllvm_4.0.3.LTS\lib\armv6m-ti-none-eabi\c\</path>
         <kind>archive</kind>
         <file>libc.a</file>
         <name>fflush.c.obj</name>
      </input_file>
      <input_file id="fl-50">
         <path>C:\APPLICATION\TIccs2011\ccs\tools\compiler\ti-cgt-armllvm_4.0.3.LTS\lib\armv6m-ti-none-eabi\c\</path>
         <kind>archive</kind>
         <file>libc.a</file>
         <name>fputs.c.obj</name>
      </input_file>
      <input_file id="fl-51">
         <path>C:\APPLICATION\TIccs2011\ccs\tools\compiler\ti-cgt-armllvm_4.0.3.LTS\lib\armv6m-ti-none-eabi\c\</path>
         <kind>archive</kind>
         <file>libc.a</file>
         <name>_io_perm.c.obj</name>
      </input_file>
      <input_file id="fl-52">
         <path>C:\APPLICATION\TIccs2011\ccs\tools\compiler\ti-cgt-armllvm_4.0.3.LTS\lib\armv6m-ti-none-eabi\c\</path>
         <kind>archive</kind>
         <file>libc.a</file>
         <name>setvbuf.c.obj</name>
      </input_file>
      <input_file id="fl-53">
         <path>C:\APPLICATION\TIccs2011\ccs\tools\compiler\ti-cgt-armllvm_4.0.3.LTS\lib\armv6m-ti-none-eabi\c\</path>
         <kind>archive</kind>
         <file>libc.a</file>
         <name>s_frexp.c.obj</name>
      </input_file>
      <input_file id="fl-54">
         <path>C:\APPLICATION\TIccs2011\ccs\tools\compiler\ti-cgt-armllvm_4.0.3.LTS\lib\armv6m-ti-none-eabi\c\</path>
         <kind>archive</kind>
         <file>libc.a</file>
         <name>s_scalbn.c.obj</name>
      </input_file>
      <input_file id="fl-55">
         <path>C:\APPLICATION\TIccs2011\ccs\tools\compiler\ti-cgt-armllvm_4.0.3.LTS\lib\armv6m-ti-none-eabi\c\</path>
         <kind>archive</kind>
         <file>libc.a</file>
         <name>wcslen.c.obj</name>
      </input_file>
      <input_file id="fl-56">
         <path>C:\APPLICATION\TIccs2011\ccs\tools\compiler\ti-cgt-armllvm_4.0.3.LTS\lib\armv6m-ti-none-eabi\c\</path>
         <kind>archive</kind>
         <file>libc.a</file>
         <name>exit.c.obj</name>
      </input_file>
      <input_file id="fl-57">
         <path>C:\APPLICATION\TIccs2011\ccs\tools\compiler\ti-cgt-armllvm_4.0.3.LTS\lib\armv6m-ti-none-eabi\c\</path>
         <kind>archive</kind>
         <file>libc.a</file>
         <name>_lock.c.obj</name>
      </input_file>
      <input_file id="fl-58">
         <path>C:\APPLICATION\TIccs2011\ccs\tools\compiler\ti-cgt-armllvm_4.0.3.LTS\lib\armv6m-ti-none-eabi\c\</path>
         <kind>archive</kind>
         <file>libc.a</file>
         <name>_ltoa.c.obj</name>
      </input_file>
      <input_file id="fl-59">
         <path>C:\APPLICATION\TIccs2011\ccs\tools\compiler\ti-cgt-armllvm_4.0.3.LTS\lib\armv6m-ti-none-eabi\c\</path>
         <kind>archive</kind>
         <file>libc.a</file>
         <name>args_main.c.obj</name>
      </input_file>
      <input_file id="fl-5a">
         <path>C:\APPLICATION\TIccs2011\ccs\tools\compiler\ti-cgt-armllvm_4.0.3.LTS\lib\armv6m-ti-none-eabi\c\</path>
         <kind>archive</kind>
         <file>libc.a</file>
         <name>atoi.c.obj</name>
      </input_file>
      <input_file id="fl-5b">
         <path>C:\APPLICATION\TIccs2011\ccs\tools\compiler\ti-cgt-armllvm_4.0.3.LTS\lib\armv6m-ti-none-eabi\c\</path>
         <kind>archive</kind>
         <file>libc.a</file>
         <name>memccpy.c.obj</name>
      </input_file>
      <input_file id="fl-5c">
         <path>C:\APPLICATION\TIccs2011\ccs\tools\compiler\ti-cgt-armllvm_4.0.3.LTS\lib\armv6m-ti-none-eabi\c\</path>
         <kind>archive</kind>
         <file>libc.a</file>
         <name>fopen.c.obj</name>
      </input_file>
      <input_file id="fl-5d">
         <path>C:\APPLICATION\TIccs2011\ccs\tools\compiler\ti-cgt-armllvm_4.0.3.LTS\lib\armv6m-ti-none-eabi\c\</path>
         <kind>archive</kind>
         <file>libc.a</file>
         <name>fseek.c.obj</name>
      </input_file>
      <input_file id="fl-5e">
         <path>C:\APPLICATION\TIccs2011\ccs\tools\compiler\ti-cgt-armllvm_4.0.3.LTS\lib\armv6m-ti-none-eabi\c\</path>
         <kind>archive</kind>
         <file>libc.a</file>
         <name>aeabi_ctype.S.obj</name>
      </input_file>
      <input_file id="fl-5f">
         <path>C:\APPLICATION\TIccs2011\ccs\tools\compiler\ti-cgt-armllvm_4.0.3.LTS\lib\armv6m-ti-none-eabi\c\</path>
         <kind>archive</kind>
         <file>libc.a</file>
         <name>fclose.c.obj</name>
      </input_file>
      <input_file id="fl-ff">
         <path>C:\APPLICATION\TIccs2011\ccs\tools\compiler\ti-cgt-armllvm_4.0.3.LTS\lib\armv6m-ti-none-eabi\c\</path>
         <kind>archive</kind>
         <file>libsysbm.a</file>
         <name>hostexit.c.obj</name>
      </input_file>
      <input_file id="fl-100">
         <path>C:\APPLICATION\TIccs2011\ccs\tools\compiler\ti-cgt-armllvm_4.0.3.LTS\lib\armv6m-ti-none-eabi\c\</path>
         <kind>archive</kind>
         <file>libsysbm.a</file>
         <name>write.c.obj</name>
      </input_file>
      <input_file id="fl-101">
         <path>C:\APPLICATION\TIccs2011\ccs\tools\compiler\ti-cgt-armllvm_4.0.3.LTS\lib\armv6m-ti-none-eabi\c\</path>
         <kind>archive</kind>
         <file>libsysbm.a</file>
         <name>host_device.c.obj</name>
      </input_file>
      <input_file id="fl-102">
         <path>C:\APPLICATION\TIccs2011\ccs\tools\compiler\ti-cgt-armllvm_4.0.3.LTS\lib\armv6m-ti-none-eabi\c\</path>
         <kind>archive</kind>
         <file>libsysbm.a</file>
         <name>remove.c.obj</name>
      </input_file>
      <input_file id="fl-103">
         <path>C:\APPLICATION\TIccs2011\ccs\tools\compiler\ti-cgt-armllvm_4.0.3.LTS\lib\armv6m-ti-none-eabi\c\</path>
         <kind>archive</kind>
         <file>libsysbm.a</file>
         <name>open.c.obj</name>
      </input_file>
      <input_file id="fl-104">
         <path>C:\APPLICATION\TIccs2011\ccs\tools\compiler\ti-cgt-armllvm_4.0.3.LTS\lib\armv6m-ti-none-eabi\c\</path>
         <kind>archive</kind>
         <file>libsysbm.a</file>
         <name>lseek.c.obj</name>
      </input_file>
      <input_file id="fl-105">
         <path>C:\APPLICATION\TIccs2011\ccs\tools\compiler\ti-cgt-armllvm_4.0.3.LTS\lib\armv6m-ti-none-eabi\c\</path>
         <kind>archive</kind>
         <file>libsysbm.a</file>
         <name>close.c.obj</name>
      </input_file>
      <input_file id="fl-106">
         <path>C:\APPLICATION\TIccs2011\ccs\tools\compiler\ti-cgt-armllvm_4.0.3.LTS\lib\armv6m-ti-none-eabi\c\</path>
         <kind>archive</kind>
         <file>libsysbm.a</file>
         <name>unlink.c.obj</name>
      </input_file>
      <input_file id="fl-107">
         <path>C:\APPLICATION\TIccs2011\ccs\tools\compiler\ti-cgt-armllvm_4.0.3.LTS\lib\armv6m-ti-none-eabi\c\</path>
         <kind>archive</kind>
         <file>libsysbm.a</file>
         <name>hostclose.c.obj</name>
      </input_file>
      <input_file id="fl-108">
         <path>C:\APPLICATION\TIccs2011\ccs\tools\compiler\ti-cgt-armllvm_4.0.3.LTS\lib\armv6m-ti-none-eabi\c\</path>
         <kind>archive</kind>
         <file>libsysbm.a</file>
         <name>hostlseek.c.obj</name>
      </input_file>
      <input_file id="fl-109">
         <path>C:\APPLICATION\TIccs2011\ccs\tools\compiler\ti-cgt-armllvm_4.0.3.LTS\lib\armv6m-ti-none-eabi\c\</path>
         <kind>archive</kind>
         <file>libsysbm.a</file>
         <name>hostopen.c.obj</name>
      </input_file>
      <input_file id="fl-10a">
         <path>C:\APPLICATION\TIccs2011\ccs\tools\compiler\ti-cgt-armllvm_4.0.3.LTS\lib\armv6m-ti-none-eabi\c\</path>
         <kind>archive</kind>
         <file>libsysbm.a</file>
         <name>hostread.c.obj</name>
      </input_file>
      <input_file id="fl-10b">
         <path>C:\APPLICATION\TIccs2011\ccs\tools\compiler\ti-cgt-armllvm_4.0.3.LTS\lib\armv6m-ti-none-eabi\c\</path>
         <kind>archive</kind>
         <file>libsysbm.a</file>
         <name>hostrename.c.obj</name>
      </input_file>
      <input_file id="fl-10c">
         <path>C:\APPLICATION\TIccs2011\ccs\tools\compiler\ti-cgt-armllvm_4.0.3.LTS\lib\armv6m-ti-none-eabi\c\</path>
         <kind>archive</kind>
         <file>libsysbm.a</file>
         <name>hostunlink.c.obj</name>
      </input_file>
      <input_file id="fl-10d">
         <path>C:\APPLICATION\TIccs2011\ccs\tools\compiler\ti-cgt-armllvm_4.0.3.LTS\lib\armv6m-ti-none-eabi\c\</path>
         <kind>archive</kind>
         <file>libsysbm.a</file>
         <name>hostwrite.c.obj</name>
      </input_file>
      <input_file id="fl-10e">
         <path>C:\APPLICATION\TIccs2011\ccs\tools\compiler\ti-cgt-armllvm_4.0.3.LTS\lib\armv6m-ti-none-eabi\c\</path>
         <kind>archive</kind>
         <file>libsysbm.a</file>
         <name>trgmsg.c.obj</name>
      </input_file>
      <input_file id="fl-10f">
         <path>C:\APPLICATION\TIccs2011\ccs\tools\compiler\ti-cgt-armllvm_4.0.3.LTS\lib\armv6m-ti-none-eabi\</path>
         <kind>archive</kind>
         <file>libclang_rt.builtins.a</file>
         <name>addsf3.S.obj</name>
      </input_file>
      <input_file id="fl-110">
         <path>C:\APPLICATION\TIccs2011\ccs\tools\compiler\ti-cgt-armllvm_4.0.3.LTS\lib\armv6m-ti-none-eabi\</path>
         <kind>archive</kind>
         <file>libclang_rt.builtins.a</file>
         <name>adddf3.S.obj</name>
      </input_file>
      <input_file id="fl-111">
         <path>C:\APPLICATION\TIccs2011\ccs\tools\compiler\ti-cgt-armllvm_4.0.3.LTS\lib\armv6m-ti-none-eabi\</path>
         <kind>archive</kind>
         <file>libclang_rt.builtins.a</file>
         <name>muldf3.S.obj</name>
      </input_file>
      <input_file id="fl-112">
         <path>C:\APPLICATION\TIccs2011\ccs\tools\compiler\ti-cgt-armllvm_4.0.3.LTS\lib\armv6m-ti-none-eabi\</path>
         <kind>archive</kind>
         <file>libclang_rt.builtins.a</file>
         <name>muldsi3.S.obj</name>
      </input_file>
      <input_file id="fl-113">
         <path>C:\APPLICATION\TIccs2011\ccs\tools\compiler\ti-cgt-armllvm_4.0.3.LTS\lib\armv6m-ti-none-eabi\</path>
         <kind>archive</kind>
         <file>libclang_rt.builtins.a</file>
         <name>mulsf3.S.obj</name>
      </input_file>
      <input_file id="fl-114">
         <path>C:\APPLICATION\TIccs2011\ccs\tools\compiler\ti-cgt-armllvm_4.0.3.LTS\lib\armv6m-ti-none-eabi\</path>
         <kind>archive</kind>
         <file>libclang_rt.builtins.a</file>
         <name>divsf3.S.obj</name>
      </input_file>
      <input_file id="fl-115">
         <path>C:\APPLICATION\TIccs2011\ccs\tools\compiler\ti-cgt-armllvm_4.0.3.LTS\lib\armv6m-ti-none-eabi\</path>
         <kind>archive</kind>
         <file>libclang_rt.builtins.a</file>
         <name>divdf3.S.obj</name>
      </input_file>
      <input_file id="fl-116">
         <path>C:\APPLICATION\TIccs2011\ccs\tools\compiler\ti-cgt-armllvm_4.0.3.LTS\lib\armv6m-ti-none-eabi\</path>
         <kind>archive</kind>
         <file>libclang_rt.builtins.a</file>
         <name>extendsfdf2.S.obj</name>
      </input_file>
      <input_file id="fl-117">
         <path>C:\APPLICATION\TIccs2011\ccs\tools\compiler\ti-cgt-armllvm_4.0.3.LTS\lib\armv6m-ti-none-eabi\</path>
         <kind>archive</kind>
         <file>libclang_rt.builtins.a</file>
         <name>fixdfsi.S.obj</name>
      </input_file>
      <input_file id="fl-118">
         <path>C:\APPLICATION\TIccs2011\ccs\tools\compiler\ti-cgt-armllvm_4.0.3.LTS\lib\armv6m-ti-none-eabi\</path>
         <kind>archive</kind>
         <file>libclang_rt.builtins.a</file>
         <name>fixsfsi.S.obj</name>
      </input_file>
      <input_file id="fl-119">
         <path>C:\APPLICATION\TIccs2011\ccs\tools\compiler\ti-cgt-armllvm_4.0.3.LTS\lib\armv6m-ti-none-eabi\</path>
         <kind>archive</kind>
         <file>libclang_rt.builtins.a</file>
         <name>fixunsdfsi.S.obj</name>
      </input_file>
      <input_file id="fl-11a">
         <path>C:\APPLICATION\TIccs2011\ccs\tools\compiler\ti-cgt-armllvm_4.0.3.LTS\lib\armv6m-ti-none-eabi\</path>
         <kind>archive</kind>
         <file>libclang_rt.builtins.a</file>
         <name>floatsidf.S.obj</name>
      </input_file>
      <input_file id="fl-11b">
         <path>C:\APPLICATION\TIccs2011\ccs\tools\compiler\ti-cgt-armllvm_4.0.3.LTS\lib\armv6m-ti-none-eabi\</path>
         <kind>archive</kind>
         <file>libclang_rt.builtins.a</file>
         <name>floatsisf.S.obj</name>
      </input_file>
      <input_file id="fl-11c">
         <path>C:\APPLICATION\TIccs2011\ccs\tools\compiler\ti-cgt-armllvm_4.0.3.LTS\lib\armv6m-ti-none-eabi\</path>
         <kind>archive</kind>
         <file>libclang_rt.builtins.a</file>
         <name>floatunsidf.S.obj</name>
      </input_file>
      <input_file id="fl-11d">
         <path>C:\APPLICATION\TIccs2011\ccs\tools\compiler\ti-cgt-armllvm_4.0.3.LTS\lib\armv6m-ti-none-eabi\</path>
         <kind>archive</kind>
         <file>libclang_rt.builtins.a</file>
         <name>floatunsisf.S.obj</name>
      </input_file>
      <input_file id="fl-11e">
         <path>C:\APPLICATION\TIccs2011\ccs\tools\compiler\ti-cgt-armllvm_4.0.3.LTS\lib\armv6m-ti-none-eabi\</path>
         <kind>archive</kind>
         <file>libclang_rt.builtins.a</file>
         <name>muldi3.S.obj</name>
      </input_file>
      <input_file id="fl-11f">
         <path>C:\APPLICATION\TIccs2011\ccs\tools\compiler\ti-cgt-armllvm_4.0.3.LTS\lib\armv6m-ti-none-eabi\</path>
         <kind>archive</kind>
         <file>libclang_rt.builtins.a</file>
         <name>truncdfsf2.S.obj</name>
      </input_file>
      <input_file id="fl-120">
         <path>C:\APPLICATION\TIccs2011\ccs\tools\compiler\ti-cgt-armllvm_4.0.3.LTS\lib\armv6m-ti-none-eabi\</path>
         <kind>archive</kind>
         <file>libclang_rt.builtins.a</file>
         <name>aeabi_dcmp.S.obj</name>
      </input_file>
      <input_file id="fl-121">
         <path>C:\APPLICATION\TIccs2011\ccs\tools\compiler\ti-cgt-armllvm_4.0.3.LTS\lib\armv6m-ti-none-eabi\</path>
         <kind>archive</kind>
         <file>libclang_rt.builtins.a</file>
         <name>aeabi_fcmp.S.obj</name>
      </input_file>
      <input_file id="fl-122">
         <path>C:\APPLICATION\TIccs2011\ccs\tools\compiler\ti-cgt-armllvm_4.0.3.LTS\lib\armv6m-ti-none-eabi\</path>
         <kind>archive</kind>
         <file>libclang_rt.builtins.a</file>
         <name>aeabi_idivmod.S.obj</name>
      </input_file>
      <input_file id="fl-123">
         <path>C:\APPLICATION\TIccs2011\ccs\tools\compiler\ti-cgt-armllvm_4.0.3.LTS\lib\armv6m-ti-none-eabi\</path>
         <kind>archive</kind>
         <file>libclang_rt.builtins.a</file>
         <name>aeabi_ldivmod.S.obj</name>
      </input_file>
      <input_file id="fl-124">
         <path>C:\APPLICATION\TIccs2011\ccs\tools\compiler\ti-cgt-armllvm_4.0.3.LTS\lib\armv6m-ti-none-eabi\</path>
         <kind>archive</kind>
         <file>libclang_rt.builtins.a</file>
         <name>aeabi_memcpy.S.obj</name>
      </input_file>
      <input_file id="fl-125">
         <path>C:\APPLICATION\TIccs2011\ccs\tools\compiler\ti-cgt-armllvm_4.0.3.LTS\lib\armv6m-ti-none-eabi\</path>
         <kind>archive</kind>
         <file>libclang_rt.builtins.a</file>
         <name>aeabi_memset.S.obj</name>
      </input_file>
      <input_file id="fl-126">
         <path>C:\APPLICATION\TIccs2011\ccs\tools\compiler\ti-cgt-armllvm_4.0.3.LTS\lib\armv6m-ti-none-eabi\</path>
         <kind>archive</kind>
         <file>libclang_rt.builtins.a</file>
         <name>aeabi_uidivmod.S.obj</name>
      </input_file>
      <input_file id="fl-127">
         <path>C:\APPLICATION\TIccs2011\ccs\tools\compiler\ti-cgt-armllvm_4.0.3.LTS\lib\armv6m-ti-none-eabi\</path>
         <kind>archive</kind>
         <file>libclang_rt.builtins.a</file>
         <name>aeabi_uldivmod.S.obj</name>
      </input_file>
      <input_file id="fl-128">
         <path>C:\APPLICATION\TIccs2011\ccs\tools\compiler\ti-cgt-armllvm_4.0.3.LTS\lib\armv6m-ti-none-eabi\</path>
         <kind>archive</kind>
         <file>libclang_rt.builtins.a</file>
         <name>comparesf2.S.obj</name>
      </input_file>
      <input_file id="fl-129">
         <path>C:\APPLICATION\TIccs2011\ccs\tools\compiler\ti-cgt-armllvm_4.0.3.LTS\lib\armv6m-ti-none-eabi\</path>
         <kind>archive</kind>
         <file>libclang_rt.builtins.a</file>
         <name>udivmoddi4.S.obj</name>
      </input_file>
      <input_file id="fl-12a">
         <path>C:\APPLICATION\TIccs2011\ccs\tools\compiler\ti-cgt-armllvm_4.0.3.LTS\lib\armv6m-ti-none-eabi\</path>
         <kind>archive</kind>
         <file>libclang_rt.builtins.a</file>
         <name>ashldi3.S.obj</name>
      </input_file>
      <input_file id="fl-12b">
         <path>C:\APPLICATION\TIccs2011\ccs\tools\compiler\ti-cgt-armllvm_4.0.3.LTS\lib\armv6m-ti-none-eabi\</path>
         <kind>archive</kind>
         <file>libclang_rt.builtins.a</file>
         <name>comparedf2.c.obj</name>
      </input_file>
      <input_file id="fl-12c">
         <path>C:\APPLICATION\TIccs2011\ccs\tools\compiler\ti-cgt-armllvm_4.0.3.LTS\lib\armv6m-ti-none-eabi\</path>
         <kind>archive</kind>
         <file>libclang_rt.builtins.a</file>
         <name>divmoddi4.c.obj</name>
      </input_file>
      <input_file id="fl-12d">
         <path>C:\APPLICATION\TIccs2011\ccs\tools\compiler\ti-cgt-armllvm_4.0.3.LTS\lib\armv6m-ti-none-eabi\</path>
         <kind>archive</kind>
         <file>libclang_rt.builtins.a</file>
         <name>aeabi_div0.c.obj</name>
      </input_file>
      <input_file id="fl-12e">
         <path>C:\APPLICATION\TIccs2011\ccs\tools\compiler\ti-cgt-armllvm_4.0.3.LTS\lib\armv6m-ti-none-eabi\c\</path>
         <kind>archive</kind>
         <file>libc.a</file>
         <name>getdevice.c.obj</name>
      </input_file>
      <input_file id="fl-12f">
         <path>C:\APPLICATION\TIccs2011\ccs\tools\compiler\ti-cgt-armllvm_4.0.3.LTS\lib\armv6m-ti-none-eabi\c\</path>
         <kind>archive</kind>
         <file>libc.a</file>
         <name>memcpy16.S.obj</name>
      </input_file>
      <input_file id="fl-130">
         <path>C:\APPLICATION\TIccs2011\ccs\tools\compiler\ti-cgt-armllvm_4.0.3.LTS\lib\armv6m-ti-none-eabi\c\</path>
         <kind>archive</kind>
         <file>libc.a</file>
         <name>memset16.S.obj</name>
      </input_file>
      <input_file id="fl-131">
         <path>C:\APPLICATION\TIccs2011\ccs\tools\compiler\ti-cgt-armllvm_4.0.3.LTS\lib\armv6m-ti-none-eabi\c\</path>
         <kind>archive</kind>
         <file>libc.a</file>
         <name>strcmp-armv6m.S.obj</name>
      </input_file>
   </input_file_list>
   <object_component_list>
      <object_component id="oc-18">
         <name>.intvecs</name>
         <load_address>0x0</load_address>
         <readonly>true</readonly>
         <run_address>0x0</run_address>
         <size>0xc0</size>
         <alignment>0x4</alignment>
         <input_file_ref idref="fl-2"/>
      </object_component>
      <object_component id="oc-2bd">
         <name>.text:__TI_printfi</name>
         <load_address>0xc0</load_address>
         <readonly>true</readonly>
         <executable>true</executable>
         <run_address>0xc0</run_address>
         <size>0x9d0</size>
         <alignment>0x4</alignment>
         <input_file_ref idref="fl-4d"/>
      </object_component>
      <object_component id="oc-ca">
         <name>.text.asin</name>
         <load_address>0xa90</load_address>
         <readonly>true</readonly>
         <executable>true</executable>
         <run_address>0xa90</run_address>
         <size>0x364</size>
         <alignment>0x4</alignment>
         <input_file_ref idref="fl-3a"/>
      </object_component>
      <object_component id="oc-17c">
         <name>.text.atan</name>
         <load_address>0xdf4</load_address>
         <readonly>true</readonly>
         <executable>true</executable>
         <run_address>0xdf4</run_address>
         <size>0x2f8</size>
         <alignment>0x4</alignment>
         <input_file_ref idref="fl-3e"/>
      </object_component>
      <object_component id="oc-109">
         <name>.text.Set_Duty</name>
         <load_address>0x10ec</load_address>
         <readonly>true</readonly>
         <executable>true</executable>
         <run_address>0x10ec</run_address>
         <size>0x25c</size>
         <alignment>0x4</alignment>
         <input_file_ref idref="fl-f"/>
      </object_component>
      <object_component id="oc-7b">
         <name>.text.Read_Quad</name>
         <load_address>0x1348</load_address>
         <readonly>true</readonly>
         <executable>true</executable>
         <run_address>0x1348</run_address>
         <size>0x258</size>
         <alignment>0x4</alignment>
         <input_file_ref idref="fl-8"/>
      </object_component>
      <object_component id="oc-14f">
         <name>.text.mpu_reset_fifo</name>
         <load_address>0x15a0</load_address>
         <readonly>true</readonly>
         <executable>true</executable>
         <run_address>0x15a0</run_address>
         <size>0x22c</size>
         <alignment>0x4</alignment>
         <input_file_ref idref="fl-6"/>
      </object_component>
      <object_component id="oc-dc">
         <name>.text.fmod</name>
         <load_address>0x17cc</load_address>
         <readonly>true</readonly>
         <executable>true</executable>
         <run_address>0x17cc</run_address>
         <size>0x228</size>
         <alignment>0x4</alignment>
         <input_file_ref idref="fl-3c"/>
      </object_component>
      <object_component id="oc-2e2">
         <name>.text._pconv_a</name>
         <load_address>0x19f4</load_address>
         <readonly>true</readonly>
         <executable>true</executable>
         <run_address>0x19f4</run_address>
         <size>0x220</size>
         <alignment>0x4</alignment>
         <input_file_ref idref="fl-4d"/>
      </object_component>
      <object_component id="oc-b1">
         <name>.text.dmp_read_fifo</name>
         <load_address>0x1c14</load_address>
         <readonly>true</readonly>
         <executable>true</executable>
         <run_address>0x1c14</run_address>
         <size>0x1f4</size>
         <alignment>0x4</alignment>
         <input_file_ref idref="fl-7"/>
      </object_component>
      <object_component id="oc-191">
         <name>.text.SYSCFG_DL_GPIO_init</name>
         <load_address>0x1e08</load_address>
         <readonly>true</readonly>
         <executable>true</executable>
         <run_address>0x1e08</run_address>
         <size>0x1e8</size>
         <alignment>0x4</alignment>
         <input_file_ref idref="fl-1"/>
      </object_component>
      <object_component id="oc-2e3">
         <name>.text._pconv_g</name>
         <load_address>0x1ff0</load_address>
         <readonly>true</readonly>
         <executable>true</executable>
         <run_address>0x1ff0</run_address>
         <size>0x1dc</size>
         <alignment>0x4</alignment>
         <input_file_ref idref="fl-4d"/>
      </object_component>
      <object_component id="oc-126">
         <name>.text.speed_pid_controal</name>
         <load_address>0x21cc</load_address>
         <readonly>true</readonly>
         <executable>true</executable>
         <run_address>0x21cc</run_address>
         <size>0x1bc</size>
         <alignment>0x4</alignment>
         <input_file_ref idref="fl-10"/>
      </object_component>
      <object_component id="oc-9f">
         <name>.text.main</name>
         <load_address>0x2388</load_address>
         <readonly>true</readonly>
         <executable>true</executable>
         <run_address>0x2388</run_address>
         <size>0x19c</size>
         <alignment>0x4</alignment>
         <input_file_ref idref="fl-3"/>
      </object_component>
      <object_component id="oc-163">
         <name>.text.adddf3_subdf3</name>
         <load_address>0x2524</load_address>
         <readonly>true</readonly>
         <executable>true</executable>
         <run_address>0x2524</run_address>
         <size>0x192</size>
         <alignment>0x4</alignment>
         <input_file_ref idref="fl-110"/>
      </object_component>
      <object_component id="oc-29d">
         <name>.text.__aeabi_idiv0</name>
         <load_address>0x26b6</load_address>
         <readonly>true</readonly>
         <executable>true</executable>
         <run_address>0x26b6</run_address>
         <size>0x2</size>
         <alignment>0x2</alignment>
         <input_file_ref idref="fl-12d"/>
      </object_component>
      <object_component id="oc-d8">
         <name>.text.atan2</name>
         <load_address>0x26b8</load_address>
         <readonly>true</readonly>
         <executable>true</executable>
         <run_address>0x26b8</run_address>
         <size>0x188</size>
         <alignment>0x4</alignment>
         <input_file_ref idref="fl-3b"/>
      </object_component>
      <object_component id="oc-16d">
         <name>.text.sqrt</name>
         <load_address>0x2840</load_address>
         <readonly>true</readonly>
         <executable>true</executable>
         <run_address>0x2840</run_address>
         <size>0x170</size>
         <alignment>0x4</alignment>
         <input_file_ref idref="fl-3d"/>
      </object_component>
      <object_component id="oc-121">
         <name>.text.follow_line</name>
         <load_address>0x29b0</load_address>
         <readonly>true</readonly>
         <executable>true</executable>
         <run_address>0x29b0</run_address>
         <size>0x158</size>
         <alignment>0x4</alignment>
         <input_file_ref idref="fl-e"/>
      </object_component>
      <object_component id="oc-1d0">
         <name>.text.pid_calculate</name>
         <load_address>0x2b08</load_address>
         <readonly>true</readonly>
         <executable>true</executable>
         <run_address>0x2b08</run_address>
         <size>0x158</size>
         <alignment>0x2</alignment>
         <input_file_ref idref="fl-10"/>
      </object_component>
      <object_component id="oc-312">
         <name>.text.fcvt</name>
         <load_address>0x2c60</load_address>
         <readonly>true</readonly>
         <executable>true</executable>
         <run_address>0x2c60</run_address>
         <size>0x13c</size>
         <alignment>0x4</alignment>
         <input_file_ref idref="fl-4d"/>
      </object_component>
      <object_component id="oc-1f6">
         <name>.text.mspm0_i2c_read</name>
         <load_address>0x2d9c</load_address>
         <readonly>true</readonly>
         <executable>true</executable>
         <run_address>0x2d9c</run_address>
         <size>0x134</size>
         <alignment>0x4</alignment>
         <input_file_ref idref="fl-9"/>
      </object_component>
      <object_component id="oc-2e5">
         <name>.text._pconv_e</name>
         <load_address>0x2ed0</load_address>
         <readonly>true</readonly>
         <executable>true</executable>
         <run_address>0x2ed0</run_address>
         <size>0x120</size>
         <alignment>0x4</alignment>
         <input_file_ref idref="fl-4d"/>
      </object_component>
      <object_component id="oc-174">
         <name>.text.__divdf3</name>
         <load_address>0x2ff0</load_address>
         <readonly>true</readonly>
         <executable>true</executable>
         <run_address>0x2ff0</run_address>
         <size>0x10c</size>
         <alignment>0x4</alignment>
         <input_file_ref idref="fl-115"/>
      </object_component>
      <object_component id="oc-14a">
         <name>.text.mpu_read_fifo_stream</name>
         <load_address>0x30fc</load_address>
         <readonly>true</readonly>
         <executable>true</executable>
         <run_address>0x30fc</run_address>
         <size>0x108</size>
         <alignment>0x4</alignment>
         <input_file_ref idref="fl-6"/>
      </object_component>
      <object_component id="oc-240">
         <name>.text.DL_Timer_initFourCCPWMMode</name>
         <load_address>0x3204</load_address>
         <readonly>true</readonly>
         <executable>true</executable>
         <run_address>0x3204</run_address>
         <size>0x104</size>
         <alignment>0x4</alignment>
         <input_file_ref idref="fl-20"/>
      </object_component>
      <object_component id="oc-3d">
         <name>.text.GROUP1_IRQHandler</name>
         <load_address>0x3308</load_address>
         <readonly>true</readonly>
         <executable>true</executable>
         <run_address>0x3308</run_address>
         <size>0x100</size>
         <alignment>0x4</alignment>
         <input_file_ref idref="fl-b"/>
      </object_component>
      <object_component id="oc-248">
         <name>.text.DL_Timer_initTimerMode</name>
         <load_address>0x3408</load_address>
         <readonly>true</readonly>
         <executable>true</executable>
         <run_address>0x3408</run_address>
         <size>0xe8</size>
         <alignment>0x4</alignment>
         <input_file_ref idref="fl-20"/>
      </object_component>
      <object_component id="oc-d0">
         <name>.text.__muldf3</name>
         <load_address>0x34f0</load_address>
         <readonly>true</readonly>
         <executable>true</executable>
         <run_address>0x34f0</run_address>
         <size>0xe4</size>
         <alignment>0x4</alignment>
         <input_file_ref idref="fl-111"/>
      </object_component>
      <object_component id="oc-236">
         <name>.text.DL_SYSCTL_configSYSPLL</name>
         <load_address>0x35d4</load_address>
         <readonly>true</readonly>
         <executable>true</executable>
         <run_address>0x35d4</run_address>
         <size>0xdc</size>
         <alignment>0x4</alignment>
         <input_file_ref idref="fl-22"/>
      </object_component>
      <object_component id="oc-301">
         <name>.text.scalbn</name>
         <load_address>0x36b0</load_address>
         <readonly>true</readonly>
         <executable>true</executable>
         <run_address>0x36b0</run_address>
         <size>0xd8</size>
         <alignment>0x4</alignment>
         <input_file_ref idref="fl-54"/>
      </object_component>
      <object_component id="oc-c2">
         <name>.text</name>
         <load_address>0x3788</load_address>
         <readonly>true</readonly>
         <executable>true</executable>
         <run_address>0x3788</run_address>
         <size>0xd8</size>
         <alignment>0x4</alignment>
         <input_file_ref idref="fl-10f"/>
      </object_component>
      <object_component id="oc-190">
         <name>.text.SYSCFG_DL_initPower</name>
         <load_address>0x3860</load_address>
         <readonly>true</readonly>
         <executable>true</executable>
         <run_address>0x3860</run_address>
         <size>0xd4</size>
         <alignment>0x4</alignment>
         <input_file_ref idref="fl-1"/>
      </object_component>
      <object_component id="oc-202">
         <name>.text.mspm0_i2c_write</name>
         <load_address>0x3934</load_address>
         <readonly>true</readonly>
         <executable>true</executable>
         <run_address>0x3934</run_address>
         <size>0xc4</size>
         <alignment>0x4</alignment>
         <input_file_ref idref="fl-9"/>
      </object_component>
      <object_component id="oc-276">
         <name>.text.hardware_IIC_ReadByte</name>
         <load_address>0x39f8</load_address>
         <readonly>true</readonly>
         <executable>true</executable>
         <run_address>0x39f8</run_address>
         <size>0xb0</size>
         <alignment>0x4</alignment>
         <input_file_ref idref="fl-4"/>
      </object_component>
      <object_component id="oc-2f8">
         <name>.text</name>
         <load_address>0x3aa8</load_address>
         <readonly>true</readonly>
         <executable>true</executable>
         <run_address>0x3aa8</run_address>
         <size>0xa2</size>
         <alignment>0x4</alignment>
         <input_file_ref idref="fl-129"/>
      </object_component>
      <object_component id="oc-314">
         <name>.text.__aeabi_ldiv0</name>
         <load_address>0x3b4a</load_address>
         <readonly>true</readonly>
         <executable>true</executable>
         <run_address>0x3b4a</run_address>
         <size>0x2</size>
         <alignment>0x2</alignment>
         <input_file_ref idref="fl-12d"/>
      </object_component>
      <object_component id="oc-193">
         <name>.text.SYSCFG_DL_PWM_MOTOR_init</name>
         <load_address>0x3b4c</load_address>
         <readonly>true</readonly>
         <executable>true</executable>
         <run_address>0x3b4c</run_address>
         <size>0x94</size>
         <alignment>0x4</alignment>
         <input_file_ref idref="fl-1"/>
      </object_component>
      <object_component id="oc-be">
         <name>.text.__mulsf3</name>
         <load_address>0x3be0</load_address>
         <readonly>true</readonly>
         <executable>true</executable>
         <run_address>0x3be0</run_address>
         <size>0x8c</size>
         <alignment>0x4</alignment>
         <input_file_ref idref="fl-113"/>
      </object_component>
      <object_component id="oc-150">
         <name>.text.decode_gesture</name>
         <load_address>0x3c6c</load_address>
         <readonly>true</readonly>
         <executable>true</executable>
         <run_address>0x3c6c</run_address>
         <size>0x8c</size>
         <alignment>0x4</alignment>
         <input_file_ref idref="fl-7"/>
      </object_component>
      <object_component id="oc-1a2">
         <name>.text.__NVIC_SetPriority</name>
         <load_address>0x3cf8</load_address>
         <readonly>true</readonly>
         <executable>true</executable>
         <run_address>0x3cf8</run_address>
         <size>0x84</size>
         <alignment>0x4</alignment>
         <input_file_ref idref="fl-a"/>
      </object_component>
      <object_component id="oc-ba">
         <name>.text.__divsf3</name>
         <load_address>0x3d7c</load_address>
         <readonly>true</readonly>
         <executable>true</executable>
         <run_address>0x3d7c</run_address>
         <size>0x82</size>
         <alignment>0x4</alignment>
         <input_file_ref idref="fl-114"/>
      </object_component>
      <object_component id="oc-1c8">
         <name>.text.calc_position_error</name>
         <load_address>0x3e00</load_address>
         <readonly>true</readonly>
         <executable>true</executable>
         <run_address>0x3e00</run_address>
         <size>0x7c</size>
         <alignment>0x4</alignment>
         <input_file_ref idref="fl-e"/>
      </object_component>
      <object_component id="oc-1c">
         <name>.text:decompress:lzss</name>
         <load_address>0x3e7c</load_address>
         <readonly>true</readonly>
         <executable>true</executable>
         <run_address>0x3e7c</run_address>
         <size>0x7c</size>
         <alignment>0x4</alignment>
         <input_file_ref idref="fl-4c"/>
      </object_component>
      <object_component id="oc-20f">
         <name>.text.__gedf2</name>
         <load_address>0x3ef8</load_address>
         <readonly>true</readonly>
         <executable>true</executable>
         <run_address>0x3ef8</run_address>
         <size>0x74</size>
         <alignment>0x4</alignment>
         <input_file_ref idref="fl-12b"/>
      </object_component>
      <object_component id="oc-40">
         <name>.text.ADC0_IRQHandler</name>
         <load_address>0x3f6c</load_address>
         <readonly>true</readonly>
         <executable>true</executable>
         <run_address>0x3f6c</run_address>
         <size>0x4</size>
         <alignment>0x2</alignment>
         <input_file_ref idref="fl-b"/>
      </object_component>
      <object_component id="oc-d4">
         <name>.text.__truncdfsf2</name>
         <load_address>0x3f70</load_address>
         <readonly>true</readonly>
         <executable>true</executable>
         <run_address>0x3f70</run_address>
         <size>0x74</size>
         <alignment>0x10</alignment>
         <input_file_ref idref="fl-11f"/>
      </object_component>
      <object_component id="oc-209">
         <name>.text.__ledf2</name>
         <load_address>0x3fe4</load_address>
         <readonly>true</readonly>
         <executable>true</executable>
         <run_address>0x3fe4</run_address>
         <size>0x68</size>
         <alignment>0x4</alignment>
         <input_file_ref idref="fl-12b"/>
      </object_component>
      <object_component id="oc-311">
         <name>.text._mcpy</name>
         <load_address>0x404c</load_address>
         <readonly>true</readonly>
         <executable>true</executable>
         <run_address>0x404c</run_address>
         <size>0x66</size>
         <alignment>0x2</alignment>
         <input_file_ref idref="fl-4d"/>
      </object_component>
      <object_component id="oc-48">
         <name>.text.TIMG6_IRQHandler</name>
         <load_address>0x40b4</load_address>
         <readonly>true</readonly>
         <executable>true</executable>
         <run_address>0x40b4</run_address>
         <size>0x64</size>
         <alignment>0x4</alignment>
         <input_file_ref idref="fl-b"/>
      </object_component>
      <object_component id="oc-298">
         <name>.text.mpu6050_i2c_sda_unlock</name>
         <load_address>0x4118</load_address>
         <readonly>true</readonly>
         <executable>true</executable>
         <run_address>0x4118</run_address>
         <size>0x64</size>
         <alignment>0x4</alignment>
         <input_file_ref idref="fl-9"/>
      </object_component>
      <object_component id="oc-167">
         <name>.text.__aeabi_dcmp</name>
         <load_address>0x417c</load_address>
         <readonly>true</readonly>
         <executable>true</executable>
         <run_address>0x417c</run_address>
         <size>0x62</size>
         <alignment>0x4</alignment>
         <input_file_ref idref="fl-120"/>
      </object_component>
      <object_component id="oc-11d">
         <name>.text.__aeabi_fcmp</name>
         <load_address>0x41e0</load_address>
         <readonly>true</readonly>
         <executable>true</executable>
         <run_address>0x41e0</run_address>
         <size>0x62</size>
         <alignment>0x4</alignment>
         <input_file_ref idref="fl-121"/>
      </object_component>
      <object_component id="oc-27e">
         <name>.text.get_angle_error</name>
         <load_address>0x4244</load_address>
         <readonly>true</readonly>
         <executable>true</executable>
         <run_address>0x4244</run_address>
         <size>0x60</size>
         <alignment>0x4</alignment>
         <input_file_ref idref="fl-10"/>
      </object_component>
      <object_component id="oc-2a6">
         <name>.text.DL_I2C_fillControllerTXFIFO</name>
         <load_address>0x42a4</load_address>
         <readonly>true</readonly>
         <executable>true</executable>
         <run_address>0x42a4</run_address>
         <size>0x5e</size>
         <alignment>0x2</alignment>
         <input_file_ref idref="fl-1f"/>
      </object_component>
      <object_component id="oc-2fd">
         <name>.text.frexp</name>
         <load_address>0x4304</load_address>
         <readonly>true</readonly>
         <executable>true</executable>
         <run_address>0x4304</run_address>
         <size>0x5c</size>
         <alignment>0x4</alignment>
         <input_file_ref idref="fl-53"/>
      </object_component>
      <object_component id="oc-2c3">
         <name>.text.mspm0_i2c_enable</name>
         <load_address>0x4360</load_address>
         <readonly>true</readonly>
         <executable>true</executable>
         <run_address>0x4360</run_address>
         <size>0x5c</size>
         <alignment>0x4</alignment>
         <input_file_ref idref="fl-9"/>
      </object_component>
      <object_component id="oc-198">
         <name>.text.SYSCFG_DL_I2C_GANWEI_init</name>
         <load_address>0x43bc</load_address>
         <readonly>true</readonly>
         <executable>true</executable>
         <run_address>0x43bc</run_address>
         <size>0x58</size>
         <alignment>0x4</alignment>
         <input_file_ref idref="fl-1"/>
      </object_component>
      <object_component id="oc-197">
         <name>.text.SYSCFG_DL_I2C_MPU6050_init</name>
         <load_address>0x4414</load_address>
         <readonly>true</readonly>
         <executable>true</executable>
         <run_address>0x4414</run_address>
         <size>0x58</size>
         <alignment>0x4</alignment>
         <input_file_ref idref="fl-1"/>
      </object_component>
      <object_component id="oc-309">
         <name>.text.__TI_ltoa</name>
         <load_address>0x446c</load_address>
         <readonly>true</readonly>
         <executable>true</executable>
         <run_address>0x446c</run_address>
         <size>0x58</size>
         <alignment>0x2</alignment>
         <input_file_ref idref="fl-58"/>
      </object_component>
      <object_component id="oc-2e4">
         <name>.text._pconv_f</name>
         <load_address>0x44c4</load_address>
         <readonly>true</readonly>
         <executable>true</executable>
         <run_address>0x44c4</run_address>
         <size>0x58</size>
         <alignment>0x2</alignment>
         <input_file_ref idref="fl-4d"/>
      </object_component>
      <object_component id="oc-321">
         <name>.text.__aeabi_idivmod</name>
         <load_address>0x451c</load_address>
         <readonly>true</readonly>
         <executable>true</executable>
         <run_address>0x451c</run_address>
         <size>0x56</size>
         <alignment>0x4</alignment>
         <input_file_ref idref="fl-122"/>
      </object_component>
      <object_component id="oc-ff">
         <name>.text.SYSCFG_DL_init</name>
         <load_address>0x4574</load_address>
         <readonly>true</readonly>
         <executable>true</executable>
         <run_address>0x4574</run_address>
         <size>0x54</size>
         <alignment>0x4</alignment>
         <input_file_ref idref="fl-1"/>
      </object_component>
      <object_component id="oc-111">
         <name>.text.set_target_speed</name>
         <load_address>0x45c8</load_address>
         <readonly>true</readonly>
         <executable>true</executable>
         <run_address>0x45c8</run_address>
         <size>0x54</size>
         <alignment>0x4</alignment>
         <input_file_ref idref="fl-10"/>
      </object_component>
      <object_component id="oc-30f">
         <name>.text._ecpy</name>
         <load_address>0x461c</load_address>
         <readonly>true</readonly>
         <executable>true</executable>
         <run_address>0x461c</run_address>
         <size>0x52</size>
         <alignment>0x2</alignment>
         <input_file_ref idref="fl-4d"/>
      </object_component>
      <object_component id="oc-2b1">
         <name>.text.DL_I2C_startControllerTransfer</name>
         <load_address>0x4670</load_address>
         <readonly>true</readonly>
         <executable>true</executable>
         <run_address>0x4670</run_address>
         <size>0x50</size>
         <alignment>0x4</alignment>
         <input_file_ref idref="fl-4"/>
      </object_component>
      <object_component id="oc-295">
         <name>.text.DL_I2C_startControllerTransfer</name>
         <load_address>0x46c0</load_address>
         <readonly>true</readonly>
         <executable>true</executable>
         <run_address>0x46c0</run_address>
         <size>0x50</size>
         <alignment>0x4</alignment>
         <input_file_ref idref="fl-9"/>
      </object_component>
      <object_component id="oc-1a1">
         <name>.text.SysTick_Config</name>
         <load_address>0x4710</load_address>
         <readonly>true</readonly>
         <executable>true</executable>
         <run_address>0x4710</run_address>
         <size>0x50</size>
         <alignment>0x4</alignment>
         <input_file_ref idref="fl-a"/>
      </object_component>
      <object_component id="oc-268">
         <name>.text.DL_UART_setBaudRateDivisor</name>
         <load_address>0x4760</load_address>
         <readonly>true</readonly>
         <executable>true</executable>
         <run_address>0x4760</run_address>
         <size>0x4c</size>
         <alignment>0x4</alignment>
         <input_file_ref idref="fl-1"/>
      </object_component>
      <object_component id="oc-1d5">
         <name>.text.snprintf</name>
         <load_address>0x47ac</load_address>
         <readonly>true</readonly>
         <executable>true</executable>
         <run_address>0x47ac</run_address>
         <size>0x4c</size>
         <alignment>0x4</alignment>
         <input_file_ref idref="fl-39"/>
      </object_component>
      <object_component id="oc-305">
         <name>.text.__fixdfsi</name>
         <load_address>0x47f8</load_address>
         <readonly>true</readonly>
         <executable>true</executable>
         <run_address>0x47f8</run_address>
         <size>0x4a</size>
         <alignment>0x4</alignment>
         <input_file_ref idref="fl-117"/>
      </object_component>
      <object_component id="oc-266">
         <name>.text.DL_UART_init</name>
         <load_address>0x4844</load_address>
         <readonly>true</readonly>
         <executable>true</executable>
         <run_address>0x4844</run_address>
         <size>0x48</size>
         <alignment>0x4</alignment>
         <input_file_ref idref="fl-21"/>
      </object_component>
      <object_component id="oc-128">
         <name>.text.UART_send_float</name>
         <load_address>0x488c</load_address>
         <readonly>true</readonly>
         <executable>true</executable>
         <run_address>0x488c</run_address>
         <size>0x48</size>
         <alignment>0x4</alignment>
         <input_file_ref idref="fl-c"/>
      </object_component>
      <object_component id="oc-2bf">
         <name>.text.mspm0_i2c_disable</name>
         <load_address>0x48d4</load_address>
         <readonly>true</readonly>
         <executable>true</executable>
         <run_address>0x48d4</run_address>
         <size>0x48</size>
         <alignment>0x4</alignment>
         <input_file_ref idref="fl-9"/>
      </object_component>
      <object_component id="oc-23d">
         <name>.text.DL_SYSCTL_switchMCLKfromSYSOSCtoHSCLK</name>
         <load_address>0x491c</load_address>
         <readonly>true</readonly>
         <executable>true</executable>
         <run_address>0x491c</run_address>
         <size>0x44</size>
         <alignment>0x4</alignment>
         <input_file_ref idref="fl-22"/>
      </object_component>
      <object_component id="oc-1a7">
         <name>.text.__fixunsdfsi</name>
         <load_address>0x4960</load_address>
         <readonly>true</readonly>
         <executable>true</executable>
         <run_address>0x4960</run_address>
         <size>0x42</size>
         <alignment>0x4</alignment>
         <input_file_ref idref="fl-119"/>
      </object_component>
      <object_component id="oc-199">
         <name>.text.SYSCFG_DL_UART_BLUEUART_init</name>
         <load_address>0x49a4</load_address>
         <readonly>true</readonly>
         <executable>true</executable>
         <run_address>0x49a4</run_address>
         <size>0x40</size>
         <alignment>0x4</alignment>
         <input_file_ref idref="fl-1"/>
      </object_component>
      <object_component id="oc-19a">
         <name>.text.SYSCFG_DL_UART_PC_init</name>
         <load_address>0x49e4</load_address>
         <readonly>true</readonly>
         <executable>true</executable>
         <run_address>0x49e4</run_address>
         <size>0x40</size>
         <alignment>0x4</alignment>
         <input_file_ref idref="fl-1"/>
      </object_component>
      <object_component id="oc-19b">
         <name>.text.SYSCFG_DL_UART_placeholder_init</name>
         <load_address>0x4a24</load_address>
         <readonly>true</readonly>
         <executable>true</executable>
         <run_address>0x4a24</run_address>
         <size>0x40</size>
         <alignment>0x4</alignment>
         <input_file_ref idref="fl-1"/>
      </object_component>
      <object_component id="oc-4a">
         <name>.text.TIMA1_IRQHandler</name>
         <load_address>0x4a64</load_address>
         <readonly>true</readonly>
         <executable>true</executable>
         <run_address>0x4a64</run_address>
         <size>0x40</size>
         <alignment>0x4</alignment>
         <input_file_ref idref="fl-b"/>
      </object_component>
      <object_component id="oc-1df">
         <name>.text.UART_send_buffer</name>
         <load_address>0x4aa4</load_address>
         <readonly>true</readonly>
         <executable>true</executable>
         <run_address>0x4aa4</run_address>
         <size>0x40</size>
         <alignment>0x2</alignment>
         <input_file_ref idref="fl-c"/>
      </object_component>
      <object_component id="oc-1fb">
         <name>.text.__aeabi_uidivmod</name>
         <load_address>0x4ae4</load_address>
         <readonly>true</readonly>
         <executable>true</executable>
         <run_address>0x4ae4</run_address>
         <size>0x40</size>
         <alignment>0x4</alignment>
         <input_file_ref idref="fl-126"/>
      </object_component>
      <object_component id="oc-c6">
         <name>.text.__extendsfdf2</name>
         <load_address>0x4b24</load_address>
         <readonly>true</readonly>
         <executable>true</executable>
         <run_address>0x4b24</run_address>
         <size>0x40</size>
         <alignment>0x4</alignment>
         <input_file_ref idref="fl-116"/>
      </object_component>
      <object_component id="oc-2d1">
         <name>.text.atoi</name>
         <load_address>0x4b64</load_address>
         <readonly>true</readonly>
         <executable>true</executable>
         <run_address>0x4b64</run_address>
         <size>0x40</size>
         <alignment>0x4</alignment>
         <input_file_ref idref="fl-5a"/>
      </object_component>
      <object_component id="oc-1b6">
         <name>.text.limit_float</name>
         <load_address>0x4ba4</load_address>
         <readonly>true</readonly>
         <executable>true</executable>
         <run_address>0x4ba4</run_address>
         <size>0x3e</size>
         <alignment>0x2</alignment>
         <input_file_ref idref="fl-10"/>
      </object_component>
      <object_component id="oc-2ea">
         <name>.text.DL_GPIO_initPeripheralInputFunctionFeatures</name>
         <load_address>0x4be4</load_address>
         <readonly>true</readonly>
         <executable>true</executable>
         <run_address>0x4be4</run_address>
         <size>0x3c</size>
         <alignment>0x4</alignment>
         <input_file_ref idref="fl-9"/>
      </object_component>
      <object_component id="oc-226">
         <name>.text.DL_GPIO_initPeripheralInputFunctionFeatures</name>
         <load_address>0x4c20</load_address>
         <readonly>true</readonly>
         <executable>true</executable>
         <run_address>0x4c20</run_address>
         <size>0x3c</size>
         <alignment>0x4</alignment>
         <input_file_ref idref="fl-1"/>
      </object_component>
      <object_component id="oc-29a">
         <name>.text.DL_I2C_flushControllerTXFIFO</name>
         <load_address>0x4c5c</load_address>
         <readonly>true</readonly>
         <executable>true</executable>
         <run_address>0x4c5c</run_address>
         <size>0x3c</size>
         <alignment>0x4</alignment>
         <input_file_ref idref="fl-1f"/>
      </object_component>
      <object_component id="oc-241">
         <name>.text.DL_Timer_setCounterControl</name>
         <load_address>0x4c98</load_address>
         <readonly>true</readonly>
         <executable>true</executable>
         <run_address>0x4c98</run_address>
         <size>0x3c</size>
         <alignment>0x4</alignment>
         <input_file_ref idref="fl-1"/>
      </object_component>
      <object_component id="oc-192">
         <name>.text.SYSCFG_DL_SYSCTL_init</name>
         <load_address>0x4cd4</load_address>
         <readonly>true</readonly>
         <executable>true</executable>
         <run_address>0x4cd4</run_address>
         <size>0x3c</size>
         <alignment>0x4</alignment>
         <input_file_ref idref="fl-1"/>
      </object_component>
      <object_component id="oc-127">
         <name>.text.UART_send_int</name>
         <load_address>0x4d10</load_address>
         <readonly>true</readonly>
         <executable>true</executable>
         <run_address>0x4d10</run_address>
         <size>0x3c</size>
         <alignment>0x4</alignment>
         <input_file_ref idref="fl-c"/>
      </object_component>
      <object_component id="oc-b6">
         <name>.text.__floatsisf</name>
         <load_address>0x4d4c</load_address>
         <readonly>true</readonly>
         <executable>true</executable>
         <run_address>0x4d4c</run_address>
         <size>0x3c</size>
         <alignment>0x4</alignment>
         <input_file_ref idref="fl-11b"/>
      </object_component>
      <object_component id="oc-1c5">
         <name>.text.__gtsf2</name>
         <load_address>0x4d88</load_address>
         <readonly>true</readonly>
         <executable>true</executable>
         <run_address>0x4d88</run_address>
         <size>0x3c</size>
         <alignment>0x4</alignment>
         <input_file_ref idref="fl-128"/>
      </object_component>
      <object_component id="oc-138">
         <name>.text:__TI_auto_init_nobinit_nopinit</name>
         <load_address>0x4dc4</load_address>
         <readonly>true</readonly>
         <executable>true</executable>
         <run_address>0x4dc4</run_address>
         <size>0x3c</size>
         <alignment>0x4</alignment>
         <input_file_ref idref="fl-47"/>
      </object_component>
      <object_component id="oc-1c0">
         <name>.text.__eqsf2</name>
         <load_address>0x4e00</load_address>
         <readonly>true</readonly>
         <executable>true</executable>
         <run_address>0x4e00</run_address>
         <size>0x3a</size>
         <alignment>0x4</alignment>
         <input_file_ref idref="fl-128"/>
      </object_component>
      <object_component id="oc-157">
         <name>.text.__muldsi3</name>
         <load_address>0x4e3c</load_address>
         <readonly>true</readonly>
         <executable>true</executable>
         <run_address>0x4e3c</run_address>
         <size>0x3a</size>
         <alignment>0x4</alignment>
         <input_file_ref idref="fl-112"/>
      </object_component>
      <object_component id="oc-2e8">
         <name>.text.DL_GPIO_initDigitalInputFeatures</name>
         <load_address>0x4e78</load_address>
         <readonly>true</readonly>
         <executable>true</executable>
         <run_address>0x4e78</run_address>
         <size>0x34</size>
         <alignment>0x4</alignment>
         <input_file_ref idref="fl-9"/>
      </object_component>
      <object_component id="oc-228">
         <name>.text.DL_GPIO_initDigitalInputFeatures</name>
         <load_address>0x4eac</load_address>
         <readonly>true</readonly>
         <executable>true</executable>
         <run_address>0x4eac</run_address>
         <size>0x34</size>
         <alignment>0x4</alignment>
         <input_file_ref idref="fl-1"/>
      </object_component>
      <object_component id="oc-195">
         <name>.text.SYSCFG_DL_TIMER_GENERAL_init</name>
         <load_address>0x4ee0</load_address>
         <readonly>true</readonly>
         <executable>true</executable>
         <run_address>0x4ee0</run_address>
         <size>0x34</size>
         <alignment>0x4</alignment>
         <input_file_ref idref="fl-1"/>
      </object_component>
      <object_component id="oc-196">
         <name>.text.SYSCFG_DL_TIMER_MUP6050_init</name>
         <load_address>0x4f14</load_address>
         <readonly>true</readonly>
         <executable>true</executable>
         <run_address>0x4f14</run_address>
         <size>0x34</size>
         <alignment>0x4</alignment>
         <input_file_ref idref="fl-1"/>
      </object_component>
      <object_component id="oc-194">
         <name>.text.SYSCFG_DL_TIMER_PID_init</name>
         <load_address>0x4f48</load_address>
         <readonly>true</readonly>
         <executable>true</executable>
         <run_address>0x4f48</run_address>
         <size>0x34</size>
         <alignment>0x4</alignment>
         <input_file_ref idref="fl-1"/>
      </object_component>
      <object_component id="oc-117">
         <name>.text.Ping</name>
         <load_address>0x4f7c</load_address>
         <readonly>true</readonly>
         <executable>true</executable>
         <run_address>0x4f7c</run_address>
         <size>0x32</size>
         <alignment>0x2</alignment>
         <input_file_ref idref="fl-5"/>
      </object_component>
      <object_component id="oc-22a">
         <name>.text.DL_GPIO_initDigitalOutputFeatures</name>
         <load_address>0x4fb0</load_address>
         <readonly>true</readonly>
         <executable>true</executable>
         <run_address>0x4fb0</run_address>
         <size>0x30</size>
         <alignment>0x4</alignment>
         <input_file_ref idref="fl-1"/>
      </object_component>
      <object_component id="oc-310">
         <name>.text._fcpy</name>
         <load_address>0x4fe0</load_address>
         <readonly>true</readonly>
         <executable>true</executable>
         <run_address>0x4fe0</run_address>
         <size>0x30</size>
         <alignment>0x2</alignment>
         <input_file_ref idref="fl-4d"/>
      </object_component>
      <object_component id="oc-280">
         <name>.text._outs</name>
         <load_address>0x5010</load_address>
         <readonly>true</readonly>
         <executable>true</executable>
         <run_address>0x5010</run_address>
         <size>0x30</size>
         <alignment>0x2</alignment>
         <input_file_ref idref="fl-39"/>
      </object_component>
      <object_component id="oc-11c">
         <name>.text.mspm0_delay_ms</name>
         <load_address>0x5040</load_address>
         <readonly>true</readonly>
         <executable>true</executable>
         <run_address>0x5040</run_address>
         <size>0x30</size>
         <alignment>0x4</alignment>
         <input_file_ref idref="fl-a"/>
      </object_component>
      <object_component id="oc-106">
         <name>.text.__NVIC_EnableIRQ</name>
         <load_address>0x5070</load_address>
         <readonly>true</readonly>
         <executable>true</executable>
         <run_address>0x5070</run_address>
         <size>0x2c</size>
         <alignment>0x4</alignment>
         <input_file_ref idref="fl-3"/>
      </object_component>
      <object_component id="oc-1cc">
         <name>.text.__floatsidf</name>
         <load_address>0x509c</load_address>
         <readonly>true</readonly>
         <executable>true</executable>
         <run_address>0x509c</run_address>
         <size>0x2c</size>
         <alignment>0x4</alignment>
         <input_file_ref idref="fl-11a"/>
      </object_component>
      <object_component id="oc-151">
         <name>.text.mspm0_get_clock_ms</name>
         <load_address>0x50c8</load_address>
         <readonly>true</readonly>
         <executable>true</executable>
         <run_address>0x50c8</run_address>
         <size>0x2c</size>
         <alignment>0x4</alignment>
         <input_file_ref idref="fl-a"/>
      </object_component>
      <object_component id="oc-112">
         <name>.text.UART_send_string</name>
         <load_address>0x50f4</load_address>
         <readonly>true</readonly>
         <executable>true</executable>
         <run_address>0x50f4</run_address>
         <size>0x2a</size>
         <alignment>0x2</alignment>
         <input_file_ref idref="fl-c"/>
      </object_component>
      <object_component id="oc-10f">
         <name>.text.pid_init</name>
         <load_address>0x511e</load_address>
         <readonly>true</readonly>
         <executable>true</executable>
         <run_address>0x511e</run_address>
         <size>0x2a</size>
         <alignment>0x2</alignment>
         <input_file_ref idref="fl-10"/>
      </object_component>
      <object_component id="oc-2c7">
         <name>.text.DL_Common_updateReg</name>
         <load_address>0x5148</load_address>
         <readonly>true</readonly>
         <executable>true</executable>
         <run_address>0x5148</run_address>
         <size>0x28</size>
         <alignment>0x2</alignment>
         <input_file_ref idref="fl-4"/>
      </object_component>
      <object_component id="oc-2be">
         <name>.text.DL_Common_updateReg</name>
         <load_address>0x5170</load_address>
         <readonly>true</readonly>
         <executable>true</executable>
         <run_address>0x5170</run_address>
         <size>0x28</size>
         <alignment>0x2</alignment>
         <input_file_ref idref="fl-9"/>
      </object_component>
      <object_component id="oc-2a9">
         <name>.text.DL_Common_updateReg</name>
         <load_address>0x5198</load_address>
         <readonly>true</readonly>
         <executable>true</executable>
         <run_address>0x5198</run_address>
         <size>0x28</size>
         <alignment>0x2</alignment>
         <input_file_ref idref="fl-1"/>
      </object_component>
      <object_component id="oc-25b">
         <name>.text.DL_I2C_setControllerRXFIFOThreshold</name>
         <load_address>0x51c0</load_address>
         <readonly>true</readonly>
         <executable>true</executable>
         <run_address>0x51c0</run_address>
         <size>0x28</size>
         <alignment>0x4</alignment>
         <input_file_ref idref="fl-1"/>
      </object_component>
      <object_component id="oc-25a">
         <name>.text.DL_I2C_setControllerTXFIFOThreshold</name>
         <load_address>0x51e8</load_address>
         <readonly>true</readonly>
         <executable>true</executable>
         <run_address>0x51e8</run_address>
         <size>0x28</size>
         <alignment>0x4</alignment>
         <input_file_ref idref="fl-1"/>
      </object_component>
      <object_component id="oc-1b9">
         <name>.text.UART_send_byte</name>
         <load_address>0x5210</load_address>
         <readonly>true</readonly>
         <executable>true</executable>
         <run_address>0x5210</run_address>
         <size>0x28</size>
         <alignment>0x2</alignment>
         <input_file_ref idref="fl-c"/>
      </object_component>
      <object_component id="oc-6d">
         <name>.text:_c_int00_noargs</name>
         <load_address>0x5238</load_address>
         <readonly>true</readonly>
         <executable>true</executable>
         <run_address>0x5238</run_address>
         <size>0x28</size>
         <alignment>0x4</alignment>
         <input_file_ref idref="fl-45"/>
      </object_component>
      <object_component id="oc-256">
         <name>.text.DL_I2C_setAnalogGlitchFilterPulseWidth</name>
         <load_address>0x5260</load_address>
         <readonly>true</readonly>
         <executable>true</executable>
         <run_address>0x5260</run_address>
         <size>0x26</size>
         <alignment>0x2</alignment>
         <input_file_ref idref="fl-1"/>
      </object_component>
      <object_component id="oc-250">
         <name>.text.DL_I2C_setClockConfig</name>
         <load_address>0x5286</load_address>
         <readonly>true</readonly>
         <executable>true</executable>
         <run_address>0x5286</run_address>
         <size>0x26</size>
         <alignment>0x2</alignment>
         <input_file_ref idref="fl-1f"/>
      </object_component>
      <object_component id="oc-1a3">
         <name>.text.__floatunsidf</name>
         <load_address>0x52ac</load_address>
         <readonly>true</readonly>
         <executable>true</executable>
         <run_address>0x52ac</run_address>
         <size>0x24</size>
         <alignment>0x4</alignment>
         <input_file_ref idref="fl-11c"/>
      </object_component>
      <object_component id="oc-2d9">
         <name>.text.__muldi3</name>
         <load_address>0x52d0</load_address>
         <readonly>true</readonly>
         <executable>true</executable>
         <run_address>0x52d0</run_address>
         <size>0x24</size>
         <alignment>0x4</alignment>
         <input_file_ref idref="fl-11e"/>
      </object_component>
      <object_component id="oc-2ca">
         <name>.text.memccpy</name>
         <load_address>0x52f4</load_address>
         <readonly>true</readonly>
         <executable>true</executable>
         <run_address>0x52f4</run_address>
         <size>0x22</size>
         <alignment>0x2</alignment>
         <input_file_ref idref="fl-5b"/>
      </object_component>
      <object_component id="oc-232">
         <name>.text.DL_SYSCTL_setFlashWaitState</name>
         <load_address>0x5318</load_address>
         <readonly>true</readonly>
         <executable>true</executable>
         <run_address>0x5318</run_address>
         <size>0x20</size>
         <alignment>0x4</alignment>
         <input_file_ref idref="fl-1"/>
      </object_component>
      <object_component id="oc-267">
         <name>.text.DL_UART_setOversampling</name>
         <load_address>0x5338</load_address>
         <readonly>true</readonly>
         <executable>true</executable>
         <run_address>0x5338</run_address>
         <size>0x1e</size>
         <alignment>0x2</alignment>
         <input_file_ref idref="fl-1"/>
      </object_component>
      <object_component id="oc-315">
         <name>.text.__ashldi3</name>
         <load_address>0x5358</load_address>
         <readonly>true</readonly>
         <executable>true</executable>
         <run_address>0x5358</run_address>
         <size>0x1e</size>
         <alignment>0x4</alignment>
         <input_file_ref idref="fl-12a"/>
      </object_component>
      <object_component id="oc-7a">
         <name>.text.DL_GPIO_clearInterruptStatus</name>
         <load_address>0x5378</load_address>
         <readonly>true</readonly>
         <executable>true</executable>
         <run_address>0x5378</run_address>
         <size>0x1c</size>
         <alignment>0x4</alignment>
         <input_file_ref idref="fl-b"/>
      </object_component>
      <object_component id="oc-22f">
         <name>.text.DL_GPIO_clearInterruptStatus</name>
         <load_address>0x5394</load_address>
         <readonly>true</readonly>
         <executable>true</executable>
         <run_address>0x5394</run_address>
         <size>0x1c</size>
         <alignment>0x4</alignment>
         <input_file_ref idref="fl-1"/>
      </object_component>
      <object_component id="oc-2eb">
         <name>.text.DL_GPIO_enableHiZ</name>
         <load_address>0x53b0</load_address>
         <readonly>true</readonly>
         <executable>true</executable>
         <run_address>0x53b0</run_address>
         <size>0x1c</size>
         <alignment>0x4</alignment>
         <input_file_ref idref="fl-9"/>
      </object_component>
      <object_component id="oc-227">
         <name>.text.DL_GPIO_enableHiZ</name>
         <load_address>0x53cc</load_address>
         <readonly>true</readonly>
         <executable>true</executable>
         <run_address>0x53cc</run_address>
         <size>0x1c</size>
         <alignment>0x4</alignment>
         <input_file_ref idref="fl-1"/>
      </object_component>
      <object_component id="oc-230">
         <name>.text.DL_GPIO_enableInterrupt</name>
         <load_address>0x53e8</load_address>
         <readonly>true</readonly>
         <executable>true</executable>
         <run_address>0x53e8</run_address>
         <size>0x1c</size>
         <alignment>0x4</alignment>
         <input_file_ref idref="fl-1"/>
[...]
         <name>DL_I2C_setClockConfig</name>
         <value>0x5287</value>
         <object_component_ref idref="oc-250"/>
      </symbol>
      <symbol id="sm-349">
         <name>DL_I2C_fillControllerTXFIFO</name>
         <value>0x42a5</value>
         <object_component_ref idref="oc-2a6"/>
      </symbol>
      <symbol id="sm-34a">
         <name>DL_I2C_flushControllerTXFIFO</name>
         <value>0x4c5d</value>
         <object_component_ref idref="oc-29a"/>
      </symbol>
      <symbol id="sm-366">
         <name>DL_Timer_setClockConfig</name>
         <value>0x54c9</value>
         <object_component_ref idref="oc-23f"/>
      </symbol>
      <symbol id="sm-367">
         <name>DL_Timer_initTimerMode</name>
         <value>0x3409</value>
         <object_component_ref idref="oc-248"/>
      </symbol>
      <symbol id="sm-368">
         <name>DL_Timer_setCaptureCompareValue</name>
         <value>0x5a5d</value>
         <object_component_ref idref="oc-1ab"/>
      </symbol>
      <symbol id="sm-369">
         <name>DL_Timer_setCaptCompUpdateMethod</name>
         <value>0x54ad</value>
         <object_component_ref idref="oc-243"/>
      </symbol>
      <symbol id="sm-36a">
         <name>DL_Timer_setCaptureCompareOutCtl</name>
         <value>0x575d</value>
         <object_component_ref idref="oc-242"/>
      </symbol>
      <symbol id="sm-36b">
         <name>DL_Timer_initFourCCPWMMode</name>
         <value>0x3205</value>
         <object_component_ref idref="oc-240"/>
      </symbol>
      <symbol id="sm-378">
         <name>DL_UART_init</name>
         <value>0x4845</value>
         <object_component_ref idref="oc-266"/>
      </symbol>
      <symbol id="sm-379">
         <name>DL_UART_setClockConfig</name>
         <value>0x5a17</value>
         <object_component_ref idref="oc-260"/>
      </symbol>
      <symbol id="sm-387">
         <name>DL_SYSCTL_configSYSPLL</name>
         <value>0x35d5</value>
         <object_component_ref idref="oc-236"/>
      </symbol>
      <symbol id="sm-388">
         <name>DL_SYSCTL_switchMCLKfromSYSOSCtoHSCLK</name>
         <value>0x491d</value>
         <object_component_ref idref="oc-23d"/>
      </symbol>
      <symbol id="sm-399">
         <name>snprintf</name>
         <value>0x47ad</value>
         <object_component_ref idref="oc-1d5"/>
      </symbol>
      <symbol id="sm-3b3">
         <name>asin</name>
         <value>0xa91</value>
         <object_component_ref idref="oc-ca"/>
      </symbol>
      <symbol id="sm-3b4">
         <name>asinl</name>
         <value>0xa91</value>
         <object_component_ref idref="oc-ca"/>
      </symbol>
      <symbol id="sm-3c2">
         <name>atan2</name>
         <value>0x26b9</value>
         <object_component_ref idref="oc-d8"/>
      </symbol>
      <symbol id="sm-3c3">
         <name>atan2l</name>
         <value>0x26b9</value>
         <object_component_ref idref="oc-d8"/>
      </symbol>
      <symbol id="sm-3cf">
         <name>fmod</name>
         <value>0x17cd</value>
         <object_component_ref idref="oc-dc"/>
      </symbol>
      <symbol id="sm-3d0">
         <name>fmodl</name>
         <value>0x17cd</value>
         <object_component_ref idref="oc-dc"/>
      </symbol>
      <symbol id="sm-3da">
         <name>sqrt</name>
         <value>0x2841</value>
         <object_component_ref idref="oc-16d"/>
      </symbol>
      <symbol id="sm-3db">
         <name>sqrtl</name>
         <value>0x2841</value>
         <object_component_ref idref="oc-16d"/>
      </symbol>
      <symbol id="sm-3f2">
         <name>atan</name>
         <value>0xdf5</value>
         <object_component_ref idref="oc-17c"/>
      </symbol>
      <symbol id="sm-3f3">
         <name>atanl</name>
         <value>0xdf5</value>
         <object_component_ref idref="oc-17c"/>
      </symbol>
      <symbol id="sm-3fe">
         <name>__aeabi_errno_addr</name>
         <value>0x5b45</value>
         <object_component_ref idref="oc-15e"/>
      </symbol>
      <symbol id="sm-3ff">
         <name>__aeabi_errno</name>
         <value>0x20200334</value>
         <object_component_ref idref="oc-204"/>
      </symbol>
      <symbol id="sm-40c">
         <name>strlen</name>
         <value>0x5aa9</value>
         <object_component_ref idref="oc-1db"/>
      </symbol>
      <symbol id="sm-417">
         <name>_c_int00_noargs</name>
         <value>0x5239</value>
         <object_component_ref idref="oc-6d"/>
      </symbol>
      <symbol id="sm-418">
         <name>__stack</name>
         <value>0x20207e00</value>
         <object_component_ref idref="oc-1a"/>
      </symbol>
      <symbol id="sm-427">
         <name>__TI_auto_init_nobinit_nopinit</name>
         <value>0x4dc5</value>
         <object_component_ref idref="oc-138"/>
      </symbol>
      <symbol id="sm-42f">
         <name>_system_pre_init</name>
         <value>0x5bed</value>
         <object_component_ref idref="oc-9b"/>
      </symbol>
      <symbol id="sm-43a">
         <name>__TI_zero_init_nomemset</name>
         <value>0x58eb</value>
         <object_component_ref idref="oc-64"/>
      </symbol>
      <symbol id="sm-443">
         <name>__TI_decompress_none</name>
         <value>0x5a3b</value>
         <object_component_ref idref="oc-20"/>
      </symbol>
      <symbol id="sm-44e">
         <name>__TI_decompress_lzss</name>
         <value>0x3e7d</value>
         <object_component_ref idref="oc-1c"/>
      </symbol>
      <symbol id="sm-497">
         <name>__TI_printfi</name>
         <value>0xc1</value>
         <object_component_ref idref="oc-2bd"/>
      </symbol>
      <symbol id="sm-4a6">
         <name>frexp</name>
         <value>0x4305</value>
         <object_component_ref idref="oc-2fd"/>
      </symbol>
      <symbol id="sm-4a7">
         <name>frexpl</name>
         <value>0x4305</value>
         <object_component_ref idref="oc-2fd"/>
      </symbol>
      <symbol id="sm-4b1">
         <name>scalbn</name>
         <value>0x36b1</value>
         <object_component_ref idref="oc-301"/>
      </symbol>
      <symbol id="sm-4b2">
         <name>ldexp</name>
         <value>0x36b1</value>
         <object_component_ref idref="oc-301"/>
      </symbol>
      <symbol id="sm-4b3">
         <name>scalbnl</name>
         <value>0x36b1</value>
         <object_component_ref idref="oc-301"/>
      </symbol>
      <symbol id="sm-4b4">
         <name>ldexpl</name>
         <value>0x36b1</value>
         <object_component_ref idref="oc-301"/>
      </symbol>
      <symbol id="sm-4bd">
         <name>wcslen</name>
         <value>0x5a7d</value>
         <object_component_ref idref="oc-2d5"/>
      </symbol>
      <symbol id="sm-4c7">
         <name>abort</name>
         <value>0x5b73</value>
         <object_component_ref idref="oc-131"/>
      </symbol>
      <symbol id="sm-4d1">
         <name>__TI_ltoa</name>
         <value>0x446d</value>
         <object_component_ref idref="oc-309"/>
      </symbol>
      <symbol id="sm-4dc">
         <name>atoi</name>
         <value>0x4b65</value>
         <object_component_ref idref="oc-2d1"/>
      </symbol>
      <symbol id="sm-4e5">
         <name>memccpy</name>
         <value>0x52f5</value>
         <object_component_ref idref="oc-2ca"/>
      </symbol>
      <symbol id="sm-4e8">
         <name>__aeabi_ctype_table_</name>
         <value>0x5bf0</value>
         <object_component_ref idref="oc-2f0"/>
      </symbol>
      <symbol id="sm-4e9">
         <name>__aeabi_ctype_table_C</name>
         <value>0x5bf0</value>
         <object_component_ref idref="oc-2f0"/>
      </symbol>
      <symbol id="sm-4f2">
         <name>HOSTexit</name>
         <value>0x5b95</value>
         <object_component_ref idref="oc-1e6"/>
      </symbol>
      <symbol id="sm-4f3">
         <name>C$$EXIT</name>
         <value>0x5b94</value>
         <object_component_ref idref="oc-1e6"/>
      </symbol>
      <symbol id="sm-508">
         <name>__aeabi_fadd</name>
         <value>0x3793</value>
         <object_component_ref idref="oc-c2"/>
      </symbol>
      <symbol id="sm-509">
         <name>__addsf3</name>
         <value>0x3793</value>
         <object_component_ref idref="oc-c2"/>
      </symbol>
      <symbol id="sm-50a">
         <name>__aeabi_fsub</name>
         <value>0x3789</value>
         <object_component_ref idref="oc-c2"/>
      </symbol>
      <symbol id="sm-50b">
         <name>__subsf3</name>
         <value>0x3789</value>
         <object_component_ref idref="oc-c2"/>
      </symbol>
      <symbol id="sm-511">
         <name>__aeabi_dadd</name>
         <value>0x252f</value>
         <object_component_ref idref="oc-163"/>
      </symbol>
      <symbol id="sm-512">
         <name>__adddf3</name>
         <value>0x252f</value>
         <object_component_ref idref="oc-163"/>
      </symbol>
      <symbol id="sm-513">
         <name>__aeabi_dsub</name>
         <value>0x2525</value>
         <object_component_ref idref="oc-163"/>
      </symbol>
      <symbol id="sm-514">
         <name>__subdf3</name>
         <value>0x2525</value>
         <object_component_ref idref="oc-163"/>
      </symbol>
      <symbol id="sm-520">
         <name>__aeabi_dmul</name>
         <value>0x34f1</value>
         <object_component_ref idref="oc-d0"/>
      </symbol>
      <symbol id="sm-521">
         <name>__muldf3</name>
         <value>0x34f1</value>
         <object_component_ref idref="oc-d0"/>
      </symbol>
      <symbol id="sm-52a">
         <name>__muldsi3</name>
         <value>0x4e3d</value>
         <object_component_ref idref="oc-157"/>
      </symbol>
      <symbol id="sm-530">
         <name>__aeabi_fmul</name>
         <value>0x3be1</value>
         <object_component_ref idref="oc-be"/>
      </symbol>
      <symbol id="sm-531">
         <name>__mulsf3</name>
         <value>0x3be1</value>
         <object_component_ref idref="oc-be"/>
      </symbol>
      <symbol id="sm-537">
         <name>__aeabi_fdiv</name>
         <value>0x3d7d</value>
         <object_component_ref idref="oc-ba"/>
      </symbol>
      <symbol id="sm-538">
         <name>__divsf3</name>
         <value>0x3d7d</value>
         <object_component_ref idref="oc-ba"/>
      </symbol>
      <symbol id="sm-53e">
         <name>__aeabi_ddiv</name>
         <value>0x2ff1</value>
         <object_component_ref idref="oc-174"/>
      </symbol>
      <symbol id="sm-53f">
         <name>__divdf3</name>
         <value>0x2ff1</value>
         <object_component_ref idref="oc-174"/>
      </symbol>
      <symbol id="sm-548">
         <name>__aeabi_f2d</name>
         <value>0x4b25</value>
         <object_component_ref idref="oc-c6"/>
      </symbol>
      <symbol id="sm-549">
         <name>__extendsfdf2</name>
         <value>0x4b25</value>
         <object_component_ref idref="oc-c6"/>
      </symbol>
      <symbol id="sm-54f">
         <name>__aeabi_d2iz</name>
         <value>0x47f9</value>
         <object_component_ref idref="oc-305"/>
      </symbol>
      <symbol id="sm-550">
         <name>__fixdfsi</name>
         <value>0x47f9</value>
         <object_component_ref idref="oc-305"/>
      </symbol>
      <symbol id="sm-556">
         <name>__aeabi_d2uiz</name>
         <value>0x4961</value>
         <object_component_ref idref="oc-1a7"/>
      </symbol>
      <symbol id="sm-557">
         <name>__fixunsdfsi</name>
         <value>0x4961</value>
         <object_component_ref idref="oc-1a7"/>
      </symbol>
      <symbol id="sm-55d">
         <name>__aeabi_i2d</name>
         <value>0x509d</value>
         <object_component_ref idref="oc-1cc"/>
      </symbol>
      <symbol id="sm-55e">
         <name>__floatsidf</name>
         <value>0x509d</value>
         <object_component_ref idref="oc-1cc"/>
      </symbol>
      <symbol id="sm-564">
         <name>__aeabi_i2f</name>
         <value>0x4d4d</value>
         <object_component_ref idref="oc-b6"/>
      </symbol>
      <symbol id="sm-565">
         <name>__floatsisf</name>
         <value>0x4d4d</value>
         <object_component_ref idref="oc-b6"/>
      </symbol>
      <symbol id="sm-56b">
         <name>__aeabi_ui2d</name>
         <value>0x52ad</value>
         <object_component_ref idref="oc-1a3"/>
      </symbol>
      <symbol id="sm-56c">
         <name>__floatunsidf</name>
         <value>0x52ad</value>
         <object_component_ref idref="oc-1a3"/>
      </symbol>
      <symbol id="sm-572">
         <name>__aeabi_lmul</name>
         <value>0x52d1</value>
         <object_component_ref idref="oc-2d9"/>
      </symbol>
      <symbol id="sm-573">
         <name>__muldi3</name>
         <value>0x52d1</value>
         <object_component_ref idref="oc-2d9"/>
      </symbol>
      <symbol id="sm-57a">
         <name>__aeabi_d2f</name>
         <value>0x3f71</value>
         <object_component_ref idref="oc-d4"/>
      </symbol>
      <symbol id="sm-57b">
         <name>__truncdfsf2</name>
         <value>0x3f71</value>
         <object_component_ref idref="oc-d4"/>
      </symbol>
      <symbol id="sm-581">
         <name>__aeabi_dcmpeq</name>
         <value>0x417d</value>
         <object_component_ref idref="oc-167"/>
      </symbol>
      <symbol id="sm-582">
         <name>__aeabi_dcmplt</name>
         <value>0x4191</value>
         <object_component_ref idref="oc-167"/>
      </symbol>
      <symbol id="sm-583">
         <name>__aeabi_dcmple</name>
         <value>0x41a5</value>
         <object_component_ref idref="oc-167"/>
      </symbol>
      <symbol id="sm-584">
         <name>__aeabi_dcmpge</name>
         <value>0x41b9</value>
         <object_component_ref idref="oc-167"/>
      </symbol>
      <symbol id="sm-585">
         <name>__aeabi_dcmpgt</name>
         <value>0x41cd</value>
         <object_component_ref idref="oc-167"/>
      </symbol>
      <symbol id="sm-58b">
         <name>__aeabi_fcmpeq</name>
         <value>0x41e1</value>
         <object_component_ref idref="oc-11d"/>
      </symbol>
      <symbol id="sm-58c">
         <name>__aeabi_fcmplt</name>
         <value>0x41f5</value>
         <object_component_ref idref="oc-11d"/>
      </symbol>
      <symbol id="sm-58d">
         <name>__aeabi_fcmple</name>
         <value>0x4209</value>
         <object_component_ref idref="oc-11d"/>
      </symbol>
      <symbol id="sm-58e">
         <name>__aeabi_fcmpge</name>
         <value>0x421d</value>
         <object_component_ref idref="oc-11d"/>
      </symbol>
      <symbol id="sm-58f">
         <name>__aeabi_fcmpgt</name>
         <value>0x4231</value>
         <object_component_ref idref="oc-11d"/>
      </symbol>
      <symbol id="sm-595">
         <name>__aeabi_idiv</name>
         <value>0x451d</value>
         <object_component_ref idref="oc-321"/>
      </symbol>
      <symbol id="sm-596">
         <name>__aeabi_idivmod</name>
         <value>0x451d</value>
         <object_component_ref idref="oc-321"/>
      </symbol>
      <symbol id="sm-59c">
         <name>__aeabi_memcpy</name>
         <value>0x5b4d</value>
         <object_component_ref idref="oc-5d"/>
      </symbol>
      <symbol id="sm-59d">
         <name>__aeabi_memcpy4</name>
         <value>0x5b4d</value>
         <object_component_ref idref="oc-5d"/>
      </symbol>
      <symbol id="sm-59e">
         <name>__aeabi_memcpy8</name>
         <value>0x5b4d</value>
         <object_component_ref idref="oc-5d"/>
      </symbol>
      <symbol id="sm-5a5">
         <name>__aeabi_memset</name>
         <value>0x5a8d</value>
         <object_component_ref idref="oc-2c9"/>
      </symbol>
      <symbol id="sm-5a6">
         <name>__aeabi_memset4</name>
         <value>0x5a8d</value>
         <object_component_ref idref="oc-2c9"/>
      </symbol>
      <symbol id="sm-5a7">
         <name>__aeabi_memset8</name>
         <value>0x5a8d</value>
         <object_component_ref idref="oc-2c9"/>
      </symbol>
      <symbol id="sm-5ad">
         <name>__aeabi_uidiv</name>
         <value>0x4ae5</value>
         <object_component_ref idref="oc-1fb"/>
      </symbol>
      <symbol id="sm-5ae">
         <name>__aeabi_uidivmod</name>
         <value>0x4ae5</value>
         <object_component_ref idref="oc-1fb"/>
      </symbol>
      <symbol id="sm-5b4">
         <name>__aeabi_uldivmod</name>
         <value>0x59dd</value>
         <object_component_ref idref="oc-2de"/>
      </symbol>
      <symbol id="sm-5bd">
         <name>__eqsf2</name>
         <value>0x4e01</value>
         <object_component_ref idref="oc-1c0"/>
      </symbol>
      <symbol id="sm-5be">
         <name>__lesf2</name>
         <value>0x4e01</value>
         <object_component_ref idref="oc-1c0"/>
      </symbol>
      <symbol id="sm-5bf">
         <name>__ltsf2</name>
         <value>0x4e01</value>
         <object_component_ref idref="oc-1c0"/>
      </symbol>
      <symbol id="sm-5c0">
         <name>__nesf2</name>
         <value>0x4e01</value>
         <object_component_ref idref="oc-1c0"/>
      </symbol>
      <symbol id="sm-5c1">
         <name>__cmpsf2</name>
         <value>0x4e01</value>
         <object_component_ref idref="oc-1c0"/>
      </symbol>
      <symbol id="sm-5c2">
         <name>__gtsf2</name>
         <value>0x4d89</value>
         <object_component_ref idref="oc-1c5"/>
      </symbol>
      <symbol id="sm-5c3">
         <name>__gesf2</name>
         <value>0x4d89</value>
         <object_component_ref idref="oc-1c5"/>
      </symbol>
      <symbol id="sm-5c9">
         <name>__udivmoddi4</name>
         <value>0x3aa9</value>
         <object_component_ref idref="oc-2f8"/>
      </symbol>
      <symbol id="sm-5cf">
         <name>__aeabi_llsl</name>
         <value>0x5359</value>
         <object_component_ref idref="oc-315"/>
      </symbol>
      <symbol id="sm-5d0">
         <name>__ashldi3</name>
         <value>0x5359</value>
         <object_component_ref idref="oc-315"/>
      </symbol>
      <symbol id="sm-5de">
         <name>__ledf2</name>
         <value>0x3fe5</value>
         <object_component_ref idref="oc-209"/>
      </symbol>
      <symbol id="sm-5df">
         <name>__gedf2</name>
         <value>0x3ef9</value>
         <object_component_ref idref="oc-20f"/>
      </symbol>
      <symbol id="sm-5e0">
         <name>__cmpdf2</name>
         <value>0x3fe5</value>
         <object_component_ref idref="oc-209"/>
      </symbol>
      <symbol id="sm-5e1">
         <name>__eqdf2</name>
         <value>0x3fe5</value>
         <object_component_ref idref="oc-209"/>
      </symbol>
      <symbol id="sm-5e2">
         <name>__ltdf2</name>
         <value>0x3fe5</value>
         <object_component_ref idref="oc-209"/>
      </symbol>
      <symbol id="sm-5e3">
         <name>__nedf2</name>
         <value>0x3fe5</value>
         <object_component_ref idref="oc-209"/>
      </symbol>
      <symbol id="sm-5e4">
         <name>__gtdf2</name>
         <value>0x3ef9</value>
         <object_component_ref idref="oc-20f"/>
      </symbol>
      <symbol id="sm-5f1">
         <name>__aeabi_idiv0</name>
         <value>0x26b7</value>
         <object_component_ref idref="oc-29d"/>
      </symbol>
      <symbol id="sm-5f2">
         <name>__aeabi_ldiv0</name>
         <value>0x3b4b</value>
         <object_component_ref idref="oc-314"/>
      </symbol>
      <symbol id="sm-5fc">
         <name>TI_memcpy_small</name>
         <value>0x5a29</value>
         <object_component_ref idref="oc-f5"/>
      </symbol>
      <symbol id="sm-605">
         <name>TI_memset_small</name>
         <value>0x5ab7</value>
         <object_component_ref idref="oc-18a"/>
      </symbol>
      <symbol id="sm-606">
         <name>__TI_static_base__</name>
         <value>0x0</value>
      </symbol>
      <symbol id="sm-60a">
         <name>__mpu_init</name>
         <value>0x0</value>
      </symbol>
      <symbol id="sm-60b">
         <name>_system_post_cinit</name>
         <value>0x0</value>
      </symbol>
   </symbol_table>
   <title>Link successful</title>
</link_info>
